223.223.131.253 - - [11/Jan/2016:20:06:36 +0000] "GET /api/category HTTP/1.1" 304 - "http://localhost:63342/precisedelivery/" "Mozilla/5.0 (Windows NT 6.3; WOW64; rv:43.0) Gecko/20100101 Firefox/43.0"
223.223.131.253 - - [11/Jan/2016:20:06:41 +0000] "GET /api/doctor/getdoctorsbyrouteid/56862dd3293a883c43baa86a HTTP/1.1" 304 - "http://localhost:63342/precisedelivery/" "Mozilla/5.0 (Windows NT 6.3; WOW64; rv:43.0) Gecko/20100101 Firefox/43.0"
223.223.131.253 - - [11/Jan/2016:20:06:42 +0000] "GET /api/doctor/getdoctorsbyrouteid/5688f60bf9403e085b23f031 HTTP/1.1" 304 - "http://localhost:63342/precisedelivery/" "Mozilla/5.0 (Windows NT 6.3; WOW64; rv:43.0) Gecko/20100101 Firefox/43.0"
223.223.131.253 - - [11/Jan/2016:20:08:25 +0000] "POST /api/user/login HTTP/1.1" 200 519 "http://52.77.226.195/precisedelivery/" "Mozilla/5.0 (Windows NT 6.3; WOW64; rv:43.0) Gecko/20100101 Firefox/43.0"
223.223.131.253 - - [11/Jan/2016:20:08:40 +0000] "GET /api/category HTTP/1.1" 304 - "http://52.77.226.195/precisedelivery/" "Mozilla/5.0 (Windows NT 6.3; WOW64; rv:43.0) Gecko/20100101 Firefox/43.0"
223.223.131.253 - - [11/Jan/2016:20:08:49 +0000] "GET /api/doctor/getdoctorsbyrouteid/56862dd3293a883c43baa86a HTTP/1.1" 304 - "http://52.77.226.195/precisedelivery/" "Mozilla/5.0 (Windows NT 6.3; WOW64; rv:43.0) Gecko/20100101 Firefox/43.0"
223.223.131.253 - - [11/Jan/2016:20:08:50 +0000] "GET /api/doctor/getdoctorsbyrouteid/5688f60bf9403e085b23f031 HTTP/1.1" 304 - "http://52.77.226.195/precisedelivery/" "Mozilla/5.0 (Windows NT 6.3; WOW64; rv:43.0) Gecko/20100101 Firefox/43.0"
223.223.131.253 - - [11/Jan/2016:20:09:02 +0000] "GET /api/doctor/getdoctorsbyrouteid/56862dd3293a883c43baa86a HTTP/1.1" 304 - "http://52.77.226.195/precisedelivery/" "Mozilla/5.0 (Windows NT 6.3; WOW64; rv:43.0) Gecko/20100101 Firefox/43.0"
223.223.131.253 - - [11/Jan/2016:20:09:03 +0000] "GET /api/doctor/getdoctorsbyrouteid/5688f60bf9403e085b23f031 HTTP/1.1" 304 - "http://52.77.226.195/precisedelivery/" "Mozilla/5.0 (Windows NT 6.3; WOW64; rv:43.0) Gecko/20100101 Firefox/43.0"
198.55.103.19 - - [12/Jan/2016:00:20:39 +0000] "GET /manager/html HTTP/1.1" 404 92 "-" "Mozilla/5.0 (compatible; MSIE 10.0; Windows NT 6.2; WOW64; Trident/6.0)"
198.55.103.208 - - [12/Jan/2016:02:48:20 +0000] "GET /manager/html HTTP/1.1" 404 92 "-" "Mozilla/5.0 (compatible; MSIE 10.0; Windows NT 6.2; WOW64; Trident/6.0)"
202.109.143.18 - - [12/Jan/2016:05:28:05 +0000] "GET /manager/html HTTP/1.1" 404 92 "-" "Mozilla/3.0 (compatible; Indy Library)"
104.219.238.10 - - [12/Jan/2016:05:40:53 +0000] "GET / HTTP/1.0" 404 92 "-" "-"
202.109.143.18 - - [12/Jan/2016:06:07:20 +0000] "GET /manager/html HTTP/1.1" 404 92 "-" "Mozilla/3.0 (compatible; Indy Library)"
202.109.143.18 - - [12/Jan/2016:09:55:46 +0000] "GET /manager/html HTTP/1.1" 404 92 "-" "Mozilla/3.0 (compatible; Indy Library)"
91.218.246.103 - - [12/Jan/2016:10:12:15 +0000] "GET / HTTP/1.0" 404 92 "-" "-"
202.109.143.18 - - [12/Jan/2016:11:42:43 +0000] "GET /manager/html HTTP/1.1" 404 92 "-" "Mozilla/3.0 (compatible; Indy Library)"
202.109.143.18 - - [12/Jan/2016:13:04:51 +0000] "GET /manager/html HTTP/1.1" 404 92 "-" "Mozilla/3.0 (compatible; Indy Library)"
111.74.239.61 - - [12/Jan/2016:13:21:04 +0000] "GET /manager/html HTTP/1.1" 404 92 "-" "Mozilla/5.0 (compatible; MSIE 10.0; Windows NT 6.2; WOW64; Trident/6.0)"
222.186.21.195 - - [12/Jan/2016:14:27:45 +0000] "GET /manager/html HTTP/1.1" 404 92 "-" "Mozilla/5.0 (compatible; MSIE 10.0; Windows NT 6.2; WOW64; Trident/6.0)"
116.193.138.217 - - [12/Jan/2016:16:12:15 +0000] "GET /api/category HTTP/1.1" 200 105 "http://52.77.226.195/precisedelivery/" "Mozilla/5.0 (Windows NT 5.1; rv:43.0) Gecko/20100101 Firefox/43.0"
116.193.138.217 - - [12/Jan/2016:16:12:23 +0000] "POST /api/user/login HTTP/1.1" 200 519 "http://52.77.226.195/precisedelivery/" "Mozilla/5.0 (Windows NT 5.1; rv:43.0) Gecko/20100101 Firefox/43.0"
116.193.138.217 - - [12/Jan/2016:16:13:30 +0000] "GET /api/category HTTP/1.1" 200 358 "http://52.77.226.195/precisedelivery/" "Mozilla/5.0 (Windows NT 5.1; rv:43.0) Gecko/20100101 Firefox/43.0"
116.193.138.217 - - [12/Jan/2016:16:13:41 +0000] "GET /api/doctor/getdoctorsbyrouteid/56862dd3293a883c43baa86a HTTP/1.1" 304 - "http://52.77.226.195/precisedelivery/" "Mozilla/5.0 (Windows NT 5.1; rv:43.0) Gecko/20100101 Firefox/43.0"
116.193.138.217 - - [12/Jan/2016:16:13:44 +0000] "GET /api/doctor/getdoctorsbyrouteid/5688f60bf9403e085b23f031 HTTP/1.1" 200 87 "http://52.77.226.195/precisedelivery/" "Mozilla/5.0 (Windows NT 5.1; rv:43.0) Gecko/20100101 Firefox/43.0"
116.193.138.217 - - [12/Jan/2016:16:13:56 +0000] "GET /api/category HTTP/1.1" 304 - "http://52.77.226.195/precisedelivery/" "Mozilla/5.0 (Windows NT 5.1; rv:43.0) Gecko/20100101 Firefox/43.0"
116.193.138.217 - - [12/Jan/2016:16:14:08 +0000] "GET /api/doctor/getdoctorsbyrouteid/56862e7e293a883c43baa86b HTTP/1.1" 304 - "http://52.77.226.195/precisedelivery/" "Mozilla/5.0 (Windows NT 5.1; rv:43.0) Gecko/20100101 Firefox/43.0"
116.193.138.217 - - [12/Jan/2016:16:14:13 +0000] "GET /api/doctor/getdoctorsbyrouteid/56862dd3293a883c43baa86a HTTP/1.1" 304 - "http://52.77.226.195/precisedelivery/" "Mozilla/5.0 (Windows NT 5.1; rv:43.0) Gecko/20100101 Firefox/43.0"
116.193.138.217 - - [12/Jan/2016:16:14:15 +0000] "GET /api/doctor/getdoctorsbyrouteid/5688f60bf9403e085b23f031 HTTP/1.1" 304 - "http://52.77.226.195/precisedelivery/" "Mozilla/5.0 (Windows NT 5.1; rv:43.0) Gecko/20100101 Firefox/43.0"
185.25.151.159 - - [12/Jan/2016:16:21:35 +0000] "GET http://testp4.pospr.waw.pl/testproxy.php HTTP/1.1" 404 92 "-" "Mozilla/5.0 (Windows NT 5.1; rv:32.0) Gecko/20100101 Firefox/31.0"
104.219.238.10 - - [12/Jan/2016:16:34:51 +0000] "GET / HTTP/1.0" 404 92 "-" "-"
116.193.138.217 - - [12/Jan/2016:16:35:19 +0000] "GET /api/category HTTP/1.1" 304 - "http://52.77.226.195/precisedelivery/" "Mozilla/5.0 (Windows NT 5.1; rv:43.0) Gecko/20100101 Firefox/43.0"
223.223.130.112 - - [12/Jan/2016:18:34:21 +0000] "POST /api/user/login HTTP/1.1" 200 519 "http://localhost:63342/precisedelivery/" "Mozilla/5.0 (Windows NT 6.3; WOW64; rv:43.0) Gecko/20100101 Firefox/43.0"
223.223.130.112 - - [12/Jan/2016:18:34:30 +0000] "GET /api/category HTTP/1.1" 304 - "http://localhost:63342/precisedelivery/" "Mozilla/5.0 (Windows NT 6.3; WOW64; rv:43.0) Gecko/20100101 Firefox/43.0"
104.219.238.10 - - [12/Jan/2016:19:56:30 +0000] "GET / HTTP/1.0" 404 92 "-" "-"
202.109.143.18 - - [13/Jan/2016:04:07:36 +0000] "GET /manager/html HTTP/1.1" 404 92 "-" "Mozilla/3.0 (compatible; Indy Library)"
202.109.143.18 - - [13/Jan/2016:04:39:52 +0000] "GET /manager/html HTTP/1.1" 404 92 "-" "Mozilla/3.0 (compatible; Indy Library)"
82.118.236.29 - - [13/Jan/2016:05:05:01 +0000] "GET / HTTP/1.1" 404 92 "-" "Mozilla/5.0 (Windows NT 5.1; rv:9.0.1) Gecko/20100101 Firefox/9.0.1"
91.236.75.4 - - [13/Jan/2016:06:14:55 +0000] "GET http://www.google.com/reader/about/ HTTP/1.1" 404 92 "-" "Mozilla/4.0 (compatible; MSIE 6.0; Windows NT 5.1)"
202.109.143.18 - - [13/Jan/2016:10:18:04 +0000] "GET /manager/html HTTP/1.1" 404 92 "-" "Mozilla/3.0 (compatible; Indy Library)"
202.109.143.18 - - [13/Jan/2016:11:18:05 +0000] "GET /manager/html HTTP/1.1" 404 92 "-" "Mozilla/3.0 (compatible; Indy Library)"
182.18.42.147 - - [13/Jan/2016:12:21:26 +0000] "GET /manager/html HTTP/1.1" 404 92 "-" "Mozilla/5.0 (compatible; MSIE 10.0; Windows NT 6.2; WOW64; Trident/6.0)"
202.109.143.18 - - [13/Jan/2016:13:37:20 +0000] "GET /manager/html HTTP/1.1" 404 92 "-" "Mozilla/3.0 (compatible; Indy Library)"
202.109.143.18 - - [13/Jan/2016:14:10:25 +0000] "GET /manager/html HTTP/1.1" 404 92 "-" "Mozilla/3.0 (compatible; Indy Library)"
203.171.246.227 - - [13/Jan/2016:15:18:12 +0000] "GET /api/category HTTP/1.1" 200 105 "http://52.77.226.195/precisedelivery/" "Mozilla/5.0 (Windows NT 5.1; rv:43.0) Gecko/20100101 Firefox/43.0"
203.171.246.227 - - [13/Jan/2016:15:24:10 +0000] "POST /api/user/login HTTP/1.1" 200 519 "http://52.77.226.195/precisedelivery/" "Mozilla/5.0 (Windows NT 5.1; rv:43.0) Gecko/20100101 Firefox/43.0"
203.171.246.227 - - [13/Jan/2016:15:31:26 +0000] "GET /api/category HTTP/1.1" 200 358 "http://52.77.226.195/precisedelivery/" "Mozilla/5.0 (Windows NT 5.1; rv:43.0) Gecko/20100101 Firefox/43.0"
203.171.246.227 - - [13/Jan/2016:15:40:39 +0000] "GET /api/category HTTP/1.1" 304 - "http://52.77.226.195/precisedelivery/" "Mozilla/5.0 (Windows NT 5.1; rv:43.0) Gecko/20100101 Firefox/43.0"
203.171.246.227 - - [13/Jan/2016:15:44:18 +0000] "GET /api/category HTTP/1.1" 304 - "http://52.77.226.195/precisedelivery/" "Mozilla/5.0 (Windows NT 5.1; rv:43.0) Gecko/20100101 Firefox/43.0"
203.171.246.227 - - [13/Jan/2016:15:47:21 +0000] "GET /api/category HTTP/1.1" 304 - "http://52.77.226.195/precisedelivery/" "Mozilla/5.0 (Windows NT 5.1; rv:43.0) Gecko/20100101 Firefox/43.0"
203.171.246.227 - - [13/Jan/2016:15:48:51 +0000] "GET /api/category HTTP/1.1" 304 - "http://52.77.226.195/precisedelivery/" "Mozilla/5.0 (Windows NT 5.1; rv:43.0) Gecko/20100101 Firefox/43.0"
203.171.246.227 - - [13/Jan/2016:15:52:59 +0000] "GET /api/category HTTP/1.1" 304 - "http://52.77.226.195/precisedelivery/" "Mozilla/5.0 (Windows NT 5.1; rv:43.0) Gecko/20100101 Firefox/43.0"
203.171.246.227 - - [13/Jan/2016:15:53:41 +0000] "GET /api/category HTTP/1.1" 304 - "http://52.77.226.195/precisedelivery/" "Mozilla/5.0 (Windows NT 5.1; rv:43.0) Gecko/20100101 Firefox/43.0"
203.171.246.227 - - [13/Jan/2016:15:55:59 +0000] "GET /api/category HTTP/1.1" 304 - "http://52.77.226.195/precisedelivery/" "Mozilla/5.0 (Windows NT 5.1; rv:43.0) Gecko/20100101 Firefox/43.0"
203.171.246.227 - - [13/Jan/2016:15:56:26 +0000] "GET /api/category HTTP/1.1" 304 - "http://52.77.226.195/precisedelivery/" "Mozilla/5.0 (Windows NT 5.1; rv:43.0) Gecko/20100101 Firefox/43.0"
203.171.246.227 - - [13/Jan/2016:15:56:59 +0000] "GET /api/category HTTP/1.1" 304 - "http://52.77.226.195/precisedelivery/" "Mozilla/5.0 (Windows NT 5.1; rv:43.0) Gecko/20100101 Firefox/43.0"
203.171.246.227 - - [13/Jan/2016:15:57:30 +0000] "GET /api/category HTTP/1.1" 304 - "http://52.77.226.195/precisedelivery/" "Mozilla/5.0 (Windows NT 5.1; rv:43.0) Gecko/20100101 Firefox/43.0"
203.171.246.227 - - [13/Jan/2016:15:58:23 +0000] "GET /api/category HTTP/1.1" 304 - "http://52.77.226.195/precisedelivery/" "Mozilla/5.0 (Windows NT 5.1; rv:43.0) Gecko/20100101 Firefox/43.0"
203.171.246.227 - - [13/Jan/2016:15:59:42 +0000] "GET /api/category HTTP/1.1" 304 - "http://52.77.226.195/precisedelivery/" "Mozilla/5.0 (Windows NT 5.1; rv:43.0) Gecko/20100101 Firefox/43.0"
203.171.246.227 - - [13/Jan/2016:15:59:58 +0000] "GET /api/doctor/getdoctorsbyrouteid/56862dd3293a883c43baa86a HTTP/1.1" 304 - "http://52.77.226.195/precisedelivery/" "Mozilla/5.0 (Windows NT 5.1; rv:43.0) Gecko/20100101 Firefox/43.0"
203.171.246.227 - - [13/Jan/2016:16:00:00 +0000] "GET /api/doctor/getdoctorsbyrouteid/5688f60bf9403e085b23f031 HTTP/1.1" 304 - "http://52.77.226.195/precisedelivery/" "Mozilla/5.0 (Windows NT 5.1; rv:43.0) Gecko/20100101 Firefox/43.0"
203.171.246.227 - - [13/Jan/2016:16:01:11 +0000] "GET /api/category HTTP/1.1" 304 - "http://52.77.226.195/precisedelivery/" "Mozilla/5.0 (Windows NT 5.1; rv:43.0) Gecko/20100101 Firefox/43.0"
203.171.246.227 - - [13/Jan/2016:16:13:15 +0000] "GET /api/category HTTP/1.1" 304 - "http://52.77.226.195/precisedelivery/" "Mozilla/5.0 (Windows NT 5.1; rv:43.0) Gecko/20100101 Firefox/43.0"
203.171.246.227 - - [13/Jan/2016:16:14:07 +0000] "GET /api/category HTTP/1.1" 304 - "http://52.77.226.195/precisedelivery/" "Mozilla/5.0 (Windows NT 5.1; rv:43.0) Gecko/20100101 Firefox/43.0"
203.171.246.227 - - [13/Jan/2016:16:18:14 +0000] "GET /api/category HTTP/1.1" 304 - "http://52.77.226.195/precisedelivery/" "Mozilla/5.0 (Windows NT 5.1; rv:43.0) Gecko/20100101 Firefox/43.0"
203.171.246.227 - - [13/Jan/2016:16:19:33 +0000] "GET /api/category HTTP/1.1" 304 - "http://52.77.226.195/precisedelivery/" "Mozilla/5.0 (Windows NT 5.1; rv:43.0) Gecko/20100101 Firefox/43.0"
203.171.246.227 - - [13/Jan/2016:16:27:26 +0000] "GET /api/category HTTP/1.1" 304 - "http://52.77.226.195/precisedelivery/" "Mozilla/5.0 (Windows NT 5.1; rv:43.0) Gecko/20100101 Firefox/43.0"
203.171.246.227 - - [13/Jan/2016:16:28:23 +0000] "GET /api/category HTTP/1.1" 304 - "http://52.77.226.195/precisedelivery/" "Mozilla/5.0 (Windows NT 5.1; rv:43.0) Gecko/20100101 Firefox/43.0"
203.171.246.227 - - [13/Jan/2016:16:29:12 +0000] "GET /api/category HTTP/1.1" 304 - "http://52.77.226.195/precisedelivery/" "Mozilla/5.0 (Windows NT 5.1; rv:43.0) Gecko/20100101 Firefox/43.0"
203.171.246.227 - - [13/Jan/2016:16:30:23 +0000] "GET /api/category HTTP/1.1" 304 - "http://52.77.226.195/precisedelivery/" "Mozilla/5.0 (Windows NT 5.1; rv:43.0) Gecko/20100101 Firefox/43.0"
203.171.246.227 - - [13/Jan/2016:16:32:35 +0000] "GET /api/category HTTP/1.1" 304 - "http://52.77.226.195/precisedelivery/" "Mozilla/5.0 (Windows NT 5.1; rv:43.0) Gecko/20100101 Firefox/43.0"
203.171.246.227 - - [13/Jan/2016:16:35:22 +0000] "GET /api/category HTTP/1.1" 304 - "http://52.77.226.195/precisedelivery/" "Mozilla/5.0 (Windows NT 5.1; rv:43.0) Gecko/20100101 Firefox/43.0"
203.171.246.227 - - [13/Jan/2016:16:38:02 +0000] "GET /api/category HTTP/1.1" 304 - "http://52.77.226.195/precisedelivery/" "Mozilla/5.0 (Windows NT 5.1; rv:43.0) Gecko/20100101 Firefox/43.0"
203.171.246.227 - - [13/Jan/2016:16:41:44 +0000] "GET /api/category HTTP/1.1" 304 - "http://52.77.226.195/precisedelivery/" "Mozilla/5.0 (Windows NT 5.1; rv:43.0) Gecko/20100101 Firefox/43.0"
203.171.246.227 - - [13/Jan/2016:16:42:54 +0000] "GET /api/category HTTP/1.1" 304 - "http://52.77.226.195/precisedelivery/" "Mozilla/5.0 (Windows NT 5.1; rv:43.0) Gecko/20100101 Firefox/43.0"
203.171.246.227 - - [13/Jan/2016:16:57:54 +0000] "GET /api/category HTTP/1.1" 304 - "http://52.77.226.195/precisedelivery/" "Mozilla/5.0 (Windows NT 5.1; rv:43.0) Gecko/20100101 Firefox/43.0"
203.171.246.227 - - [13/Jan/2016:16:59:37 +0000] "GET /api/category HTTP/1.1" 304 - "http://52.77.226.195/precisedelivery/" "Mozilla/5.0 (Windows NT 5.1; rv:43.0) Gecko/20100101 Firefox/43.0"
203.171.246.227 - - [13/Jan/2016:17:00:36 +0000] "GET /api/category HTTP/1.1" 304 - "http://52.77.226.195/precisedelivery/" "Mozilla/5.0 (Windows NT 5.1; rv:43.0) Gecko/20100101 Firefox/43.0"
203.171.246.227 - - [13/Jan/2016:17:02:56 +0000] "GET /api/category HTTP/1.1" 304 - "http://52.77.226.195/precisedelivery/" "Mozilla/5.0 (Windows NT 5.1; rv:43.0) Gecko/20100101 Firefox/43.0"
203.171.246.227 - - [13/Jan/2016:17:04:01 +0000] "GET /api/category HTTP/1.1" 304 - "http://52.77.226.195/precisedelivery/" "Mozilla/5.0 (Windows NT 5.1; rv:43.0) Gecko/20100101 Firefox/43.0"
223.223.130.112 - - [13/Jan/2016:17:08:54 +0000] "POST /api/user/login HTTP/1.1" 200 519 "http://52.77.226.195/precisedelivery/" "Mozilla/5.0 (Windows NT 6.3; WOW64; rv:43.0) Gecko/20100101 Firefox/43.0"
223.223.130.112 - - [13/Jan/2016:17:09:05 +0000] "GET /api/category HTTP/1.1" 200 358 "http://52.77.226.195/precisedelivery/" "Mozilla/5.0 (Windows NT 6.3; WOW64; rv:43.0) Gecko/20100101 Firefox/43.0"
203.171.246.227 - - [13/Jan/2016:17:11:01 +0000] "GET /api/category HTTP/1.1" 304 - "http://52.77.226.195/precisedelivery/" "Mozilla/5.0 (Windows NT 5.1; rv:43.0) Gecko/20100101 Firefox/43.0"
203.171.246.227 - - [13/Jan/2016:17:16:38 +0000] "GET /api/category HTTP/1.1" 304 - "http://52.77.226.195/precisedelivery/" "Mozilla/5.0 (Windows NT 5.1; rv:43.0) Gecko/20100101 Firefox/43.0"
203.171.246.227 - - [13/Jan/2016:17:19:03 +0000] "GET /api/category HTTP/1.1" 304 - "http://52.77.226.195/precisedelivery/" "Mozilla/5.0 (Windows NT 5.1; rv:43.0) Gecko/20100101 Firefox/43.0"
223.223.130.112 - - [13/Jan/2016:17:19:06 +0000] "GET /api/category HTTP/1.1" 304 - "http://52.77.226.195/precisedelivery/" "Mozilla/5.0 (Windows NT 6.3; WOW64; rv:43.0) Gecko/20100101 Firefox/43.0"
203.171.246.227 - - [13/Jan/2016:17:20:17 +0000] "GET /api/delivery HTTP/1.1" 404 92 "http://52.77.226.195/precisedelivery/" "Mozilla/5.0 (Windows NT 5.1; rv:43.0) Gecko/20100101 Firefox/43.0"
203.171.246.227 - - [13/Jan/2016:17:22:25 +0000] "GET /api/delivery HTTP/1.1" 404 92 "http://52.77.226.195/precisedelivery/" "Mozilla/5.0 (Windows NT 5.1; rv:43.0) Gecko/20100101 Firefox/43.0"
203.171.246.227 - - [13/Jan/2016:17:22:58 +0000] "GET /api/delivery HTTP/1.1" 200 87 "http://52.77.226.195/precisedelivery/" "Mozilla/5.0 (Windows NT 5.1; rv:43.0) Gecko/20100101 Firefox/43.0"
203.171.246.227 - - [13/Jan/2016:17:23:39 +0000] "GET /api/delivery HTTP/1.1" 304 - "http://52.77.226.195/precisedelivery/" "Mozilla/5.0 (Windows NT 5.1; rv:43.0) Gecko/20100101 Firefox/43.0"
223.223.130.112 - - [13/Jan/2016:17:24:46 +0000] "GET /api/category HTTP/1.1" 304 - "http://52.77.226.195/precisedelivery/" "Mozilla/5.0 (Windows NT 6.3; WOW64; rv:43.0) Gecko/20100101 Firefox/43.0"
223.223.130.112 - - [13/Jan/2016:17:24:53 +0000] "GET /api/doctor/getdoctorsbyrouteid/56862e7e293a883c43baa86b HTTP/1.1" 200 87 "http://52.77.226.195/precisedelivery/" "Mozilla/5.0 (Windows NT 6.3; WOW64; rv:43.0) Gecko/20100101 Firefox/43.0"
223.223.130.112 - - [13/Jan/2016:17:24:57 +0000] "GET /api/doctor/getdoctorsbyrouteid/56862dd3293a883c43baa86a HTTP/1.1" 200 787 "http://52.77.226.195/precisedelivery/" "Mozilla/5.0 (Windows NT 6.3; WOW64; rv:43.0) Gecko/20100101 Firefox/43.0"
223.223.130.112 - - [13/Jan/2016:17:24:59 +0000] "GET /api/doctor/getdoctorsbyrouteid/5688f60bf9403e085b23f031 HTTP/1.1" 200 87 "http://52.77.226.195/precisedelivery/" "Mozilla/5.0 (Windows NT 6.3; WOW64; rv:43.0) Gecko/20100101 Firefox/43.0"
223.223.130.112 - - [13/Jan/2016:17:27:16 +0000] "GET /api/category HTTP/1.1" 304 - "http://52.77.226.195/precisedelivery/" "Mozilla/5.0 (Windows NT 6.3; WOW64; rv:43.0) Gecko/20100101 Firefox/43.0"
223.223.130.112 - - [13/Jan/2016:17:27:47 +0000] "GET /api/doctor/getdoctorsbyrouteid/56862e7e293a883c43baa86b HTTP/1.1" 304 - "http://52.77.226.195/precisedelivery/" "Mozilla/5.0 (Windows NT 6.3; WOW64; rv:43.0) Gecko/20100101 Firefox/43.0"
223.223.130.112 - - [13/Jan/2016:17:27:50 +0000] "GET /api/doctor/getdoctorsbyrouteid/56862dd3293a883c43baa86a HTTP/1.1" 304 - "http://52.77.226.195/precisedelivery/" "Mozilla/5.0 (Windows NT 6.3; WOW64; rv:43.0) Gecko/20100101 Firefox/43.0"
223.223.130.112 - - [13/Jan/2016:17:27:53 +0000] "GET /api/doctor/getdoctorsbyrouteid/5688f60bf9403e085b23f031 HTTP/1.1" 304 - "http://52.77.226.195/precisedelivery/" "Mozilla/5.0 (Windows NT 6.3; WOW64; rv:43.0) Gecko/20100101 Firefox/43.0"
223.223.130.112 - - [13/Jan/2016:17:32:19 +0000] "GET /api/category HTTP/1.1" 304 - "http://52.77.226.195/precisedelivery/" "Mozilla/5.0 (Windows NT 6.3; WOW64; rv:43.0) Gecko/20100101 Firefox/43.0"
223.223.130.112 - - [13/Jan/2016:17:32:24 +0000] "GET /api/doctor/getdoctorsbyrouteid/56862dd3293a883c43baa86a HTTP/1.1" 304 - "http://52.77.226.195/precisedelivery/" "Mozilla/5.0 (Windows NT 6.3; WOW64; rv:43.0) Gecko/20100101 Firefox/43.0"
223.223.130.112 - - [13/Jan/2016:17:32:27 +0000] "GET /api/doctor/getdoctorsbyrouteid/5688f60bf9403e085b23f031 HTTP/1.1" 304 - "http://52.77.226.195/precisedelivery/" "Mozilla/5.0 (Windows NT 6.3; WOW64; rv:43.0) Gecko/20100101 Firefox/43.0"
223.223.130.112 - - [13/Jan/2016:17:34:51 +0000] "GET /api/category HTTP/1.1" 304 - "http://52.77.226.195/precisedelivery/" "Mozilla/5.0 (Windows NT 6.3; WOW64; rv:43.0) Gecko/20100101 Firefox/43.0"
223.223.130.112 - - [13/Jan/2016:17:36:12 +0000] "GET /api/category HTTP/1.1" 304 - "http://52.77.226.195/precisedelivery/" "Mozilla/5.0 (Windows NT 6.3; WOW64; rv:43.0) Gecko/20100101 Firefox/43.0"
223.223.130.112 - - [13/Jan/2016:17:37:08 +0000] "GET /api/category HTTP/1.1" 304 - "http://52.77.226.195/precisedelivery/" "Mozilla/5.0 (Windows NT 6.3; WOW64; rv:43.0) Gecko/20100101 Firefox/43.0"
223.223.130.112 - - [13/Jan/2016:17:37:29 +0000] "GET /api/doctor/getdoctorsbyrouteid/56862dd3293a883c43baa86a HTTP/1.1" 304 - "http://52.77.226.195/precisedelivery/" "Mozilla/5.0 (Windows NT 6.3; WOW64; rv:43.0) Gecko/20100101 Firefox/43.0"
223.223.130.112 - - [13/Jan/2016:17:37:30 +0000] "GET /api/doctor/getdoctorsbyrouteid/5688f60bf9403e085b23f031 HTTP/1.1" 304 - "http://52.77.226.195/precisedelivery/" "Mozilla/5.0 (Windows NT 6.3; WOW64; rv:43.0) Gecko/20100101 Firefox/43.0"
223.223.130.112 - - [13/Jan/2016:17:39:14 +0000] "GET /api/category HTTP/1.1" 304 - "http://52.77.226.195/precisedelivery/" "Mozilla/5.0 (Windows NT 6.3; WOW64; rv:43.0) Gecko/20100101 Firefox/43.0"
223.223.130.112 - - [13/Jan/2016:17:41:05 +0000] "GET /api/category HTTP/1.1" 304 - "http://52.77.226.195/precisedelivery/" "Mozilla/5.0 (Windows NT 6.3; WOW64; rv:43.0) Gecko/20100101 Firefox/43.0"
223.223.130.112 - - [13/Jan/2016:17:42:32 +0000] "GET /api/category HTTP/1.1" 304 - "http://52.77.226.195/precisedelivery/" "Mozilla/5.0 (Windows NT 6.3; WOW64; rv:43.0) Gecko/20100101 Firefox/43.0"
223.223.130.112 - - [13/Jan/2016:17:43:20 +0000] "GET /api/category HTTP/1.1" 304 - "http://52.77.226.195/precisedelivery/" "Mozilla/5.0 (Windows NT 6.3; WOW64; rv:43.0) Gecko/20100101 Firefox/43.0"
223.223.130.112 - - [13/Jan/2016:17:44:26 +0000] "GET /api/category HTTP/1.1" 304 - "http://52.77.226.195/precisedelivery/" "Mozilla/5.0 (Windows NT 6.3; WOW64; rv:43.0) Gecko/20100101 Firefox/43.0"
223.223.130.112 - - [13/Jan/2016:17:47:00 +0000] "GET /api/category HTTP/1.1" 304 - "http://52.77.226.195/precisedelivery/" "Mozilla/5.0 (Windows NT 6.3; WOW64; rv:43.0) Gecko/20100101 Firefox/43.0"
223.223.130.112 - - [13/Jan/2016:17:48:08 +0000] "GET /api/category HTTP/1.1" 304 - "http://52.77.226.195/precisedelivery/" "Mozilla/5.0 (Windows NT 6.3; WOW64; rv:43.0) Gecko/20100101 Firefox/43.0"
223.223.130.112 - - [13/Jan/2016:17:49:10 +0000] "GET /api/category HTTP/1.1" 304 - "http://52.77.226.195/precisedelivery/" "Mozilla/5.0 (Windows NT 6.3; WOW64; rv:43.0) Gecko/20100101 Firefox/43.0"
223.223.130.112 - - [13/Jan/2016:17:49:21 +0000] "GET /api/doctor/getdoctorsbyrouteid/56862dd3293a883c43baa86a HTTP/1.1" 304 - "http://52.77.226.195/precisedelivery/" "Mozilla/5.0 (Windows NT 6.3; WOW64; rv:43.0) Gecko/20100101 Firefox/43.0"
223.223.130.112 - - [13/Jan/2016:17:49:23 +0000] "GET /api/doctor/getdoctorsbyrouteid/5688f60bf9403e085b23f031 HTTP/1.1" 304 - "http://52.77.226.195/precisedelivery/" "Mozilla/5.0 (Windows NT 6.3; WOW64; rv:43.0) Gecko/20100101 Firefox/43.0"
203.171.246.227 - - [13/Jan/2016:17:50:58 +0000] "GET /api/delivery HTTP/1.1" 304 - "http://52.77.226.195/precisedelivery/" "Mozilla/5.0 (Windows NT 5.1; rv:43.0) Gecko/20100101 Firefox/43.0"
203.171.246.227 - - [13/Jan/2016:17:51:19 +0000] "GET /api/category HTTP/1.1" 304 - "http://52.77.226.195/precisedelivery/" "Mozilla/5.0 (Windows NT 5.1; rv:43.0) Gecko/20100101 Firefox/43.0"
203.171.246.227 - - [13/Jan/2016:17:57:28 +0000] "GET /api/category HTTP/1.1" 304 - "http://52.77.226.195/precisedelivery/" "Mozilla/5.0 (Windows NT 5.1; rv:43.0) Gecko/20100101 Firefox/43.0"
223.223.130.112 - - [13/Jan/2016:17:58:48 +0000] "GET /api/category HTTP/1.1" 304 - "http://52.77.226.195/precisedelivery/" "Mozilla/5.0 (Windows NT 6.3; WOW64; rv:43.0) Gecko/20100101 Firefox/43.0"
223.223.130.112 - - [13/Jan/2016:17:59:01 +0000] "GET /api/doctor/getdoctorsbyrouteid/56862dd3293a883c43baa86a HTTP/1.1" 304 - "http://52.77.226.195/precisedelivery/" "Mozilla/5.0 (Windows NT 6.3; WOW64; rv:43.0) Gecko/20100101 Firefox/43.0"
223.223.130.112 - - [13/Jan/2016:17:59:02 +0000] "GET /api/doctor/getdoctorsbyrouteid/5688f60bf9403e085b23f031 HTTP/1.1" 304 - "http://52.77.226.195/precisedelivery/" "Mozilla/5.0 (Windows NT 6.3; WOW64; rv:43.0) Gecko/20100101 Firefox/43.0"
203.171.246.227 - - [13/Jan/2016:18:00:29 +0000] "GET /api/category HTTP/1.1" 304 - "http://52.77.226.195/precisedelivery/" "Mozilla/5.0 (Windows NT 5.1; rv:43.0) Gecko/20100101 Firefox/43.0"
223.223.130.112 - - [13/Jan/2016:18:00:29 +0000] "GET /api/category HTTP/1.1" 304 - "http://52.77.226.195/precisedelivery/" "Mozilla/5.0 (Windows NT 6.3; WOW64; rv:43.0) Gecko/20100101 Firefox/43.0"
223.223.130.112 - - [13/Jan/2016:18:01:20 +0000] "GET /api/category HTTP/1.1" 304 - "http://52.77.226.195/precisedelivery/" "Mozilla/5.0 (Windows NT 6.3; WOW64; rv:43.0) Gecko/20100101 Firefox/43.0"
223.223.130.112 - - [13/Jan/2016:18:01:37 +0000] "GET /api/doctor/getdoctorsbyrouteid/56862e7e293a883c43baa86b HTTP/1.1" 304 - "http://52.77.226.195/precisedelivery/" "Mozilla/5.0 (Windows NT 6.3; WOW64; rv:43.0) Gecko/20100101 Firefox/43.0"
223.223.130.112 - - [13/Jan/2016:18:01:40 +0000] "GET /api/doctor/getdoctorsbyrouteid/56862dd3293a883c43baa86a HTTP/1.1" 304 - "http://52.77.226.195/precisedelivery/" "Mozilla/5.0 (Windows NT 6.3; WOW64; rv:43.0) Gecko/20100101 Firefox/43.0"
223.223.130.112 - - [13/Jan/2016:18:01:42 +0000] "GET /api/doctor/getdoctorsbyrouteid/5688f60bf9403e085b23f031 HTTP/1.1" 304 - "http://52.77.226.195/precisedelivery/" "Mozilla/5.0 (Windows NT 6.3; WOW64; rv:43.0) Gecko/20100101 Firefox/43.0"
223.223.130.112 - - [13/Jan/2016:18:02:44 +0000] "GET /api/category HTTP/1.1" 304 - "http://52.77.226.195/precisedelivery/" "Mozilla/5.0 (Windows NT 6.3; WOW64; rv:43.0) Gecko/20100101 Firefox/43.0"
223.223.130.112 - - [13/Jan/2016:18:02:49 +0000] "GET /api/doctor/getdoctorsbyrouteid/56862dd3293a883c43baa86a HTTP/1.1" 304 - "http://52.77.226.195/precisedelivery/" "Mozilla/5.0 (Windows NT 6.3; WOW64; rv:43.0) Gecko/20100101 Firefox/43.0"
223.223.130.112 - - [13/Jan/2016:18:02:54 +0000] "GET /api/doctor/getdoctorsbyrouteid/5688f60bf9403e085b23f031 HTTP/1.1" 304 - "http://52.77.226.195/precisedelivery/" "Mozilla/5.0 (Windows NT 6.3; WOW64; rv:43.0) Gecko/20100101 Firefox/43.0"
222.186.21.195 - - [13/Jan/2016:18:03:16 +0000] "GET /manager/html HTTP/1.1" 404 92 "-" "Mozilla/5.0 (compatible; MSIE 10.0; Windows NT 6.2; WOW64; Trident/6.0)"
203.171.246.227 - - [13/Jan/2016:18:03:31 +0000] "GET /api/category HTTP/1.1" 304 - "http://52.77.226.195/precisedelivery/" "Mozilla/5.0 (Windows NT 5.1; rv:43.0) Gecko/20100101 Firefox/43.0"
223.223.130.112 - - [13/Jan/2016:18:04:19 +0000] "GET /api/category HTTP/1.1" 200 105 "http://52.77.226.195/precisedelivery/" "Mozilla/5.0 (Windows NT 6.3; WOW64) AppleWebKit/537.36 (KHTML, like Gecko) Chrome/47.0.2526.106 Safari/537.36"
223.223.130.112 - - [13/Jan/2016:18:04:25 +0000] "POST /api/user/login HTTP/1.1" 200 519 "http://52.77.226.195/precisedelivery/" "Mozilla/5.0 (Windows NT 6.3; WOW64) AppleWebKit/537.36 (KHTML, like Gecko) Chrome/47.0.2526.106 Safari/537.36"
223.223.130.112 - - [13/Jan/2016:18:04:30 +0000] "GET /api/delivery HTTP/1.1" 200 87 "http://52.77.226.195/precisedelivery/" "Mozilla/5.0 (Windows NT 6.3; WOW64) AppleWebKit/537.36 (KHTML, like Gecko) Chrome/47.0.2526.106 Safari/537.36"
223.223.130.112 - - [13/Jan/2016:18:04:33 +0000] "GET /api/category HTTP/1.1" 200 358 "http://52.77.226.195/precisedelivery/" "Mozilla/5.0 (Windows NT 6.3; WOW64) AppleWebKit/537.36 (KHTML, like Gecko) Chrome/47.0.2526.106 Safari/537.36"
223.223.130.112 - - [13/Jan/2016:18:04:48 +0000] "GET /api/doctor/getdoctorsbyrouteid/56862dd3293a883c43baa86a HTTP/1.1" 200 787 "http://52.77.226.195/precisedelivery/" "Mozilla/5.0 (Windows NT 6.3; WOW64) AppleWebKit/537.36 (KHTML, like Gecko) Chrome/47.0.2526.106 Safari/537.36"
223.223.130.112 - - [13/Jan/2016:18:04:50 +0000] "GET /api/doctor/getdoctorsbyrouteid/5688f60bf9403e085b23f031 HTTP/1.1" 200 87 "http://52.77.226.195/precisedelivery/" "Mozilla/5.0 (Windows NT 6.3; WOW64) AppleWebKit/537.36 (KHTML, like Gecko) Chrome/47.0.2526.106 Safari/537.36"
203.171.246.227 - - [13/Jan/2016:18:05:19 +0000] "GET /api/category HTTP/1.1" 304 - "http://52.77.226.195/precisedelivery/" "Mozilla/5.0 (Windows NT 5.1; rv:43.0) Gecko/20100101 Firefox/43.0"
203.171.246.227 - - [13/Jan/2016:18:08:47 +0000] "GET /api/category HTTP/1.1" 304 - "http://52.77.226.195/precisedelivery/" "Mozilla/5.0 (Windows NT 5.1; rv:43.0) Gecko/20100101 Firefox/43.0"
203.171.246.227 - - [13/Jan/2016:18:09:57 +0000] "GET /api/category HTTP/1.1" 304 - "http://52.77.226.195/precisedelivery/" "Mozilla/5.0 (Windows NT 5.1; rv:43.0) Gecko/20100101 Firefox/43.0"
203.171.246.227 - - [13/Jan/2016:18:11:14 +0000] "GET /api/category HTTP/1.1" 304 - "http://52.77.226.195/precisedelivery/" "Mozilla/5.0 (Windows NT 5.1; rv:43.0) Gecko/20100101 Firefox/43.0"
223.223.130.112 - - [13/Jan/2016:18:12:06 +0000] "GET /api/category HTTP/1.1" 304 - "http://52.77.226.195/precisedelivery/" "Mozilla/5.0 (Windows NT 6.3; WOW64; rv:43.0) Gecko/20100101 Firefox/43.0"
223.223.130.112 - - [13/Jan/2016:18:12:13 +0000] "GET /api/doctor/getdoctorsbyrouteid/56862dd3293a883c43baa86a HTTP/1.1" 304 - "http://52.77.226.195/precisedelivery/" "Mozilla/5.0 (Windows NT 6.3; WOW64; rv:43.0) Gecko/20100101 Firefox/43.0"
223.223.130.112 - - [13/Jan/2016:18:12:15 +0000] "GET /api/doctor/getdoctorsbyrouteid/5688f60bf9403e085b23f031 HTTP/1.1" 304 - "http://52.77.226.195/precisedelivery/" "Mozilla/5.0 (Windows NT 6.3; WOW64; rv:43.0) Gecko/20100101 Firefox/43.0"
223.223.130.112 - - [13/Jan/2016:18:12:31 +0000] "POST /api/delivery HTTP/1.1" 200 162 "http://52.77.226.195/precisedelivery/" "Mozilla/5.0 (Windows NT 6.3; WOW64; rv:43.0) Gecko/20100101 Firefox/43.0"
203.171.246.227 - - [13/Jan/2016:18:12:55 +0000] "GET /api/category HTTP/1.1" 304 - "http://52.77.226.195/precisedelivery/" "Mozilla/5.0 (Windows NT 5.1; rv:43.0) Gecko/20100101 Firefox/43.0"
203.171.246.227 - - [13/Jan/2016:18:16:44 +0000] "GET /api/category HTTP/1.1" 304 - "http://52.77.226.195/precisedelivery/" "Mozilla/5.0 (Windows NT 5.1; rv:43.0) Gecko/20100101 Firefox/43.0"
203.171.246.227 - - [13/Jan/2016:18:17:27 +0000] "GET /api/category HTTP/1.1" 304 - "http://52.77.226.195/precisedelivery/" "Mozilla/5.0 (Windows NT 5.1; rv:43.0) Gecko/20100101 Firefox/43.0"
203.171.246.227 - - [13/Jan/2016:18:21:05 +0000] "GET /api/category HTTP/1.1" 304 - "http://52.77.226.195/precisedelivery/" "Mozilla/5.0 (Windows NT 5.1; rv:43.0) Gecko/20100101 Firefox/43.0"
203.171.246.227 - - [13/Jan/2016:18:23:03 +0000] "GET /api/category HTTP/1.1" 304 - "http://52.77.226.195/precisedelivery/" "Mozilla/5.0 (Windows NT 5.1; rv:43.0) Gecko/20100101 Firefox/43.0"
203.171.246.227 - - [13/Jan/2016:18:24:18 +0000] "GET /api/category HTTP/1.1" 304 - "http://52.77.226.195/precisedelivery/" "Mozilla/5.0 (Windows NT 5.1; rv:43.0) Gecko/20100101 Firefox/43.0"
203.171.246.227 - - [13/Jan/2016:18:25:09 +0000] "GET /api/category HTTP/1.1" 304 - "http://52.77.226.195/precisedelivery/" "Mozilla/5.0 (Windows NT 5.1; rv:43.0) Gecko/20100101 Firefox/43.0"
203.171.246.227 - - [13/Jan/2016:18:27:03 +0000] "GET /api/category HTTP/1.1" 304 - "http://52.77.226.195/precisedelivery/" "Mozilla/5.0 (Windows NT 5.1; rv:43.0) Gecko/20100101 Firefox/43.0"
203.171.246.227 - - [13/Jan/2016:18:29:38 +0000] "GET /api/category HTTP/1.1" 304 - "http://52.77.226.195/precisedelivery/" "Mozilla/5.0 (Windows NT 5.1; rv:43.0) Gecko/20100101 Firefox/43.0"
203.171.246.227 - - [13/Jan/2016:18:31:38 +0000] "GET /api/category HTTP/1.1" 304 - "http://52.77.226.195/precisedelivery/" "Mozilla/5.0 (Windows NT 5.1; rv:43.0) Gecko/20100101 Firefox/43.0"
203.171.246.227 - - [13/Jan/2016:18:33:56 +0000] "GET /api/category HTTP/1.1" 304 - "http://52.77.226.195/precisedelivery/" "Mozilla/5.0 (Windows NT 5.1; rv:43.0) Gecko/20100101 Firefox/43.0"
203.171.246.227 - - [13/Jan/2016:18:36:16 +0000] "GET /api/category HTTP/1.1" 304 - "http://52.77.226.195/precisedelivery/" "Mozilla/5.0 (Windows NT 5.1; rv:43.0) Gecko/20100101 Firefox/43.0"
203.171.246.227 - - [13/Jan/2016:18:39:19 +0000] "GET /api/category HTTP/1.1" 304 - "http://52.77.226.195/precisedelivery/" "Mozilla/5.0 (Windows NT 5.1; rv:43.0) Gecko/20100101 Firefox/43.0"
203.171.246.227 - - [13/Jan/2016:18:41:07 +0000] "GET /api/category HTTP/1.1" 304 - "http://52.77.226.195/precisedelivery/" "Mozilla/5.0 (Windows NT 5.1; rv:43.0) Gecko/20100101 Firefox/43.0"
203.171.246.227 - - [13/Jan/2016:18:42:37 +0000] "GET /api/category HTTP/1.1" 304 - "http://52.77.226.195/precisedelivery/" "Mozilla/5.0 (Windows NT 5.1; rv:43.0) Gecko/20100101 Firefox/43.0"
203.171.246.227 - - [13/Jan/2016:18:43:42 +0000] "GET /api/category HTTP/1.1" 304 - "http://52.77.226.195/precisedelivery/" "Mozilla/5.0 (Windows NT 5.1; rv:43.0) Gecko/20100101 Firefox/43.0"
203.171.246.227 - - [13/Jan/2016:18:45:07 +0000] "GET /api/category HTTP/1.1" 304 - "http://52.77.226.195/precisedelivery/" "Mozilla/5.0 (Windows NT 5.1; rv:43.0) Gecko/20100101 Firefox/43.0"
203.171.246.227 - - [13/Jan/2016:18:46:10 +0000] "GET /api/category HTTP/1.1" 304 - "http://52.77.226.195/precisedelivery/" "Mozilla/5.0 (Windows NT 5.1; rv:43.0) Gecko/20100101 Firefox/43.0"
203.171.246.227 - - [13/Jan/2016:18:47:16 +0000] "GET /api/category HTTP/1.1" 304 - "http://52.77.226.195/precisedelivery/" "Mozilla/5.0 (Windows NT 5.1; rv:43.0) Gecko/20100101 Firefox/43.0"
203.171.246.227 - - [13/Jan/2016:18:48:14 +0000] "GET /api/category HTTP/1.1" 304 - "http://52.77.226.195/precisedelivery/" "Mozilla/5.0 (Windows NT 5.1; rv:43.0) Gecko/20100101 Firefox/43.0"
183.61.119.158 - - [13/Jan/2016:18:49:11 +0000] "GET /manager/html HTTP/1.1" 404 92 "-" "Mozilla/5.0 (compatible; MSIE 10.0; Windows NT 6.2; WOW64; Trident/6.0)"
203.171.246.227 - - [13/Jan/2016:18:49:17 +0000] "GET /api/category HTTP/1.1" 304 - "http://52.77.226.195/precisedelivery/" "Mozilla/5.0 (Windows NT 5.1; rv:43.0) Gecko/20100101 Firefox/43.0"
203.171.246.227 - - [13/Jan/2016:18:50:24 +0000] "GET /api/category HTTP/1.1" 304 - "http://52.77.226.195/precisedelivery/" "Mozilla/5.0 (Windows NT 5.1; rv:43.0) Gecko/20100101 Firefox/43.0"
203.171.246.227 - - [13/Jan/2016:18:51:14 +0000] "GET /api/category HTTP/1.1" 304 - "http://52.77.226.195/precisedelivery/" "Mozilla/5.0 (Windows NT 5.1; rv:43.0) Gecko/20100101 Firefox/43.0"
223.223.130.112 - - [13/Jan/2016:19:12:49 +0000] "GET /api/category HTTP/1.1" 304 - "http://52.77.226.195/precisedelivery/" "Mozilla/5.0 (Windows NT 6.3; WOW64; rv:43.0) Gecko/20100101 Firefox/43.0"
223.223.130.112 - - [13/Jan/2016:19:12:57 +0000] "GET /api/doctor/getdoctorsbyrouteid/56862dd3293a883c43baa86a HTTP/1.1" 304 - "http://52.77.226.195/precisedelivery/" "Mozilla/5.0 (Windows NT 6.3; WOW64; rv:43.0) Gecko/20100101 Firefox/43.0"
223.223.130.112 - - [13/Jan/2016:19:13:00 +0000] "GET /api/doctor/getdoctorsbyrouteid/5688f60bf9403e085b23f031 HTTP/1.1" 304 - "http://52.77.226.195/precisedelivery/" "Mozilla/5.0 (Windows NT 6.3; WOW64; rv:43.0) Gecko/20100101 Firefox/43.0"
223.223.130.112 - - [13/Jan/2016:19:13:10 +0000] "POST /api/delivery HTTP/1.1" 200 108 "http://52.77.226.195/precisedelivery/" "Mozilla/5.0 (Windows NT 6.3; WOW64; rv:43.0) Gecko/20100101 Firefox/43.0"
223.223.130.112 - - [13/Jan/2016:19:13:11 +0000] "GET /api/delivery HTTP/1.1" 200 197 "http://52.77.226.195/precisedelivery/" "Mozilla/5.0 (Windows NT 6.3; WOW64; rv:43.0) Gecko/20100101 Firefox/43.0"
223.223.130.112 - - [13/Jan/2016:19:14:07 +0000] "GET /api/delivery HTTP/1.1" 304 - "http://52.77.226.195/precisedelivery/" "Mozilla/5.0 (Windows NT 6.3; WOW64; rv:43.0) Gecko/20100101 Firefox/43.0"
223.223.130.112 - - [13/Jan/2016:19:14:20 +0000] "GET /api/category HTTP/1.1" 304 - "http://52.77.226.195/precisedelivery/" "Mozilla/5.0 (Windows NT 6.3; WOW64; rv:43.0) Gecko/20100101 Firefox/43.0"
223.223.130.112 - - [13/Jan/2016:19:14:27 +0000] "GET /api/doctor/getdoctorsbyrouteid/56862dd3293a883c43baa86a HTTP/1.1" 304 - "http://52.77.226.195/precisedelivery/" "Mozilla/5.0 (Windows NT 6.3; WOW64; rv:43.0) Gecko/20100101 Firefox/43.0"
223.223.130.112 - - [13/Jan/2016:19:14:30 +0000] "GET /api/doctor/getdoctorsbyrouteid/5688f60bf9403e085b23f031 HTTP/1.1" 304 - "http://52.77.226.195/precisedelivery/" "Mozilla/5.0 (Windows NT 6.3; WOW64; rv:43.0) Gecko/20100101 Firefox/43.0"
223.223.130.112 - - [13/Jan/2016:19:14:38 +0000] "GET /api/doctor/getdoctorsbyrouteid/56862dd3293a883c43baa86a HTTP/1.1" 304 - "http://52.77.226.195/precisedelivery/" "Mozilla/5.0 (Windows NT 6.3; WOW64; rv:43.0) Gecko/20100101 Firefox/43.0"
223.223.130.112 - - [13/Jan/2016:19:14:40 +0000] "GET /api/doctor/getdoctorsbyrouteid/5688f60bf9403e085b23f031 HTTP/1.1" 304 - "http://52.77.226.195/precisedelivery/" "Mozilla/5.0 (Windows NT 6.3; WOW64; rv:43.0) Gecko/20100101 Firefox/43.0"
223.223.130.112 - - [13/Jan/2016:19:14:47 +0000] "POST /api/delivery HTTP/1.1" 200 162 "http://52.77.226.195/precisedelivery/" "Mozilla/5.0 (Windows NT 6.3; WOW64; rv:43.0) Gecko/20100101 Firefox/43.0"
223.223.130.112 - - [13/Jan/2016:19:15:06 +0000] "POST /api/delivery HTTP/1.1" 200 108 "http://52.77.226.195/precisedelivery/" "Mozilla/5.0 (Windows NT 6.3; WOW64; rv:43.0) Gecko/20100101 Firefox/43.0"
223.223.130.112 - - [13/Jan/2016:19:15:09 +0000] "GET /api/delivery HTTP/1.1" 200 310 "http://52.77.226.195/precisedelivery/" "Mozilla/5.0 (Windows NT 6.3; WOW64; rv:43.0) Gecko/20100101 Firefox/43.0"
223.223.130.112 - - [13/Jan/2016:19:16:27 +0000] "DELETE /api/delivery/5696a23a2b9cab7429d295f2 HTTP/1.1" 200 108 "http://52.77.226.195/precisedelivery/" "Mozilla/5.0 (Windows NT 6.3; WOW64; rv:43.0) Gecko/20100101 Firefox/43.0"
223.223.130.112 - - [13/Jan/2016:19:16:27 +0000] "GET /api/delivery HTTP/1.1" 200 197 "http://52.77.226.195/precisedelivery/" "Mozilla/5.0 (Windows NT 6.3; WOW64; rv:43.0) Gecko/20100101 Firefox/43.0"
223.223.130.112 - - [13/Jan/2016:19:16:51 +0000] "GET /api/delivery HTTP/1.1" 304 - "http://52.77.226.195/precisedelivery/" "Mozilla/5.0 (Windows NT 6.3; WOW64; rv:43.0) Gecko/20100101 Firefox/43.0"
61.216.2.13 - - [13/Jan/2016:22:12:06 +0000] "POST /404 HTTP/1.1" 404 92 "-" "apache"
222.186.21.195 - - [13/Jan/2016:23:03:04 +0000] "GET /manager/html HTTP/1.1" 404 92 "-" "Mozilla/3.0 (compatible; Indy Library)"
111.74.238.55 - - [14/Jan/2016:05:28:00 +0000] "GET /manager/html HTTP/1.1" 404 92 "-" "Mozilla/3.0 (compatible; Indy Library)"
202.109.143.18 - - [14/Jan/2016:07:59:06 +0000] "GET /manager/html HTTP/1.1" 404 92 "-" "Mozilla/3.0 (compatible; Indy Library)"
202.109.143.18 - - [14/Jan/2016:08:26:20 +0000] "GET /manager/html HTTP/1.1" 404 92 "-" "Mozilla/3.0 (compatible; Indy Library)"
67.231.20.97 - - [14/Jan/2016:09:07:34 +0000] "GET / HTTP/1.0" 404 92 "-" "masscan/1.0 (https://github.com/robertdavidgraham/masscan)"
221.0.77.190 - - [14/Jan/2016:09:41:15 +0000] "HEAD / HTTP/1.0" 404 92 "-" "-"
202.109.143.18 - - [14/Jan/2016:09:45:23 +0000] "GET /manager/html HTTP/1.1" 404 92 "-" "Mozilla/3.0 (compatible; Indy Library)"
202.109.143.18 - - [14/Jan/2016:13:17:23 +0000] "GET /manager/html HTTP/1.1" 404 92 "-" "Mozilla/3.0 (compatible; Indy Library)"
202.109.143.18 - - [14/Jan/2016:13:48:36 +0000] "GET /manager/html HTTP/1.1" 404 92 "-" "Mozilla/3.0 (compatible; Indy Library)"
104.219.238.10 - - [14/Jan/2016:14:26:38 +0000] "GET / HTTP/1.0" 404 92 "-" "-"
222.186.21.195 - - [14/Jan/2016:14:47:07 +0000] "GET /manager/html HTTP/1.1" 404 92 "-" "Mozilla/5.0 (compatible; MSIE 10.0; Windows NT 6.2; WOW64; Trident/6.0)"
116.193.138.41 - - [14/Jan/2016:15:56:19 +0000] "GET /api/category HTTP/1.1" 200 105 "http://52.77.226.195/precisedelivery/" "Mozilla/5.0 (Windows NT 5.1; rv:43.0) Gecko/20100101 Firefox/43.0"
116.193.138.41 - - [14/Jan/2016:15:56:28 +0000] "POST /api/user/login HTTP/1.1" 200 519 "http://52.77.226.195/precisedelivery/" "Mozilla/5.0 (Windows NT 5.1; rv:43.0) Gecko/20100101 Firefox/43.0"
116.193.138.41 - - [14/Jan/2016:15:56:37 +0000] "GET /api/delivery HTTP/1.1" 200 197 "http://52.77.226.195/precisedelivery/" "Mozilla/5.0 (Windows NT 5.1; rv:43.0) Gecko/20100101 Firefox/43.0"
116.193.138.41 - - [14/Jan/2016:15:56:47 +0000] "GET /api/category HTTP/1.1" 200 358 "http://52.77.226.195/precisedelivery/" "Mozilla/5.0 (Windows NT 5.1; rv:43.0) Gecko/20100101 Firefox/43.0"
116.193.138.41 - - [14/Jan/2016:15:57:27 +0000] "GET /api/category HTTP/1.1" 304 - "http://52.77.226.195/precisedelivery/" "Mozilla/5.0 (Windows NT 5.1; rv:43.0) Gecko/20100101 Firefox/43.0"
116.193.138.41 - - [14/Jan/2016:15:57:40 +0000] "GET /api/doctor/getdoctorsbyrouteid/56862dd3293a883c43baa86a HTTP/1.1" 304 - "http://52.77.226.195/precisedelivery/" "Mozilla/5.0 (Windows NT 5.1; rv:43.0) Gecko/20100101 Firefox/43.0"
116.193.138.41 - - [14/Jan/2016:15:57:41 +0000] "GET /api/doctor/getdoctorsbyrouteid/5688f60bf9403e085b23f031 HTTP/1.1" 304 - "http://52.77.226.195/precisedelivery/" "Mozilla/5.0 (Windows NT 5.1; rv:43.0) Gecko/20100101 Firefox/43.0"
116.193.138.41 - - [14/Jan/2016:15:57:50 +0000] "POST /api/delivery HTTP/1.1" 200 162 "http://52.77.226.195/precisedelivery/" "Mozilla/5.0 (Windows NT 5.1; rv:43.0) Gecko/20100101 Firefox/43.0"
116.193.138.41 - - [14/Jan/2016:15:58:08 +0000] "POST /api/delivery HTTP/1.1" 200 162 "http://52.77.226.195/precisedelivery/" "Mozilla/5.0 (Windows NT 5.1; rv:43.0) Gecko/20100101 Firefox/43.0"
116.193.138.41 - - [14/Jan/2016:15:59:28 +0000] "GET /api/category HTTP/1.1" 304 - "http://52.77.226.195/precisedelivery/" "Mozilla/5.0 (Windows NT 5.1; rv:43.0) Gecko/20100101 Firefox/43.0"
116.193.138.41 - - [14/Jan/2016:15:59:36 +0000] "GET /api/doctor/getdoctorsbyrouteid/56862dd3293a883c43baa86a HTTP/1.1" 304 - "http://52.77.226.195/precisedelivery/" "Mozilla/5.0 (Windows NT 5.1; rv:43.0) Gecko/20100101 Firefox/43.0"
116.193.138.41 - - [14/Jan/2016:15:59:38 +0000] "GET /api/doctor/getdoctorsbyrouteid/5688f60bf9403e085b23f031 HTTP/1.1" 304 - "http://52.77.226.195/precisedelivery/" "Mozilla/5.0 (Windows NT 5.1; rv:43.0) Gecko/20100101 Firefox/43.0"
116.193.138.41 - - [14/Jan/2016:16:00:43 +0000] "GET /api/category HTTP/1.1" 304 - "http://52.77.226.195/precisedelivery/" "Mozilla/5.0 (Windows NT 5.1; rv:43.0) Gecko/20100101 Firefox/43.0"
116.193.138.41 - - [14/Jan/2016:16:01:15 +0000] "GET /api/doctor/getdoctorsbyrouteid/56862dd3293a883c43baa86a HTTP/1.1" 304 - "http://52.77.226.195/precisedelivery/" "Mozilla/5.0 (Windows NT 5.1; rv:43.0) Gecko/20100101 Firefox/43.0"
116.193.138.41 - - [14/Jan/2016:16:01:18 +0000] "GET /api/doctor/getdoctorsbyrouteid/5688f60bf9403e085b23f031 HTTP/1.1" 304 - "http://52.77.226.195/precisedelivery/" "Mozilla/5.0 (Windows NT 5.1; rv:43.0) Gecko/20100101 Firefox/43.0"
116.193.138.41 - - [14/Jan/2016:16:01:22 +0000] "POST /api/delivery HTTP/1.1" 200 162 "http://52.77.226.195/precisedelivery/" "Mozilla/5.0 (Windows NT 5.1; rv:43.0) Gecko/20100101 Firefox/43.0"
116.193.138.41 - - [14/Jan/2016:16:02:42 +0000] "GET /api/category HTTP/1.1" 304 - "http://52.77.226.195/precisedelivery/" "Mozilla/5.0 (Windows NT 5.1; rv:43.0) Gecko/20100101 Firefox/43.0"
116.193.138.41 - - [14/Jan/2016:16:02:50 +0000] "GET /api/doctor/getdoctorsbyrouteid/56862dd3293a883c43baa86a HTTP/1.1" 304 - "http://52.77.226.195/precisedelivery/" "Mozilla/5.0 (Windows NT 5.1; rv:43.0) Gecko/20100101 Firefox/43.0"
116.193.138.41 - - [14/Jan/2016:16:02:52 +0000] "GET /api/doctor/getdoctorsbyrouteid/5688f60bf9403e085b23f031 HTTP/1.1" 304 - "http://52.77.226.195/precisedelivery/" "Mozilla/5.0 (Windows NT 5.1; rv:43.0) Gecko/20100101 Firefox/43.0"
116.193.138.41 - - [14/Jan/2016:16:03:01 +0000] "GET /api/doctor/getdoctorsbyrouteid/56862e7e293a883c43baa86b HTTP/1.1" 304 - "http://52.77.226.195/precisedelivery/" "Mozilla/5.0 (Windows NT 5.1; rv:43.0) Gecko/20100101 Firefox/43.0"
116.193.138.41 - - [14/Jan/2016:16:03:03 +0000] "GET /api/doctor/getdoctorsbyrouteid/56862dd3293a883c43baa86a HTTP/1.1" 304 - "http://52.77.226.195/precisedelivery/" "Mozilla/5.0 (Windows NT 5.1; rv:43.0) Gecko/20100101 Firefox/43.0"
116.193.138.41 - - [14/Jan/2016:16:03:05 +0000] "GET /api/doctor/getdoctorsbyrouteid/5688f60bf9403e085b23f031 HTTP/1.1" 304 - "http://52.77.226.195/precisedelivery/" "Mozilla/5.0 (Windows NT 5.1; rv:43.0) Gecko/20100101 Firefox/43.0"
116.193.138.41 - - [14/Jan/2016:16:03:11 +0000] "POST /api/delivery HTTP/1.1" 200 162 "http://52.77.226.195/precisedelivery/" "Mozilla/5.0 (Windows NT 5.1; rv:43.0) Gecko/20100101 Firefox/43.0"
116.193.138.41 - - [14/Jan/2016:16:05:35 +0000] "GET /api/category HTTP/1.1" 304 - "http://52.77.226.195/precisedelivery/" "Mozilla/5.0 (Windows NT 5.1; rv:43.0) Gecko/20100101 Firefox/43.0"
116.193.138.41 - - [14/Jan/2016:16:07:12 +0000] "GET /api/category HTTP/1.1" 304 - "http://52.77.226.195/precisedelivery/" "Mozilla/5.0 (Windows NT 5.1; rv:43.0) Gecko/20100101 Firefox/43.0"
116.193.138.41 - - [14/Jan/2016:16:09:20 +0000] "GET /api/category HTTP/1.1" 304 - "http://52.77.226.195/precisedelivery/" "Mozilla/5.0 (Windows NT 5.1; rv:43.0) Gecko/20100101 Firefox/43.0"
116.193.138.41 - - [14/Jan/2016:16:11:24 +0000] "GET /api/doctor/getdoctorsbyrouteid/56862dd3293a883c43baa86a HTTP/1.1" 304 - "http://52.77.226.195/precisedelivery/" "Mozilla/5.0 (Windows NT 5.1; rv:43.0) Gecko/20100101 Firefox/43.0"
116.193.138.41 - - [14/Jan/2016:16:11:25 +0000] "GET /api/doctor/getdoctorsbyrouteid/5688f60bf9403e085b23f031 HTTP/1.1" 304 - "http://52.77.226.195/precisedelivery/" "Mozilla/5.0 (Windows NT 5.1; rv:43.0) Gecko/20100101 Firefox/43.0"
116.193.138.41 - - [14/Jan/2016:16:11:31 +0000] "POST /api/delivery HTTP/1.1" 200 162 "http://52.77.226.195/precisedelivery/" "Mozilla/5.0 (Windows NT 5.1; rv:43.0) Gecko/20100101 Firefox/43.0"
116.193.138.41 - - [14/Jan/2016:16:13:22 +0000] "GET /api/category HTTP/1.1" 304 - "http://52.77.226.195/precisedelivery/" "Mozilla/5.0 (Windows NT 5.1; rv:43.0) Gecko/20100101 Firefox/43.0"
116.193.138.41 - - [14/Jan/2016:16:13:51 +0000] "GET /api/doctor/getdoctorsbyrouteid/56862dd3293a883c43baa86a HTTP/1.1" 304 - "http://52.77.226.195/precisedelivery/" "Mozilla/5.0 (Windows NT 5.1; rv:43.0) Gecko/20100101 Firefox/43.0"
116.193.138.41 - - [14/Jan/2016:16:13:54 +0000] "GET /api/doctor/getdoctorsbyrouteid/5688f60bf9403e085b23f031 HTTP/1.1" 304 - "http://52.77.226.195/precisedelivery/" "Mozilla/5.0 (Windows NT 5.1; rv:43.0) Gecko/20100101 Firefox/43.0"
116.193.138.41 - - [14/Jan/2016:16:14:00 +0000] "POST /api/delivery HTTP/1.1" 200 108 "http://52.77.226.195/precisedelivery/" "Mozilla/5.0 (Windows NT 5.1; rv:43.0) Gecko/20100101 Firefox/43.0"
116.193.138.41 - - [14/Jan/2016:16:14:03 +0000] "GET /api/delivery HTTP/1.1" 200 315 "http://52.77.226.195/precisedelivery/" "Mozilla/5.0 (Windows NT 5.1; rv:43.0) Gecko/20100101 Firefox/43.0"
74.101.233.155 - - [14/Jan/2016:17:14:25 +0000] "GET /api/delivery HTTP/1.1" 200 315 "http://52.77.226.195/precisedelivery/" "Mozilla/5.0 (Macintosh; Intel Mac OS X 10_10_4) AppleWebKit/537.36 (KHTML, like Gecko) Chrome/47.0.2526.106 Safari/537.36"
74.101.233.155 - - [14/Jan/2016:17:14:30 +0000] "GET /api/category HTTP/1.1" 304 - "http://52.77.226.195/precisedelivery/" "Mozilla/5.0 (Macintosh; Intel Mac OS X 10_10_4) AppleWebKit/537.36 (KHTML, like Gecko) Chrome/47.0.2526.106 Safari/537.36"
74.101.233.155 - - [14/Jan/2016:17:14:43 +0000] "GET /api/doctor/getdoctorsbyrouteid/56862e7e293a883c43baa86b HTTP/1.1" 200 87 "http://52.77.226.195/precisedelivery/" "Mozilla/5.0 (Macintosh; Intel Mac OS X 10_10_4) AppleWebKit/537.36 (KHTML, like Gecko) Chrome/47.0.2526.106 Safari/537.36"
74.101.233.155 - - [14/Jan/2016:17:14:53 +0000] "GET /api/category HTTP/1.1" 304 - "http://52.77.226.195/precisedelivery/" "Mozilla/5.0 (Macintosh; Intel Mac OS X 10_10_4) AppleWebKit/537.36 (KHTML, like Gecko) Chrome/47.0.2526.106 Safari/537.36"
74.101.233.155 - - [14/Jan/2016:17:14:54 +0000] "GET /api/lab HTTP/1.1" 304 - "http://52.77.226.195/precisedelivery/" "Mozilla/5.0 (Macintosh; Intel Mac OS X 10_10_4) AppleWebKit/537.36 (KHTML, like Gecko) Chrome/47.0.2526.106 Safari/537.36"
74.101.233.155 - - [14/Jan/2016:17:14:54 +0000] "GET /api/doctor HTTP/1.1" 304 - "http://52.77.226.195/precisedelivery/" "Mozilla/5.0 (Macintosh; Intel Mac OS X 10_10_4) AppleWebKit/537.36 (KHTML, like Gecko) Chrome/47.0.2526.106 Safari/537.36"
74.101.233.155 - - [14/Jan/2016:17:15:03 +0000] "GET /api/delivery HTTP/1.1" 304 - "http://52.77.226.195/precisedelivery/" "Mozilla/5.0 (Macintosh; Intel Mac OS X 10_10_4) AppleWebKit/537.36 (KHTML, like Gecko) Chrome/47.0.2526.106 Safari/537.36"
74.101.233.155 - - [14/Jan/2016:17:15:06 +0000] "GET /api/category HTTP/1.1" 304 - "http://52.77.226.195/precisedelivery/" "Mozilla/5.0 (Macintosh; Intel Mac OS X 10_10_4) AppleWebKit/537.36 (KHTML, like Gecko) Chrome/47.0.2526.106 Safari/537.36"
74.101.233.155 - - [14/Jan/2016:17:15:12 +0000] "GET /api/doctor/getdoctorsbyrouteid/56862dd3293a883c43baa86a HTTP/1.1" 200 787 "http://52.77.226.195/precisedelivery/" "Mozilla/5.0 (Macintosh; Intel Mac OS X 10_10_4) AppleWebKit/537.36 (KHTML, like Gecko) Chrome/47.0.2526.106 Safari/537.36"
74.101.233.155 - - [14/Jan/2016:17:15:16 +0000] "GET /api/doctor/getdoctorsbyrouteid/5688f60bf9403e085b23f031 HTTP/1.1" 200 87 "http://52.77.226.195/precisedelivery/" "Mozilla/5.0 (Macintosh; Intel Mac OS X 10_10_4) AppleWebKit/537.36 (KHTML, like Gecko) Chrome/47.0.2526.106 Safari/537.36"
74.101.233.155 - - [14/Jan/2016:17:15:30 +0000] "GET /api/doctor/getdoctorsbyrouteid/56862e7e293a883c43baa86b HTTP/1.1" 304 - "http://52.77.226.195/precisedelivery/" "Mozilla/5.0 (Macintosh; Intel Mac OS X 10_10_4) AppleWebKit/537.36 (KHTML, like Gecko) Chrome/47.0.2526.106 Safari/537.36"
116.193.138.41 - - [14/Jan/2016:17:18:19 +0000] "POST /api/user/login HTTP/1.1" 200 519 "http://52.77.226.195/precisedelivery/" "Mozilla/5.0 (Windows NT 5.1; rv:43.0) Gecko/20100101 Firefox/43.0"
116.193.138.41 - - [14/Jan/2016:17:18:25 +0000] "GET /api/delivery HTTP/1.1" 304 - "http://52.77.226.195/precisedelivery/" "Mozilla/5.0 (Windows NT 5.1; rv:43.0) Gecko/20100101 Firefox/43.0"
116.193.138.41 - - [14/Jan/2016:17:18:32 +0000] "GET /api/category HTTP/1.1" 304 - "http://52.77.226.195/precisedelivery/" "Mozilla/5.0 (Windows NT 5.1; rv:43.0) Gecko/20100101 Firefox/43.0"
116.193.138.41 - - [14/Jan/2016:17:18:32 +0000] "GET /api/delivery/5697c9482b9cab7429d295f3 HTTP/1.1" 200 202 "http://52.77.226.195/precisedelivery/" "Mozilla/5.0 (Windows NT 5.1; rv:43.0) Gecko/20100101 Firefox/43.0"
116.193.138.41 - - [14/Jan/2016:17:19:06 +0000] "GET /api/delivery HTTP/1.1" 304 - "http://52.77.226.195/precisedelivery/" "Mozilla/5.0 (Windows NT 5.1; rv:43.0) Gecko/20100101 Firefox/43.0"
