116.193.142.215 - - [05/Jan/2016:16:48:19 +0000] "GET /api/doctor/getdoctorbylabid/5688cd3e293a883c43baa86f HTTP/1.1" 304 - "http://52.77.226.195/precisedelivery/" "Mozilla/5.0 (Windows NT 5.1; rv:43.0) Gecko/20100101 Firefox/43.0"
116.193.142.215 - - [05/Jan/2016:16:48:42 +0000] "GET /api/lab/5688cd3e293a883c43baa86f HTTP/1.1" 304 - "http://52.77.226.195/precisedelivery/" "Mozilla/5.0 (Windows NT 5.1; rv:43.0) Gecko/20100101 Firefox/43.0"
116.193.142.215 - - [05/Jan/2016:16:48:42 +0000] "GET /api/doctor/getdoctorbylabid/5688cd3e293a883c43baa86f HTTP/1.1" 304 - "http://52.77.226.195/precisedelivery/" "Mozilla/5.0 (Windows NT 5.1; rv:43.0) Gecko/20100101 Firefox/43.0"
116.193.142.215 - - [05/Jan/2016:16:49:33 +0000] "GET /api/lab/5688cd3e293a883c43baa86f HTTP/1.1" 304 - "http://52.77.226.195/precisedelivery/" "Mozilla/5.0 (Windows NT 5.1; rv:43.0) Gecko/20100101 Firefox/43.0"
116.193.142.215 - - [05/Jan/2016:16:49:33 +0000] "GET /api/doctor/getdoctorbylabid/5688cd3e293a883c43baa86f HTTP/1.1" - - "http://52.77.226.195/precisedelivery/" "Mozilla/5.0 (Windows NT 5.1; rv:43.0) Gecko/20100101 Firefox/43.0"
116.193.142.215 - - [05/Jan/2016:16:49:56 +0000] "GET /api/lab/5688cd3e293a883c43baa86f HTTP/1.1" 304 - "http://52.77.226.195/precisedelivery/" "Mozilla/5.0 (Windows NT 5.1; rv:43.0) Gecko/20100101 Firefox/43.0"
116.193.142.215 - - [05/Jan/2016:16:49:56 +0000] "GET /api/doctor/getdoctorbylabid/5688cd3e293a883c43baa86f HTTP/1.1" 304 - "http://52.77.226.195/precisedelivery/" "Mozilla/5.0 (Windows NT 5.1; rv:43.0) Gecko/20100101 Firefox/43.0"
116.193.142.215 - - [05/Jan/2016:16:52:40 +0000] "GET /api/lab/5688cd3e293a883c43baa86f HTTP/1.1" 304 - "http://52.77.226.195/precisedelivery/" "Mozilla/5.0 (Windows NT 5.1; rv:43.0) Gecko/20100101 Firefox/43.0"
116.193.142.215 - - [05/Jan/2016:16:52:40 +0000] "GET /api/doctor/getdoctorbylabid/5688cd3e293a883c43baa86f HTTP/1.1" 304 - "http://52.77.226.195/precisedelivery/" "Mozilla/5.0 (Windows NT 5.1; rv:43.0) Gecko/20100101 Firefox/43.0"
182.18.42.147 - - [05/Jan/2016:16:53:32 +0000] "GET /manager/html HTTP/1.1" 404 92 "-" "Mozilla/5.0 (compatible; MSIE 10.0; Windows NT 6.2; WOW64; Trident/6.0)"
116.193.142.215 - - [05/Jan/2016:16:54:24 +0000] "GET /api/lab/5688cd3e293a883c43baa86f HTTP/1.1" 304 - "http://52.77.226.195/precisedelivery/" "Mozilla/5.0 (Windows NT 5.1; rv:43.0) Gecko/20100101 Firefox/43.0"
116.193.142.215 - - [05/Jan/2016:16:54:24 +0000] "GET /api/doctor/getdoctorbylabid/5688cd3e293a883c43baa86f HTTP/1.1" 304 - "http://52.77.226.195/precisedelivery/" "Mozilla/5.0 (Windows NT 5.1; rv:43.0) Gecko/20100101 Firefox/43.0"
116.193.142.215 - - [05/Jan/2016:16:56:04 +0000] "GET /api/lab/5688cd3e293a883c43baa86f HTTP/1.1" 304 - "http://52.77.226.195/precisedelivery/" "Mozilla/5.0 (Windows NT 5.1; rv:43.0) Gecko/20100101 Firefox/43.0"
116.193.142.215 - - [05/Jan/2016:16:56:04 +0000] "GET /api/doctor/getdoctorbylabid/5688cd3e293a883c43baa86f HTTP/1.1" 304 - "http://52.77.226.195/precisedelivery/" "Mozilla/5.0 (Windows NT 5.1; rv:43.0) Gecko/20100101 Firefox/43.0"
223.223.131.253 - - [05/Jan/2016:18:35:06 +0000] "POST /api/user/login HTTP/1.1" 200 519 "-" "Mozilla/5.0 (Windows NT 6.3; WOW64) AppleWebKit/537.36 (KHTML, like Gecko) Chrome/47.0.2526.106 Safari/537.36"
223.223.131.253 - - [05/Jan/2016:18:35:47 +0000] "GET /api/doctor HTTP/1.1" 200 778 "-" "Mozilla/5.0 (Windows NT 6.3; WOW64) AppleWebKit/537.36 (KHTML, like Gecko) Chrome/47.0.2526.106 Safari/537.36"
223.223.131.253 - - [05/Jan/2016:18:35:58 +0000] "GET /api/driver HTTP/1.1" 200 87 "-" "Mozilla/5.0 (Windows NT 6.3; WOW64) AppleWebKit/537.36 (KHTML, like Gecko) Chrome/47.0.2526.106 Safari/537.36"
223.223.131.253 - - [05/Jan/2016:18:39:03 +0000] "POST /api/doctor HTTP/1.1" 200 152 "-" "Mozilla/5.0 (Windows NT 6.3; WOW64) AppleWebKit/537.36 (KHTML, like Gecko) Chrome/47.0.2526.106 Safari/537.36"
223.223.131.253 - - [05/Jan/2016:18:39:14 +0000] "POST /api/driver HTTP/1.1" 200 108 "-" "Mozilla/5.0 (Windows NT 6.3; WOW64) AppleWebKit/537.36 (KHTML, like Gecko) Chrome/47.0.2526.106 Safari/537.36"
223.223.131.253 - - [05/Jan/2016:18:39:26 +0000] "GET /api/driver HTTP/1.1" 200 279 "-" "Mozilla/5.0 (Windows NT 6.3; WOW64) AppleWebKit/537.36 (KHTML, like Gecko) Chrome/47.0.2526.106 Safari/537.36"
223.223.131.253 - - [05/Jan/2016:18:40:47 +0000] "GET /api/category HTTP/1.1" 200 116 "-" "Mozilla/5.0 (Windows NT 6.3; WOW64) AppleWebKit/537.36 (KHTML, like Gecko) Chrome/47.0.2526.106 Safari/537.36"
223.223.131.253 - - [05/Jan/2016:18:41:01 +0000] "GET /api/category HTTP/1.1" 200 342 "-" "Mozilla/5.0 (Windows NT 6.3; WOW64) AppleWebKit/537.36 (KHTML, like Gecko) Chrome/47.0.2526.106 Safari/537.36"
223.223.131.253 - - [05/Jan/2016:18:41:39 +0000] "POST /api/driver HTTP/1.1" 200 108 "-" "Mozilla/5.0 (Windows NT 6.3; WOW64) AppleWebKit/537.36 (KHTML, like Gecko) Chrome/47.0.2526.106 Safari/537.36"
223.223.131.253 - - [05/Jan/2016:18:41:44 +0000] "GET /api/driver HTTP/1.1" 200 116 "-" "Mozilla/5.0 (Windows NT 6.3; WOW64) AppleWebKit/537.36 (KHTML, like Gecko) Chrome/47.0.2526.106 Safari/537.36"
223.223.131.253 - - [05/Jan/2016:18:41:56 +0000] "GET /api/driver HTTP/1.1" 200 727 "-" "Mozilla/5.0 (Windows NT 6.3; WOW64) AppleWebKit/537.36 (KHTML, like Gecko) Chrome/47.0.2526.106 Safari/537.36"
223.223.131.253 - - [05/Jan/2016:18:44:19 +0000] "PUT /api/driver HTTP/1.1" 200 116 "-" "Mozilla/5.0 (Windows NT 6.3; WOW64) AppleWebKit/537.36 (KHTML, like Gecko) Chrome/47.0.2526.106 Safari/537.36"
223.223.131.253 - - [05/Jan/2016:18:44:40 +0000] "PUT /api/driver HTTP/1.1" 200 107 "-" "Mozilla/5.0 (Windows NT 6.3; WOW64) AppleWebKit/537.36 (KHTML, like Gecko) Chrome/47.0.2526.106 Safari/537.36"
223.223.131.253 - - [05/Jan/2016:18:44:46 +0000] "GET /api/driver HTTP/1.1" 200 988 "-" "Mozilla/5.0 (Windows NT 6.3; WOW64) AppleWebKit/537.36 (KHTML, like Gecko) Chrome/47.0.2526.106 Safari/537.36"
61.216.2.14 - - [06/Jan/2016:00:55:32 +0000] "POST /404 HTTP/1.1" 404 92 "-" "apache"
93.174.93.203 - - [06/Jan/2016:03:35:35 +0000] "GET / HTTP/1.0" 404 92 "-" "masscan/1.0 (https://github.com/robertdavidgraham/masscan)"
202.109.143.18 - - [06/Jan/2016:06:04:31 +0000] "GET /manager/html HTTP/1.1" 404 92 "-" "Mozilla/3.0 (compatible; Indy Library)"
91.236.75.4 - - [06/Jan/2016:10:07:01 +0000] "GET http://www.google.com/reader/about/ HTTP/1.1" 404 92 "-" "Mozilla/4.0 (compatible; MSIE 6.0; Windows NT 5.1)"
202.109.143.18 - - [06/Jan/2016:12:17:41 +0000] "GET /manager/html HTTP/1.1" 404 92 "-" "Mozilla/3.0 (compatible; Indy Library)"
71.43.173.162 - - [06/Jan/2016:14:39:01 +0000] "GET /manager/html HTTP/1.1" 404 92 "-" "Mozilla/5.0 (compatible; MSIE 10.0; Windows NT 6.2; WOW64; Trident/6.0)"
116.193.142.162 - - [06/Jan/2016:17:04:02 +0000] "POST /api/user/login HTTP/1.1" 200 519 "http://52.77.226.195/precisedelivery/" "Mozilla/5.0 (Windows NT 5.1; rv:43.0) Gecko/20100101 Firefox/43.0"
116.193.142.162 - - [06/Jan/2016:17:04:11 +0000] "GET /api/lab HTTP/1.1" 304 - "http://52.77.226.195/precisedelivery/" "Mozilla/5.0 (Windows NT 5.1; rv:43.0) Gecko/20100101 Firefox/43.0"
116.193.142.162 - - [06/Jan/2016:17:04:16 +0000] "GET /api/doctor/getdoctorbylabid/56862d26293a883c43baa869 HTTP/1.1" 304 - "http://52.77.226.195/precisedelivery/" "Mozilla/5.0 (Windows NT 5.1; rv:43.0) Gecko/20100101 Firefox/43.0"
116.193.142.162 - - [06/Jan/2016:17:04:16 +0000] "GET /api/lab/56862d26293a883c43baa869 HTTP/1.1" 304 - "http://52.77.226.195/precisedelivery/" "Mozilla/5.0 (Windows NT 5.1; rv:43.0) Gecko/20100101 Firefox/43.0"
116.193.142.162 - - [06/Jan/2016:17:04:26 +0000] "GET /api/lab HTTP/1.1" 304 - "http://52.77.226.195/precisedelivery/" "Mozilla/5.0 (Windows NT 5.1; rv:43.0) Gecko/20100101 Firefox/43.0"
182.18.42.147 - - [06/Jan/2016:17:08:54 +0000] "GET /manager/html HTTP/1.1" 404 92 "-" "Mozilla/5.0 (compatible; MSIE 10.0; Windows NT 6.2; WOW64; Trident/6.0)"
116.193.142.162 - - [06/Jan/2016:17:13:05 +0000] "GET /api/lab HTTP/1.1" 304 - "http://52.77.226.195/precisedelivery/" "Mozilla/5.0 (Windows NT 5.1; rv:43.0) Gecko/20100101 Firefox/43.0"
116.193.142.162 - - [06/Jan/2016:17:13:31 +0000] "GET /api/lab HTTP/1.1" 304 - "http://52.77.226.195/precisedelivery/" "Mozilla/5.0 (Windows NT 5.1; rv:43.0) Gecko/20100101 Firefox/43.0"
116.193.142.162 - - [06/Jan/2016:17:14:23 +0000] "GET /api/lab HTTP/1.1" 304 - "http://52.77.226.195/precisedelivery/" "Mozilla/5.0 (Windows NT 5.1; rv:43.0) Gecko/20100101 Firefox/43.0"
116.193.142.162 - - [06/Jan/2016:17:19:38 +0000] "GET /api/category HTTP/1.1" 304 - "http://52.77.226.195/precisedelivery/" "Mozilla/5.0 (Windows NT 5.1; rv:43.0) Gecko/20100101 Firefox/43.0"
116.193.142.162 - - [06/Jan/2016:17:22:32 +0000] "GET /api/category HTTP/1.1" 304 - "http://52.77.226.195/precisedelivery/" "Mozilla/5.0 (Windows NT 5.1; rv:43.0) Gecko/20100101 Firefox/43.0"
182.18.42.147 - - [06/Jan/2016:17:51:34 +0000] "GET /manager/html HTTP/1.1" 404 92 "-" "Mozilla/5.0 (compatible; MSIE 10.0; Windows NT 6.2; WOW64; Trident/6.0)"
71.43.173.162 - - [06/Jan/2016:17:52:12 +0000] "GET /manager/html HTTP/1.1" 404 92 "-" "Mozilla/5.0 (compatible; MSIE 10.0; Windows NT 6.2; WOW64; Trident/6.0)"
94.102.48.195 - - [07/Jan/2016:06:21:56 +0000] "GET / HTTP/1.0" 404 92 "-" "masscan/1.0 (https://github.com/robertdavidgraham/masscan)"
91.236.75.4 - - [07/Jan/2016:07:10:52 +0000] "GET http://www.google.com/reader/about/ HTTP/1.1" 404 92 "-" "Mozilla/4.0 (compatible; MSIE 6.0; Windows NT 5.1)"
122.226.95.52 - - [07/Jan/2016:11:32:14 +0000] "GET /manager/html HTTP/1.1" 404 92 "-" "Mozilla/5.0 (compatible; MSIE 10.0; Windows NT 6.2; WOW64; Trident/6.0)"
202.109.143.18 - - [07/Jan/2016:11:32:37 +0000] "GET /manager/html HTTP/1.1" 404 92 "-" "Mozilla/3.0 (compatible; Indy Library)"
222.186.21.195 - - [07/Jan/2016:15:47:39 +0000] "GET /manager/html HTTP/1.1" 404 92 "-" "Mozilla/5.0 (compatible; MSIE 10.0; Windows NT 6.2; WOW64; Trident/6.0)"
104.219.238.10 - - [07/Jan/2016:16:11:18 +0000] "GET / HTTP/1.0" 404 92 "-" "-"
52.90.147.148 - - [07/Jan/2016:16:30:24 +0000] "GET / HTTP/1.1" 404 92 "-" "-"
116.193.142.184 - - [07/Jan/2016:16:36:22 +0000] "POST /api/user/login HTTP/1.1" 200 519 "http://52.77.226.195/precisedelivery/" "Mozilla/5.0 (Windows NT 5.1; rv:43.0) Gecko/20100101 Firefox/43.0"
116.193.142.184 - - [07/Jan/2016:16:36:32 +0000] "GET /api/lab HTTP/1.1" 304 - "http://52.77.226.195/precisedelivery/" "Mozilla/5.0 (Windows NT 5.1; rv:43.0) Gecko/20100101 Firefox/43.0"
116.193.142.184 - - [07/Jan/2016:16:43:51 +0000] "GET /api/driver HTTP/1.1" 200 988 "http://52.77.226.195/precisedelivery/" "Mozilla/5.0 (Windows NT 5.1; rv:43.0) Gecko/20100101 Firefox/43.0"
116.193.142.184 - - [07/Jan/2016:16:44:12 +0000] "GET /api/driver HTTP/1.1" 304 - "http://52.77.226.195/precisedelivery/" "Mozilla/5.0 (Windows NT 5.1; rv:43.0) Gecko/20100101 Firefox/43.0"
116.193.142.184 - - [07/Jan/2016:16:44:38 +0000] "GET /api/driver HTTP/1.1" 304 - "http://52.77.226.195/precisedelivery/" "Mozilla/5.0 (Windows NT 5.1; rv:43.0) Gecko/20100101 Firefox/43.0"
116.193.142.184 - - [07/Jan/2016:16:45:32 +0000] "GET /api/driver HTTP/1.1" 304 - "http://52.77.226.195/precisedelivery/" "Mozilla/5.0 (Windows NT 5.1; rv:43.0) Gecko/20100101 Firefox/43.0"
116.193.142.184 - - [07/Jan/2016:16:45:36 +0000] "GET /api/category HTTP/1.1" 304 - "http://52.77.226.195/precisedelivery/" "Mozilla/5.0 (Windows NT 5.1; rv:43.0) Gecko/20100101 Firefox/43.0"
116.193.142.184 - - [07/Jan/2016:16:45:49 +0000] "POST /api/driver HTTP/1.1" 200 108 "http://52.77.226.195/precisedelivery/" "Mozilla/5.0 (Windows NT 5.1; rv:43.0) Gecko/20100101 Firefox/43.0"
116.193.142.184 - - [07/Jan/2016:16:45:51 +0000] "GET /api/driver HTTP/1.1" 200 1282 "http://52.77.226.195/precisedelivery/" "Mozilla/5.0 (Windows NT 5.1; rv:43.0) Gecko/20100101 Firefox/43.0"
116.193.142.184 - - [07/Jan/2016:16:45:54 +0000] "GET /api/category HTTP/1.1" 304 - "http://52.77.226.195/precisedelivery/" "Mozilla/5.0 (Windows NT 5.1; rv:43.0) Gecko/20100101 Firefox/43.0"
116.193.142.184 - - [07/Jan/2016:16:45:54 +0000] "GET /api/driver/568e963da8a30e027a73ad13 HTTP/1.1" 200 378 "http://52.77.226.195/precisedelivery/" "Mozilla/5.0 (Windows NT 5.1; rv:43.0) Gecko/20100101 Firefox/43.0"
116.193.142.184 - - [07/Jan/2016:16:46:09 +0000] "PUT /api/driver HTTP/1.1" 200 107 "http://52.77.226.195/precisedelivery/" "Mozilla/5.0 (Windows NT 5.1; rv:43.0) Gecko/20100101 Firefox/43.0"
116.193.142.184 - - [07/Jan/2016:16:46:11 +0000] "GET /api/driver HTTP/1.1" 200 988 "http://52.77.226.195/precisedelivery/" "Mozilla/5.0 (Windows NT 5.1; rv:43.0) Gecko/20100101 Firefox/43.0"
116.193.142.184 - - [07/Jan/2016:16:46:19 +0000] "GET /api/category HTTP/1.1" 304 - "http://52.77.226.195/precisedelivery/" "Mozilla/5.0 (Windows NT 5.1; rv:43.0) Gecko/20100101 Firefox/43.0"
116.193.142.184 - - [07/Jan/2016:16:46:28 +0000] "POST /api/driver HTTP/1.1" 200 108 "http://52.77.226.195/precisedelivery/" "Mozilla/5.0 (Windows NT 5.1; rv:43.0) Gecko/20100101 Firefox/43.0"
116.193.142.184 - - [07/Jan/2016:16:46:30 +0000] "GET /api/driver HTTP/1.1" 200 1282 "http://52.77.226.195/precisedelivery/" "Mozilla/5.0 (Windows NT 5.1; rv:43.0) Gecko/20100101 Firefox/43.0"
116.193.142.184 - - [07/Jan/2016:16:46:33 +0000] "GET /api/category HTTP/1.1" 304 - "http://52.77.226.195/precisedelivery/" "Mozilla/5.0 (Windows NT 5.1; rv:43.0) Gecko/20100101 Firefox/43.0"
116.193.142.184 - - [07/Jan/2016:16:46:33 +0000] "GET /api/driver/568e9664a8a30e027a73ad14 HTTP/1.1" 200 378 "http://52.77.226.195/precisedelivery/" "Mozilla/5.0 (Windows NT 5.1; rv:43.0) Gecko/20100101 Firefox/43.0"
116.193.142.184 - - [07/Jan/2016:16:47:06 +0000] "PUT /api/driver HTTP/1.1" 200 107 "http://52.77.226.195/precisedelivery/" "Mozilla/5.0 (Windows NT 5.1; rv:43.0) Gecko/20100101 Firefox/43.0"
116.193.142.184 - - [07/Jan/2016:16:47:09 +0000] "GET /api/driver HTTP/1.1" 200 988 "http://52.77.226.195/precisedelivery/" "Mozilla/5.0 (Windows NT 5.1; rv:43.0) Gecko/20100101 Firefox/43.0"
116.193.142.184 - - [07/Jan/2016:16:48:07 +0000] "GET /api/category HTTP/1.1" 304 - "http://52.77.226.195/precisedelivery/" "Mozilla/5.0 (Windows NT 5.1; rv:43.0) Gecko/20100101 Firefox/43.0"
116.193.142.184 - - [07/Jan/2016:16:48:19 +0000] "POST /api/driver HTTP/1.1" 200 108 "http://52.77.226.195/precisedelivery/" "Mozilla/5.0 (Windows NT 5.1; rv:43.0) Gecko/20100101 Firefox/43.0"
116.193.142.184 - - [07/Jan/2016:16:48:21 +0000] "GET /api/driver HTTP/1.1" 200 1282 "http://52.77.226.195/precisedelivery/" "Mozilla/5.0 (Windows NT 5.1; rv:43.0) Gecko/20100101 Firefox/43.0"
116.193.142.184 - - [07/Jan/2016:16:48:26 +0000] "GET /api/category HTTP/1.1" 304 - "http://52.77.226.195/precisedelivery/" "Mozilla/5.0 (Windows NT 5.1; rv:43.0) Gecko/20100101 Firefox/43.0"
116.193.142.184 - - [07/Jan/2016:16:48:26 +0000] "GET /api/driver/568e96d3a8a30e027a73ad15 HTTP/1.1" 200 378 "http://52.77.226.195/precisedelivery/" "Mozilla/5.0 (Windows NT 5.1; rv:43.0) Gecko/20100101 Firefox/43.0"
116.193.142.184 - - [07/Jan/2016:16:48:38 +0000] "PUT /api/driver HTTP/1.1" 200 107 "http://52.77.226.195/precisedelivery/" "Mozilla/5.0 (Windows NT 5.1; rv:43.0) Gecko/20100101 Firefox/43.0"
116.193.142.184 - - [07/Jan/2016:16:48:41 +0000] "GET /api/driver HTTP/1.1" 200 988 "http://52.77.226.195/precisedelivery/" "Mozilla/5.0 (Windows NT 5.1; rv:43.0) Gecko/20100101 Firefox/43.0"
116.193.142.184 - - [07/Jan/2016:16:51:26 +0000] "GET /api/category HTTP/1.1" 304 - "http://52.77.226.195/precisedelivery/" "Mozilla/5.0 (Windows NT 5.1; rv:43.0) Gecko/20100101 Firefox/43.0"
116.193.142.184 - - [07/Jan/2016:16:51:39 +0000] "POST /api/driver HTTP/1.1" 200 108 "http://52.77.226.195/precisedelivery/" "Mozilla/5.0 (Windows NT 5.1; rv:43.0) Gecko/20100101 Firefox/43.0"
116.193.142.184 - - [07/Jan/2016:16:51:42 +0000] "GET /api/driver HTTP/1.1" 200 1282 "http://52.77.226.195/precisedelivery/" "Mozilla/5.0 (Windows NT 5.1; rv:43.0) Gecko/20100101 Firefox/43.0"
116.193.142.184 - - [07/Jan/2016:16:51:45 +0000] "GET /api/driver/568e979b247c9d657ac056f2 HTTP/1.1" 200 378 "http://52.77.226.195/precisedelivery/" "Mozilla/5.0 (Windows NT 5.1; rv:43.0) Gecko/20100101 Firefox/43.0"
116.193.142.184 - - [07/Jan/2016:16:51:45 +0000] "GET /api/category HTTP/1.1" 304 - "http://52.77.226.195/precisedelivery/" "Mozilla/5.0 (Windows NT 5.1; rv:43.0) Gecko/20100101 Firefox/43.0"
116.193.142.184 - - [07/Jan/2016:16:51:54 +0000] "PUT /api/driver HTTP/1.1" 200 107 "http://52.77.226.195/precisedelivery/" "Mozilla/5.0 (Windows NT 5.1; rv:43.0) Gecko/20100101 Firefox/43.0"
116.193.142.184 - - [07/Jan/2016:16:51:57 +0000] "GET /api/driver HTTP/1.1" 200 1284 "http://52.77.226.195/precisedelivery/" "Mozilla/5.0 (Windows NT 5.1; rv:43.0) Gecko/20100101 Firefox/43.0"
116.193.142.184 - - [07/Jan/2016:16:52:01 +0000] "GET /api/driver/568e979b247c9d657ac056f2 HTTP/1.1" 200 380 "http://52.77.226.195/precisedelivery/" "Mozilla/5.0 (Windows NT 5.1; rv:43.0) Gecko/20100101 Firefox/43.0"
116.193.142.184 - - [07/Jan/2016:16:52:01 +0000] "GET /api/category HTTP/1.1" 304 - "http://52.77.226.195/precisedelivery/" "Mozilla/5.0 (Windows NT 5.1; rv:43.0) Gecko/20100101 Firefox/43.0"
118.79.8.148 - - [07/Jan/2016:18:24:55 +0000] "GET / HTTP/1.0" 404 92 "-" "-"
104.219.238.10 - - [07/Jan/2016:21:18:40 +0000] "GET / HTTP/1.0" 404 92 "-" "-"
162.216.46.121 - - [07/Jan/2016:22:39:23 +0000] "GET http://prxs.mktrn.net/check_content HTTP/1.1" 404 92 "-" "Mozilla/5.0 (compatible; pycurl)"
123.195.107.68 - - [07/Jan/2016:23:27:58 +0000] "GET / HTTP/1.0" 404 92 "-" "-"
162.216.46.122 - - [07/Jan/2016:23:29:17 +0000] "GET http://prxs.mktrn.net/check_content HTTP/1.1" 404 92 "-" "Mozilla/5.0 (compatible; pycurl)"
162.216.46.122 - - [07/Jan/2016:23:47:57 +0000] "GET http://prxs.mktrn.net/check_content HTTP/1.1" 404 92 "-" "Mozilla/5.0 (compatible; pycurl)"
162.216.46.122 - - [08/Jan/2016:00:29:33 +0000] "GET http://prxs.mktrn.net/check_content HTTP/1.1" 404 92 "-" "Mozilla/5.0 (compatible; pycurl)"
121.231.101.202 - - [08/Jan/2016:01:08:01 +0000] "GET / HTTP/1.0" 404 92 "-" "-"
42.56.122.71 - - [08/Jan/2016:01:14:21 +0000] "GET / HTTP/1.0" 404 92 "-" "-"
111.140.9.77 - - [08/Jan/2016:01:45:12 +0000] "GET /manager/html HTTP/1.1" 404 92 "-" "Mozilla/3.0 (compatible; Indy Library)"
62.113.223.94 - - [08/Jan/2016:02:38:15 +0000] "GET /invoker/JMXInvokerServlet HTTP/1.1" 404 92 "-" "python-requests/2.9.1"
61.216.2.14 - - [08/Jan/2016:02:49:14 +0000] "POST /404 HTTP/1.1" 404 92 "-" "apache"
180.97.106.36 - - [08/Jan/2016:04:55:24 +0000] "GET http://www.baidu.com/robots.txt HTTP/1.1" 404 92 "-" "-"
202.109.143.18 - - [08/Jan/2016:08:34:11 +0000] "GET /manager/html HTTP/1.1" 404 92 "-" "Mozilla/3.0 (compatible; Indy Library)"
203.72.116.13 - admin [08/Jan/2016:08:58:11 +0000] "GET /manager/html HTTP/1.1" 404 92 "-" "-"
86.167.217.93 - - [08/Jan/2016:10:04:12 +0000] "GET / HTTP/1.1" 404 92 "-" "curl/7.43.0"
202.109.143.18 - - [08/Jan/2016:11:38:29 +0000] "GET /manager/html HTTP/1.1" 404 92 "-" "Mozilla/3.0 (compatible; Indy Library)"
222.186.34.94 - - [08/Jan/2016:12:57:13 +0000] "GET /manager/html HTTP/1.1" 404 92 "-" "Mozilla/5.0 (compatible; MSIE 10.0; Windows NT 6.2; WOW64; Trident/6.0)"
62.113.223.94 - - [08/Jan/2016:20:13:35 +0000] "GET /invoker/JMXInvokerServlet HTTP/1.1" 404 92 "-" "python-requests/2.9.1"
222.186.21.195 - - [08/Jan/2016:20:42:50 +0000] "GET /manager/html HTTP/1.1" 404 92 "-" "Mozilla/5.0 (compatible; MSIE 10.0; Windows NT 6.2; WOW64; Trident/6.0)"
185.49.14.190 - - [09/Jan/2016:00:09:20 +0000] "GET http://testp3.pospr.waw.pl/testproxy.php HTTP/1.1" 404 92 "-" "Mozilla/5.0 (Windows NT 5.1; rv:32.0) Gecko/20100101 Firefox/31.0"
103.227.68.120 - - [09/Jan/2016:03:03:17 +0000] "GET / HTTP/1.1" 404 92 "-" "Mozilla/5.0 (Windows NT 6.3; WOW64) AppleWebKit/537.36 (KHTML, like Gecko) Chrome/47.0.2526.106 Safari/537.36"
103.227.68.120 - - [09/Jan/2016:03:03:18 +0000] "GET /favicon.ico HTTP/1.1" 404 92 "http://52.77.226.195:8080/" "Mozilla/5.0 (Windows NT 6.3; WOW64) AppleWebKit/537.36 (KHTML, like Gecko) Chrome/47.0.2526.106 Safari/537.36"
103.227.68.120 - - [09/Jan/2016:03:03:29 +0000] "GET / HTTP/1.1" 404 92 "-" "Mozilla/5.0 (Windows NT 6.3; WOW64) AppleWebKit/537.36 (KHTML, like Gecko) Chrome/47.0.2526.106 Safari/537.36"
103.227.68.120 - - [09/Jan/2016:03:03:31 +0000] "GET / HTTP/1.1" 404 92 "-" "Mozilla/5.0 (Windows NT 6.3; WOW64) AppleWebKit/537.36 (KHTML, like Gecko) Chrome/47.0.2526.106 Safari/537.36"
202.109.143.18 - - [09/Jan/2016:08:38:28 +0000] "GET /manager/html HTTP/1.1" 404 92 "-" "Mozilla/3.0 (compatible; Indy Library)"
202.109.143.18 - - [09/Jan/2016:10:01:31 +0000] "GET /manager/html HTTP/1.1" 404 92 "-" "Mozilla/3.0 (compatible; Indy Library)"
74.101.233.155 - - [09/Jan/2016:16:52:12 +0000] "GET /api/driver HTTP/1.1" 200 1284 "http://52.77.226.195/precisedelivery/" "Mozilla/5.0 (Macintosh; Intel Mac OS X 10_10_4) AppleWebKit/537.36 (KHTML, like Gecko) Chrome/47.0.2526.106 Safari/537.36"
74.101.233.155 - - [09/Jan/2016:16:52:22 +0000] "GET /api/category HTTP/1.1" 304 - "http://52.77.226.195/precisedelivery/" "Mozilla/5.0 (Macintosh; Intel Mac OS X 10_10_4) AppleWebKit/537.36 (KHTML, like Gecko) Chrome/47.0.2526.106 Safari/537.36"
74.101.233.155 - - [09/Jan/2016:16:52:30 +0000] "GET /api/category/56862dd3293a883c43baa86a HTTP/1.1" 200 211 "http://52.77.226.195/precisedelivery/" "Mozilla/5.0 (Macintosh; Intel Mac OS X 10_10_4) AppleWebKit/537.36 (KHTML, like Gecko) Chrome/47.0.2526.106 Safari/537.36"
74.101.233.155 - - [09/Jan/2016:16:52:45 +0000] "GET /api/category HTTP/1.1" 304 - "http://52.77.226.195/precisedelivery/" "Mozilla/5.0 (Macintosh; Intel Mac OS X 10_10_4) AppleWebKit/537.36 (KHTML, like Gecko) Chrome/47.0.2526.106 Safari/537.36"
74.101.233.155 - - [09/Jan/2016:16:54:26 +0000] "GET /api/lab HTTP/1.1" 304 - "http://52.77.226.195/precisedelivery/" "Mozilla/5.0 (Macintosh; Intel Mac OS X 10_10_4) AppleWebKit/537.36 (KHTML, like Gecko) Chrome/47.0.2526.106 Safari/537.36"
74.101.233.155 - - [09/Jan/2016:16:54:36 +0000] "GET /api/lab/56862d26293a883c43baa869 HTTP/1.1" 304 - "http://52.77.226.195/precisedelivery/" "Mozilla/5.0 (Macintosh; Intel Mac OS X 10_10_4) AppleWebKit/537.36 (KHTML, like Gecko) Chrome/47.0.2526.106 Safari/537.36"
74.101.233.155 - - [09/Jan/2016:16:54:36 +0000] "GET /api/doctor/getdoctorbylabid/56862d26293a883c43baa869 HTTP/1.1" 200 87 "http://52.77.226.195/precisedelivery/" "Mozilla/5.0 (Macintosh; Intel Mac OS X 10_10_4) AppleWebKit/537.36 (KHTML, like Gecko) Chrome/47.0.2526.106 Safari/537.36"
74.101.233.155 - - [09/Jan/2016:16:56:04 +0000] "PUT /api/lab HTTP/1.1" 200 194 "http://52.77.226.195/precisedelivery/" "Mozilla/5.0 (Macintosh; Intel Mac OS X 10_10_4) AppleWebKit/537.36 (KHTML, like Gecko) Chrome/47.0.2526.106 Safari/537.36"
74.101.233.155 - - [09/Jan/2016:16:56:12 +0000] "PUT /api/lab HTTP/1.1" 200 194 "http://52.77.226.195/precisedelivery/" "Mozilla/5.0 (Macintosh; Intel Mac OS X 10_10_4) AppleWebKit/537.36 (KHTML, like Gecko) Chrome/47.0.2526.106 Safari/537.36"
74.101.233.155 - - [09/Jan/2016:16:56:15 +0000] "PUT /api/lab HTTP/1.1" 200 194 "http://52.77.226.195/precisedelivery/" "Mozilla/5.0 (Macintosh; Intel Mac OS X 10_10_4) AppleWebKit/537.36 (KHTML, like Gecko) Chrome/47.0.2526.106 Safari/537.36"
74.101.233.155 - - [09/Jan/2016:16:56:20 +0000] "GET /api/lab HTTP/1.1" 200 673 "http://52.77.226.195/precisedelivery/" "Mozilla/5.0 (Macintosh; Intel Mac OS X 10_10_4) AppleWebKit/537.36 (KHTML, like Gecko) Chrome/47.0.2526.106 Safari/537.36"
74.101.233.155 - - [09/Jan/2016:16:58:35 +0000] "POST /api/lab HTTP/1.1" 200 194 "http://52.77.226.195/precisedelivery/" "Mozilla/5.0 (Macintosh; Intel Mac OS X 10_10_4) AppleWebKit/537.36 (KHTML, like Gecko) Chrome/47.0.2526.106 Safari/537.36"
74.101.233.155 - - [09/Jan/2016:16:58:51 +0000] "POST /api/lab HTTP/1.1" 200 194 "http://52.77.226.195/precisedelivery/" "Mozilla/5.0 (Macintosh; Intel Mac OS X 10_10_4) AppleWebKit/537.36 (KHTML, like Gecko) Chrome/47.0.2526.106 Safari/537.36"
74.101.233.155 - - [09/Jan/2016:16:58:57 +0000] "GET /api/lab HTTP/1.1" 200 673 "http://52.77.226.195/precisedelivery/" "Mozilla/5.0 (Macintosh; Intel Mac OS X 10_10_4) AppleWebKit/537.36 (KHTML, like Gecko) Chrome/47.0.2526.106 Safari/537.36"
74.101.233.155 - - [09/Jan/2016:17:00:07 +0000] "GET /api/category HTTP/1.1" 304 - "http://52.77.226.195/precisedelivery/" "Mozilla/5.0 (Macintosh; Intel Mac OS X 10_10_4) AppleWebKit/537.36 (KHTML, like Gecko) Chrome/47.0.2526.106 Safari/537.36"
74.101.233.155 - - [09/Jan/2016:17:00:07 +0000] "GET /api/lab HTTP/1.1" 304 - "http://52.77.226.195/precisedelivery/" "Mozilla/5.0 (Macintosh; Intel Mac OS X 10_10_4) AppleWebKit/537.36 (KHTML, like Gecko) Chrome/47.0.2526.106 Safari/537.36"
74.101.233.155 - - [09/Jan/2016:17:00:07 +0000] "GET /api/doctor HTTP/1.1" 304 - "http://52.77.226.195/precisedelivery/" "Mozilla/5.0 (Macintosh; Intel Mac OS X 10_10_4) AppleWebKit/537.36 (KHTML, like Gecko) Chrome/47.0.2526.106 Safari/537.36"
74.101.233.155 - - [09/Jan/2016:17:00:12 +0000] "GET /api/doctor/5688f60bf9403e085b23f031 HTTP/1.1" 200 776 "http://52.77.226.195/precisedelivery/" "Mozilla/5.0 (Macintosh; Intel Mac OS X 10_10_4) AppleWebKit/537.36 (KHTML, like Gecko) Chrome/47.0.2526.106 Safari/537.36"
74.101.233.155 - - [09/Jan/2016:17:00:27 +0000] "PUT /api/doctor HTTP/1.1" 200 145 "http://52.77.226.195/precisedelivery/" "Mozilla/5.0 (Macintosh; Intel Mac OS X 10_10_4) AppleWebKit/537.36 (KHTML, like Gecko) Chrome/47.0.2526.106 Safari/537.36"
74.101.233.155 - - [09/Jan/2016:17:00:37 +0000] "GET /api/driver HTTP/1.1" 304 - "http://52.77.226.195/precisedelivery/" "Mozilla/5.0 (Macintosh; Intel Mac OS X 10_10_4) AppleWebKit/537.36 (KHTML, like Gecko) Chrome/47.0.2526.106 Safari/537.36"
74.101.233.155 - - [09/Jan/2016:17:00:42 +0000] "GET /api/category HTTP/1.1" 304 - "http://52.77.226.195/precisedelivery/" "Mozilla/5.0 (Macintosh; Intel Mac OS X 10_10_4) AppleWebKit/537.36 (KHTML, like Gecko) Chrome/47.0.2526.106 Safari/537.36"
74.101.233.155 - - [09/Jan/2016:17:00:42 +0000] "GET /api/driver/568c0e63ecaca5656f414e36 HTTP/1.1" 200 532 "http://52.77.226.195/precisedelivery/" "Mozilla/5.0 (Macintosh; Intel Mac OS X 10_10_4) AppleWebKit/537.36 (KHTML, like Gecko) Chrome/47.0.2526.106 Safari/537.36"
74.101.233.155 - - [09/Jan/2016:17:01:29 +0000] "PUT /api/driver HTTP/1.1" 200 107 "http://52.77.226.195/precisedelivery/" "Mozilla/5.0 (Macintosh; Intel Mac OS X 10_10_4) AppleWebKit/537.36 (KHTML, like Gecko) Chrome/47.0.2526.106 Safari/537.36"
74.101.233.155 - - [09/Jan/2016:17:01:33 +0000] "GET /api/driver HTTP/1.1" 200 1158 "http://52.77.226.195/precisedelivery/" "Mozilla/5.0 (Macintosh; Intel Mac OS X 10_10_4) AppleWebKit/537.36 (KHTML, like Gecko) Chrome/47.0.2526.106 Safari/537.36"
74.101.233.155 - - [09/Jan/2016:17:01:42 +0000] "GET /api/category HTTP/1.1" 304 - "http://52.77.226.195/precisedelivery/" "Mozilla/5.0 (Macintosh; Intel Mac OS X 10_10_4) AppleWebKit/537.36 (KHTML, like Gecko) Chrome/47.0.2526.106 Safari/537.36"
74.101.233.155 - - [09/Jan/2016:17:01:45 +0000] "GET /api/category/56862dd3293a883c43baa86a HTTP/1.1" 304 - "http://52.77.226.195/precisedelivery/" "Mozilla/5.0 (Macintosh; Intel Mac OS X 10_10_4) AppleWebKit/537.36 (KHTML, like Gecko) Chrome/47.0.2526.106 Safari/537.36"
74.101.233.155 - - [09/Jan/2016:17:01:58 +0000] "PUT /api/category HTTP/1.1" 200 107 "http://52.77.226.195/precisedelivery/" "Mozilla/5.0 (Macintosh; Intel Mac OS X 10_10_4) AppleWebKit/537.36 (KHTML, like Gecko) Chrome/47.0.2526.106 Safari/537.36"
74.101.233.155 - - [09/Jan/2016:17:02:00 +0000] "GET /api/category HTTP/1.1" 200 351 "http://52.77.226.195/precisedelivery/" "Mozilla/5.0 (Macintosh; Intel Mac OS X 10_10_4) AppleWebKit/537.36 (KHTML, like Gecko) Chrome/47.0.2526.106 Safari/537.36"
74.101.233.155 - - [09/Jan/2016:17:02:08 +0000] "GET /api/category/56862e7e293a883c43baa86b HTTP/1.1" 200 213 "http://52.77.226.195/precisedelivery/" "Mozilla/5.0 (Macintosh; Intel Mac OS X 10_10_4) AppleWebKit/537.36 (KHTML, like Gecko) Chrome/47.0.2526.106 Safari/537.36"
74.101.233.155 - - [09/Jan/2016:17:02:21 +0000] "PUT /api/category HTTP/1.1" 200 107 "http://52.77.226.195/precisedelivery/" "Mozilla/5.0 (Macintosh; Intel Mac OS X 10_10_4) AppleWebKit/537.36 (KHTML, like Gecko) Chrome/47.0.2526.106 Safari/537.36"
74.101.233.155 - - [09/Jan/2016:17:02:24 +0000] "GET /api/category HTTP/1.1" 200 358 "http://52.77.226.195/precisedelivery/" "Mozilla/5.0 (Macintosh; Intel Mac OS X 10_10_4) AppleWebKit/537.36 (KHTML, like Gecko) Chrome/47.0.2526.106 Safari/537.36"
223.223.131.253 - - [09/Jan/2016:17:07:06 +0000] "POST /api/user/login HTTP/1.1" 200 519 "http://52.77.226.195/precisedelivery/" "Mozilla/5.0 (Windows NT 6.3; WOW64; rv:43.0) Gecko/20100101 Firefox/43.0"
115.187.41.36 - - [09/Jan/2016:17:20:56 +0000] "POST /api/user/login HTTP/1.1" 200 519 "http://52.77.226.195/precisedelivery/" "Mozilla/5.0 (Windows NT 5.1; rv:43.0) Gecko/20100101 Firefox/43.0"
223.223.131.253 - - [09/Jan/2016:17:21:08 +0000] "GET /api/category HTTP/1.1" 200 116 "http://52.77.226.195/precisedelivery/" "Mozilla/5.0 (Windows NT 6.3; WOW64; rv:43.0) Gecko/20100101 Firefox/43.0"
223.223.131.253 - - [09/Jan/2016:17:21:08 +0000] "GET /api/lab HTTP/1.1" 200 116 "http://52.77.226.195/precisedelivery/" "Mozilla/5.0 (Windows NT 6.3; WOW64; rv:43.0) Gecko/20100101 Firefox/43.0"
223.223.131.253 - - [09/Jan/2016:17:21:08 +0000] "GET /api/doctor HTTP/1.1" 200 116 "http://52.77.226.195/precisedelivery/" "Mozilla/5.0 (Windows NT 6.3; WOW64; rv:43.0) Gecko/20100101 Firefox/43.0"
115.187.41.36 - - [09/Jan/2016:17:21:13 +0000] "GET /api/lab HTTP/1.1" 304 - "http://52.77.226.195/precisedelivery/" "Mozilla/5.0 (Windows NT 5.1; rv:43.0) Gecko/20100101 Firefox/43.0"
115.187.41.36 - - [09/Jan/2016:17:21:56 +0000] "POST /api/lab HTTP/1.1" 200 108 "http://52.77.226.195/precisedelivery/" "Mozilla/5.0 (Windows NT 5.1; rv:43.0) Gecko/20100101 Firefox/43.0"
115.187.41.36 - - [09/Jan/2016:17:21:59 +0000] "GET /api/lab HTTP/1.1" 200 961 "http://52.77.226.195/precisedelivery/" "Mozilla/5.0 (Windows NT 5.1; rv:43.0) Gecko/20100101 Firefox/43.0"
115.187.41.36 - - [09/Jan/2016:17:22:06 +0000] "GET /api/doctor/getdoctorbylabid/569141b4247c9d657ac056f3 HTTP/1.1" 200 87 "http://52.77.226.195/precisedelivery/" "Mozilla/5.0 (Windows NT 5.1; rv:43.0) Gecko/20100101 Firefox/43.0"
115.187.41.36 - - [09/Jan/2016:17:22:06 +0000] "GET /api/lab/569141b4247c9d657ac056f3 HTTP/1.1" 200 372 "http://52.77.226.195/precisedelivery/" "Mozilla/5.0 (Windows NT 5.1; rv:43.0) Gecko/20100101 Firefox/43.0"
115.187.41.36 - - [09/Jan/2016:17:22:13 +0000] "PUT /api/lab HTTP/1.1" 200 107 "http://52.77.226.195/precisedelivery/" "Mozilla/5.0 (Windows NT 5.1; rv:43.0) Gecko/20100101 Firefox/43.0"
115.187.41.36 - - [09/Jan/2016:17:22:16 +0000] "GET /api/lab HTTP/1.1" 200 961 "http://52.77.226.195/precisedelivery/" "Mozilla/5.0 (Windows NT 5.1; rv:43.0) Gecko/20100101 Firefox/43.0"
115.187.41.36 - - [09/Jan/2016:17:22:18 +0000] "GET /api/lab/569141b4247c9d657ac056f3 HTTP/1.1" 200 372 "http://52.77.226.195/precisedelivery/" "Mozilla/5.0 (Windows NT 5.1; rv:43.0) Gecko/20100101 Firefox/43.0"
115.187.41.36 - - [09/Jan/2016:17:22:18 +0000] "GET /api/doctor/getdoctorbylabid/569141b4247c9d657ac056f3 HTTP/1.1" 304 - "http://52.77.226.195/precisedelivery/" "Mozilla/5.0 (Windows NT 5.1; rv:43.0) Gecko/20100101 Firefox/43.0"
115.187.41.36 - - [09/Jan/2016:17:23:29 +0000] "PUT /api/lab HTTP/1.1" 200 107 "http://52.77.226.195/precisedelivery/" "Mozilla/5.0 (Windows NT 5.1; rv:43.0) Gecko/20100101 Firefox/43.0"
115.187.41.36 - - [09/Jan/2016:17:23:32 +0000] "GET /api/lab HTTP/1.1" 200 962 "http://52.77.226.195/precisedelivery/" "Mozilla/5.0 (Windows NT 5.1; rv:43.0) Gecko/20100101 Firefox/43.0"
222.186.50.220 - - [09/Jan/2016:17:28:12 +0000] "GET /manager/html HTTP/1.1" 404 92 "-" "Mozilla/3.0 (compatible; Indy Library)"
222.186.50.220 - - [09/Jan/2016:17:28:15 +0000] "GET /manager/html HTTP/1.1" 404 92 "-" "Mozilla/3.0 (compatible; Indy Library)"
74.101.233.155 - - [09/Jan/2016:17:30:10 +0000] "GET /api/lab HTTP/1.1" 200 962 "http://52.77.226.195/precisedelivery/" "Mozilla/5.0 (Macintosh; Intel Mac OS X 10_10_4) AppleWebKit/537.36 (KHTML, like Gecko) Chrome/47.0.2526.106 Safari/537.36"
74.101.233.155 - - [09/Jan/2016:17:31:04 +0000] "GET /api/lab/56862d26293a883c43baa869 HTTP/1.1" 304 - "http://52.77.226.195/precisedelivery/" "Mozilla/5.0 (Macintosh; Intel Mac OS X 10_10_4) AppleWebKit/537.36 (KHTML, like Gecko) Chrome/47.0.2526.106 Safari/537.36"
74.101.233.155 - - [09/Jan/2016:17:31:05 +0000] "GET /api/doctor/getdoctorbylabid/56862d26293a883c43baa869 HTTP/1.1" 304 - "http://52.77.226.195/precisedelivery/" "Mozilla/5.0 (Macintosh; Intel Mac OS X 10_10_4) AppleWebKit/537.36 (KHTML, like Gecko) Chrome/47.0.2526.106 Safari/537.36"
115.187.41.36 - - [09/Jan/2016:17:31:09 +0000] "GET /api/lab/56862d26293a883c43baa869 HTTP/1.1" 304 - "http://52.77.226.195/precisedelivery/" "Mozilla/5.0 (Windows NT 5.1; rv:43.0) Gecko/20100101 Firefox/43.0"
115.187.41.36 - - [09/Jan/2016:17:31:09 +0000] "GET /api/doctor/getdoctorbylabid/56862d26293a883c43baa869 HTTP/1.1" 304 - "http://52.77.226.195/precisedelivery/" "Mozilla/5.0 (Windows NT 5.1; rv:43.0) Gecko/20100101 Firefox/43.0"
74.101.233.155 - - [09/Jan/2016:17:31:17 +0000] "PUT /api/lab HTTP/1.1" 200 107 "http://52.77.226.195/precisedelivery/" "Mozilla/5.0 (Macintosh; Intel Mac OS X 10_10_4) AppleWebKit/537.36 (KHTML, like Gecko) Chrome/47.0.2526.106 Safari/537.36"
115.187.41.36 - - [09/Jan/2016:17:31:20 +0000] "PUT /api/lab HTTP/1.1" 200 107 "http://52.77.226.195/precisedelivery/" "Mozilla/5.0 (Windows NT 5.1; rv:43.0) Gecko/20100101 Firefox/43.0"
74.101.233.155 - - [09/Jan/2016:17:31:21 +0000] "GET /api/lab HTTP/1.1" 200 968 "http://52.77.226.195/precisedelivery/" "Mozilla/5.0 (Macintosh; Intel Mac OS X 10_10_4) AppleWebKit/537.36 (KHTML, like Gecko) Chrome/47.0.2526.106 Safari/537.36"
115.187.41.36 - - [09/Jan/2016:17:31:24 +0000] "GET /api/lab HTTP/1.1" 200 968 "http://52.77.226.195/precisedelivery/" "Mozilla/5.0 (Windows NT 5.1; rv:43.0) Gecko/20100101 Firefox/43.0"
223.223.131.253 - - [09/Jan/2016:17:31:24 +0000] "GET /api/lab HTTP/1.1" 304 - "http://52.77.226.195/precisedelivery/" "Mozilla/5.0 (Windows NT 6.3; WOW64; rv:43.0) Gecko/20100101 Firefox/43.0"
115.187.41.36 - - [09/Jan/2016:17:31:29 +0000] "GET /api/doctor/getdoctorbylabid/56862d26293a883c43baa869 HTTP/1.1" 304 - "http://52.77.226.195/precisedelivery/" "Mozilla/5.0 (Windows NT 5.1; rv:43.0) Gecko/20100101 Firefox/43.0"
115.187.41.36 - - [09/Jan/2016:17:31:29 +0000] "GET /api/lab/56862d26293a883c43baa869 HTTP/1.1" 200 387 "http://52.77.226.195/precisedelivery/" "Mozilla/5.0 (Windows NT 5.1; rv:43.0) Gecko/20100101 Firefox/43.0"
115.187.41.36 - - [09/Jan/2016:17:31:39 +0000] "GET /api/lab HTTP/1.1" 304 - "http://52.77.226.195/precisedelivery/" "Mozilla/5.0 (Windows NT 5.1; rv:43.0) Gecko/20100101 Firefox/43.0"
223.223.131.253 - - [09/Jan/2016:17:32:13 +0000] "POST /api/lab HTTP/1.1" 200 116 "http://52.77.226.195/precisedelivery/" "Mozilla/5.0 (Windows NT 6.3; WOW64; rv:43.0) Gecko/20100101 Firefox/43.0"
115.187.41.36 - - [09/Jan/2016:17:34:39 +0000] "POST /api/lab HTTP/1.1" 200 108 "http://52.77.226.195/precisedelivery/" "Mozilla/5.0 (Windows NT 5.1; rv:43.0) Gecko/20100101 Firefox/43.0"
115.187.41.36 - - [09/Jan/2016:17:34:41 +0000] "GET /api/lab HTTP/1.1" 200 1280 "http://52.77.226.195/precisedelivery/" "Mozilla/5.0 (Windows NT 5.1; rv:43.0) Gecko/20100101 Firefox/43.0"
223.223.131.253 - - [09/Jan/2016:17:34:47 +0000] "GET /api/lab HTTP/1.1" 200 116 "http://52.77.226.195/precisedelivery/" "Mozilla/5.0 (Windows NT 6.3; WOW64; rv:43.0) Gecko/20100101 Firefox/43.0"
223.223.131.253 - - [09/Jan/2016:17:35:03 +0000] "POST /api/user/login HTTP/1.1" 200 519 "http://52.77.226.195/precisedelivery/" "Mozilla/5.0 (Windows NT 6.3; WOW64) AppleWebKit/537.36 (KHTML, like Gecko) Chrome/47.0.2526.106 Safari/537.36"
223.223.131.253 - - [09/Jan/2016:17:35:06 +0000] "GET /api/lab HTTP/1.1" 304 - "http://52.77.226.195/precisedelivery/" "Mozilla/5.0 (Windows NT 6.3; WOW64; rv:43.0) Gecko/20100101 Firefox/43.0"
223.223.131.253 - - [09/Jan/2016:17:35:58 +0000] "GET /api/lab HTTP/1.1" 200 1280 "http://52.77.226.195/precisedelivery/" "Mozilla/5.0 (Windows NT 6.3; WOW64) AppleWebKit/537.36 (KHTML, like Gecko) Chrome/47.0.2526.106 Safari/537.36"
223.223.131.253 - - [09/Jan/2016:17:36:25 +0000] "GET /api/lab HTTP/1.1" 304 - "http://52.77.226.195/precisedelivery/" "Mozilla/5.0 (Windows NT 6.3; WOW64) AppleWebKit/537.36 (KHTML, like Gecko) Chrome/47.0.2526.106 Safari/537.36"
74.101.233.155 - - [09/Jan/2016:17:38:06 +0000] "GET /api/lab HTTP/1.1" 200 105 "http://52.77.226.195/precisedelivery/" "Mozilla/5.0 (Macintosh; Intel Mac OS X 10.10; rv:43.0) Gecko/20100101 Firefox/43.0"
115.187.41.36 - - [09/Jan/2016:17:38:55 +0000] "GET /api/lab/569144af247c9d657ac056f4 HTTP/1.1" 200 116 "http://52.77.226.195/precisedelivery/" "Mozilla/5.0 (Windows NT 5.1; rv:43.0) Gecko/20100101 Firefox/43.0"
115.187.41.36 - - [09/Jan/2016:17:38:55 +0000] "GET /api/doctor/getdoctorbylabid/569144af247c9d657ac056f4 HTTP/1.1" 200 116 "http://52.77.226.195/precisedelivery/" "Mozilla/5.0 (Windows NT 5.1; rv:43.0) Gecko/20100101 Firefox/43.0"
223.223.131.253 - - [09/Jan/2016:17:39:01 +0000] "GET /api/lab/569141b4247c9d657ac056f3 HTTP/1.1" 200 373 "http://52.77.226.195/precisedelivery/" "Mozilla/5.0 (Windows NT 6.3; WOW64) AppleWebKit/537.36 (KHTML, like Gecko) Chrome/47.0.2526.106 Safari/537.36"
223.223.131.253 - - [09/Jan/2016:17:39:01 +0000] "GET /api/doctor/getdoctorbylabid/569141b4247c9d657ac056f3 HTTP/1.1" 200 87 "http://52.77.226.195/precisedelivery/" "Mozilla/5.0 (Windows NT 6.3; WOW64) AppleWebKit/537.36 (KHTML, like Gecko) Chrome/47.0.2526.106 Safari/537.36"
115.187.41.36 - - [09/Jan/2016:17:39:05 +0000] "GET /api/lab HTTP/1.1" 200 116 "http://52.77.226.195/precisedelivery/" "Mozilla/5.0 (Windows NT 5.1; rv:43.0) Gecko/20100101 Firefox/43.0"
223.223.131.253 - - [09/Jan/2016:17:39:06 +0000] "PUT /api/lab HTTP/1.1" 200 107 "http://52.77.226.195/precisedelivery/" "Mozilla/5.0 (Windows NT 6.3; WOW64) AppleWebKit/537.36 (KHTML, like Gecko) Chrome/47.0.2526.106 Safari/537.36"
223.223.131.253 - - [09/Jan/2016:17:39:07 +0000] "GET /api/lab HTTP/1.1" 200 1283 "http://52.77.226.195/precisedelivery/" "Mozilla/5.0 (Windows NT 6.3; WOW64) AppleWebKit/537.36 (KHTML, like Gecko) Chrome/47.0.2526.106 Safari/537.36"
115.187.41.36 - - [09/Jan/2016:17:39:42 +0000] "GET /api/lab HTTP/1.1" 304 - "http://52.77.226.195/precisedelivery/" "Mozilla/5.0 (Windows NT 5.1; rv:43.0) Gecko/20100101 Firefox/43.0"
74.101.233.155 - - [09/Jan/2016:17:39:49 +0000] "POST /api/user/login HTTP/1.1" 200 519 "http://52.77.226.195/precisedelivery/" "Mozilla/5.0 (Macintosh; Intel Mac OS X 10.10; rv:43.0) Gecko/20100101 Firefox/43.0"
74.101.233.155 - - [09/Jan/2016:17:39:55 +0000] "GET /api/lab HTTP/1.1" 200 1283 "http://52.77.226.195/precisedelivery/" "Mozilla/5.0 (Macintosh; Intel Mac OS X 10.10; rv:43.0) Gecko/20100101 Firefox/43.0"
74.101.233.155 - - [09/Jan/2016:17:39:58 +0000] "GET /api/doctor/getdoctorbylabid/569141b4247c9d657ac056f3 HTTP/1.1" 200 87 "http://52.77.226.195/precisedelivery/" "Mozilla/5.0 (Macintosh; Intel Mac OS X 10.10; rv:43.0) Gecko/20100101 Firefox/43.0"
74.101.233.155 - - [09/Jan/2016:17:39:58 +0000] "GET /api/lab/569141b4247c9d657ac056f3 HTTP/1.1" 200 376 "http://52.77.226.195/precisedelivery/" "Mozilla/5.0 (Macintosh; Intel Mac OS X 10.10; rv:43.0) Gecko/20100101 Firefox/43.0"
74.101.233.155 - - [09/Jan/2016:17:40:08 +0000] "PUT /api/lab HTTP/1.1" 200 107 "http://52.77.226.195/precisedelivery/" "Mozilla/5.0 (Macintosh; Intel Mac OS X 10.10; rv:43.0) Gecko/20100101 Firefox/43.0"
74.101.233.155 - - [09/Jan/2016:17:40:11 +0000] "GET /api/lab HTTP/1.1" 200 1289 "http://52.77.226.195/precisedelivery/" "Mozilla/5.0 (Macintosh; Intel Mac OS X 10.10; rv:43.0) Gecko/20100101 Firefox/43.0"
115.187.41.36 - - [09/Jan/2016:17:41:01 +0000] "POST /api/user/login HTTP/1.1" 200 519 "http://52.77.226.195/precisedelivery/" "Mozilla/5.0 (Windows NT 5.1; rv:43.0) Gecko/20100101 Firefox/43.0"
115.187.41.36 - - [09/Jan/2016:17:41:06 +0000] "GET /api/lab HTTP/1.1" 200 1289 "http://52.77.226.195/precisedelivery/" "Mozilla/5.0 (Windows NT 5.1; rv:43.0) Gecko/20100101 Firefox/43.0"
115.187.41.36 - - [09/Jan/2016:17:41:09 +0000] "GET /api/lab/569144af247c9d657ac056f4 HTTP/1.1" 200 396 "http://52.77.226.195/precisedelivery/" "Mozilla/5.0 (Windows NT 5.1; rv:43.0) Gecko/20100101 Firefox/43.0"
115.187.41.36 - - [09/Jan/2016:17:41:09 +0000] "GET /api/doctor/getdoctorbylabid/569144af247c9d657ac056f4 HTTP/1.1" 200 87 "http://52.77.226.195/precisedelivery/" "Mozilla/5.0 (Windows NT 5.1; rv:43.0) Gecko/20100101 Firefox/43.0"
74.101.233.155 - - [09/Jan/2016:17:41:38 +0000] "GET /api/lab HTTP/1.1" 200 1289 "http://52.77.226.195/precisedelivery/" "Mozilla/5.0 (Macintosh; Intel Mac OS X 10_10_4) AppleWebKit/537.36 (KHTML, like Gecko) Chrome/47.0.2526.106 Safari/537.36"
74.101.233.155 - - [09/Jan/2016:17:54:29 +0000] "GET /api/lab HTTP/1.1" 304 - "http://52.77.226.195/precisedelivery/" "Mozilla/5.0 (Macintosh; Intel Mac OS X 10_10_4) AppleWebKit/537.36 (KHTML, like Gecko) Chrome/47.0.2526.106 Safari/537.36"
74.101.233.155 - - [09/Jan/2016:18:00:01 +0000] "GET /api/doctor/getdoctorbylabid/569141b4247c9d657ac056f3 HTTP/1.1" 200 87 "http://52.77.226.195/precisedelivery/" "Mozilla/5.0 (Macintosh; Intel Mac OS X 10_10_4) AppleWebKit/537.36 (KHTML, like Gecko) Chrome/47.0.2526.106 Safari/537.36"
74.101.233.155 - - [09/Jan/2016:18:00:01 +0000] "GET /api/lab/569141b4247c9d657ac056f3 HTTP/1.1" 200 382 "http://52.77.226.195/precisedelivery/" "Mozilla/5.0 (Macintosh; Intel Mac OS X 10_10_4) AppleWebKit/537.36 (KHTML, like Gecko) Chrome/47.0.2526.106 Safari/537.36"
74.101.233.155 - - [09/Jan/2016:18:07:27 +0000] "GET /api/category HTTP/1.1" 200 116 "http://52.77.226.195/precisedelivery/" "Mozilla/5.0 (Macintosh; Intel Mac OS X 10.10; rv:43.0) Gecko/20100101 Firefox/43.0"
74.101.233.155 - - [09/Jan/2016:18:07:48 +0000] "GET /api/driver HTTP/1.1" 200 116 "http://52.77.226.195/precisedelivery/" "Mozilla/5.0 (Macintosh; Intel Mac OS X 10.10; rv:43.0) Gecko/20100101 Firefox/43.0"
74.101.233.155 - - [09/Jan/2016:18:07:57 +0000] "GET /api/doctor HTTP/1.1" 200 116 "http://52.77.226.195/precisedelivery/" "Mozilla/5.0 (Macintosh; Intel Mac OS X 10.10; rv:43.0) Gecko/20100101 Firefox/43.0"
74.101.233.155 - - [09/Jan/2016:18:07:57 +0000] "GET /api/category HTTP/1.1" 304 - "http://52.77.226.195/precisedelivery/" "Mozilla/5.0 (Macintosh; Intel Mac OS X 10.10; rv:43.0) Gecko/20100101 Firefox/43.0"
74.101.233.155 - - [09/Jan/2016:18:07:57 +0000] "GET /api/lab HTTP/1.1" 200 116 "http://52.77.226.195/precisedelivery/" "Mozilla/5.0 (Macintosh; Intel Mac OS X 10.10; rv:43.0) Gecko/20100101 Firefox/43.0"
74.101.233.155 - - [09/Jan/2016:18:11:27 +0000] "GET /api/lab HTTP/1.1" 304 - "http://52.77.226.195/precisedelivery/" "Mozilla/5.0 (Macintosh; Intel Mac OS X 10.10; rv:43.0) Gecko/20100101 Firefox/43.0"
91.236.75.4 - - [09/Jan/2016:18:19:24 +0000] "GET http://www.google.com/reader/about/ HTTP/1.1" 404 92 "-" "Mozilla/4.0 (compatible; MSIE 6.0; Windows NT 5.1)"
91.236.75.4 - - [09/Jan/2016:18:27:56 +0000] "GET http://www.google.com/reader/about/ HTTP/1.1" 404 92 "-" "Mozilla/4.0 (compatible; MSIE 6.0; Windows NT 5.1)"
223.223.131.253 - - [09/Jan/2016:19:05:42 +0000] "POST /api/user/login HTTP/1.1" 200 519 "http://52.77.226.195/precisedelivery/" "Mozilla/5.0 (Windows NT 6.3; WOW64) AppleWebKit/537.36 (KHTML, like Gecko) Chrome/47.0.2526.106 Safari/537.36"
223.223.131.253 - - [09/Jan/2016:19:05:49 +0000] "GET /api/category HTTP/1.1" 200 358 "http://52.77.226.195/precisedelivery/" "Mozilla/5.0 (Windows NT 6.3; WOW64) AppleWebKit/537.36 (KHTML, like Gecko) Chrome/47.0.2526.106 Safari/537.36"
223.223.131.253 - - [09/Jan/2016:19:05:49 +0000] "GET /api/lab HTTP/1.1" 200 1289 "http://52.77.226.195/precisedelivery/" "Mozilla/5.0 (Windows NT 6.3; WOW64) AppleWebKit/537.36 (KHTML, like Gecko) Chrome/47.0.2526.106 Safari/537.36"
223.223.131.253 - - [09/Jan/2016:19:05:49 +0000] "GET /api/doctor HTTP/1.1" 200 787 "http://52.77.226.195/precisedelivery/" "Mozilla/5.0 (Windows NT 6.3; WOW64) AppleWebKit/537.36 (KHTML, like Gecko) Chrome/47.0.2526.106 Safari/537.36"
223.223.131.253 - - [09/Jan/2016:19:06:10 +0000] "GET /api/lab HTTP/1.1" 304 - "http://52.77.226.195/precisedelivery/" "Mozilla/5.0 (Windows NT 6.3; WOW64) AppleWebKit/537.36 (KHTML, like Gecko) Chrome/47.0.2526.106 Safari/537.36"
223.223.131.253 - - [09/Jan/2016:19:11:10 +0000] "GET /api/lab HTTP/1.1" 304 - "http://52.77.226.195/precisedelivery/" "Mozilla/5.0 (Windows NT 6.3; WOW64) AppleWebKit/537.36 (KHTML, like Gecko) Chrome/47.0.2526.106 Safari/537.36"
223.223.131.253 - - [09/Jan/2016:19:11:34 +0000] "GET /api/lab HTTP/1.1" 304 - "http://52.77.226.195/precisedelivery/" "Mozilla/5.0 (Windows NT 6.3; WOW64) AppleWebKit/537.36 (KHTML, like Gecko) Chrome/47.0.2526.106 Safari/537.36"
223.223.131.253 - - [09/Jan/2016:19:11:43 +0000] "GET /api/category HTTP/1.1" 304 - "http://52.77.226.195/precisedelivery/" "Mozilla/5.0 (Windows NT 6.3; WOW64) AppleWebKit/537.36 (KHTML, like Gecko) Chrome/47.0.2526.106 Safari/537.36"
223.223.131.253 - - [09/Jan/2016:19:11:43 +0000] "GET /api/lab HTTP/1.1" 304 - "http://52.77.226.195/precisedelivery/" "Mozilla/5.0 (Windows NT 6.3; WOW64) AppleWebKit/537.36 (KHTML, like Gecko) Chrome/47.0.2526.106 Safari/537.36"
223.223.131.253 - - [09/Jan/2016:19:11:43 +0000] "GET /api/doctor HTTP/1.1" 304 - "http://52.77.226.195/precisedelivery/" "Mozilla/5.0 (Windows NT 6.3; WOW64) AppleWebKit/537.36 (KHTML, like Gecko) Chrome/47.0.2526.106 Safari/537.36"
223.223.131.253 - - [09/Jan/2016:19:26:39 +0000] "GET /api/category HTTP/1.1" 304 - "http://52.77.226.195/precisedelivery/" "Mozilla/5.0 (Windows NT 6.3; WOW64) AppleWebKit/537.36 (KHTML, like Gecko) Chrome/47.0.2526.106 Safari/537.36"
223.223.131.253 - - [09/Jan/2016:19:26:39 +0000] "GET /api/doctor HTTP/1.1" 304 - "http://52.77.226.195/precisedelivery/" "Mozilla/5.0 (Windows NT 6.3; WOW64) AppleWebKit/537.36 (KHTML, like Gecko) Chrome/47.0.2526.106 Safari/537.36"
223.223.131.253 - - [09/Jan/2016:19:26:39 +0000] "GET /api/lab HTTP/1.1" 304 - "http://52.77.226.195/precisedelivery/" "Mozilla/5.0 (Windows NT 6.3; WOW64) AppleWebKit/537.36 (KHTML, like Gecko) Chrome/47.0.2526.106 Safari/537.36"
223.223.131.253 - - [09/Jan/2016:19:28:52 +0000] "GET /api/category HTTP/1.1" 304 - "http://52.77.226.195/precisedelivery/" "Mozilla/5.0 (Windows NT 6.3; WOW64) AppleWebKit/537.36 (KHTML, like Gecko) Chrome/47.0.2526.106 Safari/537.36"
223.223.131.253 - - [09/Jan/2016:19:28:52 +0000] "GET /api/lab HTTP/1.1" 304 - "http://52.77.226.195/precisedelivery/" "Mozilla/5.0 (Windows NT 6.3; WOW64) AppleWebKit/537.36 (KHTML, like Gecko) Chrome/47.0.2526.106 Safari/537.36"
223.223.131.253 - - [09/Jan/2016:19:28:52 +0000] "GET /api/doctor HTTP/1.1" 304 - "http://52.77.226.195/precisedelivery/" "Mozilla/5.0 (Windows NT 6.3; WOW64) AppleWebKit/537.36 (KHTML, like Gecko) Chrome/47.0.2526.106 Safari/537.36"
223.223.131.253 - - [09/Jan/2016:19:32:08 +0000] "GET /api/category HTTP/1.1" 304 - "http://52.77.226.195/precisedelivery/" "Mozilla/5.0 (Windows NT 6.3; WOW64) AppleWebKit/537.36 (KHTML, like Gecko) Chrome/47.0.2526.106 Safari/537.36"
223.223.131.253 - - [09/Jan/2016:19:32:08 +0000] "GET /api/lab HTTP/1.1" 304 - "http://52.77.226.195/precisedelivery/" "Mozilla/5.0 (Windows NT 6.3; WOW64) AppleWebKit/537.36 (KHTML, like Gecko) Chrome/47.0.2526.106 Safari/537.36"
223.223.131.253 - - [09/Jan/2016:19:32:08 +0000] "GET /api/doctor HTTP/1.1" 304 - "http://52.77.226.195/precisedelivery/" "Mozilla/5.0 (Windows NT 6.3; WOW64) AppleWebKit/537.36 (KHTML, like Gecko) Chrome/47.0.2526.106 Safari/537.36"
223.223.131.253 - - [09/Jan/2016:19:32:39 +0000] "GET /api/category HTTP/1.1" 304 - "http://52.77.226.195/precisedelivery/" "Mozilla/5.0 (Windows NT 6.3; WOW64) AppleWebKit/537.36 (KHTML, like Gecko) Chrome/47.0.2526.106 Safari/537.36"
223.223.131.253 - - [09/Jan/2016:19:32:39 +0000] "GET /api/doctor HTTP/1.1" 304 - "http://52.77.226.195/precisedelivery/" "Mozilla/5.0 (Windows NT 6.3; WOW64) AppleWebKit/537.36 (KHTML, like Gecko) Chrome/47.0.2526.106 Safari/537.36"
223.223.131.253 - - [09/Jan/2016:19:32:39 +0000] "GET /api/lab HTTP/1.1" 304 - "http://52.77.226.195/precisedelivery/" "Mozilla/5.0 (Windows NT 6.3; WOW64) AppleWebKit/537.36 (KHTML, like Gecko) Chrome/47.0.2526.106 Safari/537.36"
223.223.131.253 - - [09/Jan/2016:19:33:13 +0000] "GET /api/category HTTP/1.1" 304 - "http://52.77.226.195/precisedelivery/" "Mozilla/5.0 (Windows NT 6.3; WOW64) AppleWebKit/537.36 (KHTML, like Gecko) Chrome/47.0.2526.106 Safari/537.36"
223.223.131.253 - - [09/Jan/2016:19:33:13 +0000] "GET /api/lab HTTP/1.1" 304 - "http://52.77.226.195/precisedelivery/" "Mozilla/5.0 (Windows NT 6.3; WOW64) AppleWebKit/537.36 (KHTML, like Gecko) Chrome/47.0.2526.106 Safari/537.36"
223.223.131.253 - - [09/Jan/2016:19:33:13 +0000] "GET /api/doctor HTTP/1.1" 304 - "http://52.77.226.195/precisedelivery/" "Mozilla/5.0 (Windows NT 6.3; WOW64) AppleWebKit/537.36 (KHTML, like Gecko) Chrome/47.0.2526.106 Safari/537.36"
223.223.131.253 - - [09/Jan/2016:19:33:40 +0000] "GET /api/lab HTTP/1.1" 304 - "http://52.77.226.195/precisedelivery/" "Mozilla/5.0 (Windows NT 6.3; WOW64) AppleWebKit/537.36 (KHTML, like Gecko) Chrome/47.0.2526.106 Safari/537.36"
223.223.131.253 - - [09/Jan/2016:19:33:40 +0000] "GET /api/category HTTP/1.1" 304 - "http://52.77.226.195/precisedelivery/" "Mozilla/5.0 (Windows NT 6.3; WOW64) AppleWebKit/537.36 (KHTML, like Gecko) Chrome/47.0.2526.106 Safari/537.36"
223.223.131.253 - - [09/Jan/2016:19:33:40 +0000] "GET /api/doctor HTTP/1.1" 304 - "http://52.77.226.195/precisedelivery/" "Mozilla/5.0 (Windows NT 6.3; WOW64) AppleWebKit/537.36 (KHTML, like Gecko) Chrome/47.0.2526.106 Safari/537.36"
